// Jest Snapshot v1, https://goo.gl/fbAQLP

exports[`Users fields should get all fields 1`] = `
Object {
  "ACTIVE": "Attivo",
  "DATE_REGISTER": "Registrato il",
  "EMAIL": "E-mail",
  "ID": "ID",
  "IS_ONLINE": "IS_ONLINE",
  "LAST_ACTIVITY_DATE": "LAST_ACTIVITY_DATE",
  "LAST_LOGIN": "Ultimo autorizzato",
  "LAST_NAME": "Cognome",
  "NAME": "Nome",
  "PERSONAL_BIRTHDAY": "Data di nascita",
  "PERSONAL_CITY": "City",
  "PERSONAL_COUNTRY": "Country",
  "PERSONAL_FAX": "Fax",
  "PERSONAL_GENDER": "Sex",
  "PERSONAL_ICQ": "ICQ",
  "PERSONAL_MAILBOX": "Mailbox",
  "PERSONAL_MOBILE": "Private cellular",
  "PERSONAL_NOTES": "Notes",
  "PERSONAL_PAGER": "Pager",
  "PERSONAL_PHONE": "Private phone",
  "PERSONAL_PHOTO": "Photo",
  "PERSONAL_PROFESSION": "Job title",
  "PERSONAL_STATE": "State",
  "PERSONAL_STREET": "Street",
  "PERSONAL_WWW": "Home page",
  "PERSONAL_ZIP": "Zip",
  "SECOND_NAME": "Secondo nome",
  "TIMESTAMP_X": "TIMESTAMP_X",
  "TIME_ZONE": "TIME_ZONE",
  "TIME_ZONE_OFFSET": "TIME_ZONE_OFFSET",
  "TITLE": "Utenti",
  "UF_DEPARTMENT": "Reparti",
  "UF_DISTRICT": "Zona",
  "UF_EMPLOYMENT_DATE": "Data di assunzione",
  "UF_FACEBOOK": "Facebook",
  "UF_INTERESTS": "Interessi",
  "UF_LINKEDIN": "LinkedIn",
  "UF_PHONE_INNER": "Numero di interno Bitrix",
  "UF_SKILLS": "Conoscenze",
  "UF_SKYPE": "Nome Skype",
  "UF_SKYPE_LINK": "Link chat di Skype",
  "UF_TIMEMAN": null,
  "UF_TWITTER": "Twitter",
  "UF_USR_1626764918795": "N. Interno",
  "UF_USR_1626765051426": "N. Interno",
  "UF_USR_1626765092949": "N. Interno",
  "UF_USR_1626765198054": "Telefono personale",
  "UF_USR_1626765278040": "N. Interno",
  "UF_USR_1632998948609": "Orari intervento Christian, 12.00-12.30 e dalle ore 15.00-15.30 di tutti i giorni. La richiesta di intervento in tali orari dovrà comunque essere annunciata con una mail, destinata a Christian, con in copia conoscenza me, Adrian e Michela.",
  "UF_USR_1633014462334": "Nuova data",
  "UF_USR_1634914521131": "Numero Interno Fisso",
  "UF_USR_1635235842518": "Prova campo",
  "UF_USR_1642774029039": "Orario disponibilità 12-13 / 17.30-18.30",
  "UF_USR_1655797769841": "Mansioni",
  "UF_USR_1679571540750": "Possibile incaricato a portare fuori la spazzatura",
  "UF_WEB_SITES": "Altri siti web",
  "UF_XING": "Xing",
  "UF_ZOOM": "Zoom",
  "USER_TYPE": "USER_TYPE",
  "WORK_CITY": "Company city",
  "WORK_COMPANY": "Company",
  "WORK_COUNTRY": "WORK_COUNTRY",
  "WORK_DEPARTMENT": "Dept.",
  "WORK_FAX": "WORK_FAX",
  "WORK_LOGO": "WORK_LOGO",
  "WORK_MAILBOX": "WORK_MAILBOX",
  "WORK_NOTES": "WORK_NOTES",
  "WORK_PAGER": "WORK_PAGER",
  "WORK_PHONE": "Company phone",
  "WORK_POSITION": "Position",
  "WORK_PROFILE": "WORK_PROFILE",
  "WORK_STATE": "WORK_STATE",
  "WORK_STREET": "WORK_STREET",
  "WORK_WWW": "Company site",
  "WORK_ZIP": "WORK_ZIP",
  "XML_ID": "External code",
}
`;

exports[`Users get should get all users 1`] = `
Array [
  Object {
    "ACTIVE": false,
    "DATE_REGISTER": "2019-08-16T01:00:00+02:00",
    "EMAIL": "p.tognotti@aksilia.com",
    "ID": "1",
    "IS_ONLINE": "N",
    "LAST_ACTIVITY_DATE": Object {},
    "LAST_LOGIN": "2021-08-17T17:21:46+02:00",
    "LAST_NAME": "Tognotti",
    "NAME": "Paolo",
    "PERSONAL_BIRTHDAY": "1966-07-10T01:00:00+02:00",
    "PERSONAL_CITY": "",
    "PERSONAL_COUNTRY": "0",
    "PERSONAL_FAX": "",
    "PERSONAL_GENDER": "M",
    "PERSONAL_ICQ": "",
    "PERSONAL_MAILBOX": "",
    "PERSONAL_MOBILE": "3498425135",
    "PERSONAL_NOTES": "",
    "PERSONAL_PAGER": "",
    "PERSONAL_PHONE": "",
    "PERSONAL_PHOTO": "https://bitrix.aksilia.com/upload/main/35b/Paolo Tognotti.jpg",
    "PERSONAL_PROFESSION": "",
    "PERSONAL_STATE": "",
    "PERSONAL_STREET": "",
    "PERSONAL_WWW": "",
    "PERSONAL_ZIP": "",
    "SECOND_NAME": "",
    "TIMESTAMP_X": Object {},
    "TIME_ZONE": "Europe/Rome",
    "TIME_ZONE_OFFSET": "7200",
    "TITLE": "",
    "UF_DEPARTMENT": Array [
      8,
    ],
    "UF_EMPLOYMENT_DATE": "",
    "UF_USR_1633014462334": "",
    "UF_USR_1655797769841": false,
    "USER_TYPE": "employee",
    "WORK_CITY": "",
    "WORK_COMPANY": "",
    "WORK_COUNTRY": "0",
    "WORK_DEPARTMENT": "",
    "WORK_FAX": "",
    "WORK_MAILBOX": "",
    "WORK_NOTES": "",
    "WORK_PAGER": "",
    "WORK_PHONE": "",
    "WORK_POSITION": "R&D Director",
    "WORK_PROFILE": "",
    "WORK_STATE": "",
    "WORK_STREET": "",
    "WORK_WWW": "",
    "WORK_ZIP": "",
    "XML_ID": "24723709",
  },
  Object {
    "ACTIVE": false,
    "DATE_REGISTER": "2019-08-20T01:00:00+02:00",
    "EMAIL": "m.mazzei@aksilia.com",
    "ID": "2",
    "IS_ONLINE": "N",
    "LAST_ACTIVITY_DATE": Object {},
    "LAST_LOGIN": "2021-05-28T09:08:45+02:00",
    "LAST_NAME": "Mazzei",
    "NAME": "Matteo",
    "PERSONAL_BIRTHDAY": "1973-07-12T01:00:00+02:00",
    "PERSONAL_CITY": "",
    "PERSONAL_GENDER": "M",
    "PERSONAL_MOBILE": "00393492538557",
    "PERSONAL_PHONE": "",
    "PERSONAL_PHOTO": "https://bitrix.aksilia.com/upload/main/aa1/aa1514e35df27d2675b9cb7cede8fdd9/Matteo Mazzei_FotoSketcher.jpg",
    "PERSONAL_WWW": "http://www.aksilia.it",
    "SECOND_NAME": "",
    "TIMESTAMP_X": Object {},
    "TIME_ZONE": "Europe/Rome",
    "TIME_ZONE_OFFSET": "7200",
    "UF_DEPARTMENT": Array [
      5,
    ],
    "UF_EMPLOYMENT_DATE": "",
    "UF_USR_1633014462334": "",
    "UF_USR_1655797769841": false,
    "USER_TYPE": "employee",
    "WORK_PHONE": "",
    "WORK_POSITION": "V-CISO",
    "XML_ID": "24726385",
  },
  Object {
    "ACTIVE": false,
    "DATE_REGISTER": "2019-08-20T01:00:00+02:00",
    "EMAIL": "c.bacci@aksilia.com",
    "ID": "4",
    "IS_ONLINE": "N",
    "LAST_ACTIVITY_DATE": Object {},
    "LAST_LOGIN": "2019-09-20T21:35:19+02:00",
    "LAST_NAME": "Bacci",
    "NAME": "Claudia",
    "PERSONAL_BIRTHDAY": "1976-04-29T01:00:00+01:00",
    "PERSONAL_CITY": "Lucca",
    "PERSONAL_GENDER": "F",
    "PERSONAL_MOBILE": "+393518558030",
    "PERSONAL_PHOTO": "https://bitrix.aksilia.com/upload/main/989/wg3ns0clzr3gb21s53ocgtq272hrk9o9/IMG-20190821-WA0000.jpg.png",
    "PERSONAL_WWW": "",
    "SECOND_NAME": "",
    "TIMESTAMP_X": Object {},
    "TIME_ZONE": "",
    "TIME_ZONE_OFFSET": "-3600",
    "UF_DEPARTMENT": Array [
      8,
    ],
    "UF_EMPLOYMENT_DATE": "",
    "UF_USR_1633014462334": "",
    "UF_USR_1655797769841": false,
    "USER_TYPE": "employee",
    "WORK_PHONE": "",
    "WORK_POSITION": "",
    "XML_ID": "24726397",
  },
  Object {
    "ACTIVE": false,
    "DATE_REGISTER": "2019-08-20T01:00:00+02:00",
    "EMAIL": "a.pallotta@aksilia.com",
    "ID": "6",
    "IS_ONLINE": "N",
    "LAST_ACTIVITY_DATE": Object {},
    "LAST_LOGIN": "2020-06-05T12:15:58+02:00",
    "LAST_NAME": "Pallotta",
    "NAME": "Andrea",
    "PERSONAL_BIRTHDAY": "",
    "PERSONAL_CITY": "",
    "PERSONAL_GENDER": "M",
    "PERSONAL_MOBILE": "",
    "PERSONAL_PHOTO": "https://bitrix.aksilia.com/upload/main/ae9/ae9cfdecf50dbb1f6ebf60d8ed0be88f/Andrea Pallotta.fw.png",
    "PERSONAL_WWW": "",
    "SECOND_NAME": "",
    "TIMESTAMP_X": Object {},
    "TIME_ZONE": "Europe/Rome",
    "TIME_ZONE_OFFSET": "-3600",
    "UF_DEPARTMENT": Array [
      8,
    ],
    "UF_EMPLOYMENT_DATE": "",
    "UF_USR_1633014462334": "",
    "UF_USR_1655797769841": false,
    "USER_TYPE": "employee",
    "WORK_PHONE": "",
    "WORK_POSITION": "",
    "XML_ID": "24726405",
  },
  Object {
    "ACTIVE": false,
    "DATE_REGISTER": "2019-08-23T01:00:00+02:00",
    "EMAIL": "eleni@aksilia.com",
    "ID": "12",
    "IS_ONLINE": "N",
    "LAST_ACTIVITY_DATE": Object {},
    "LAST_LOGIN": "2019-10-23T12:10:54+02:00",
    "LAST_NAME": "chioutakou",
    "NAME": "eleni ",
    "PERSONAL_BIRTHDAY": "",
    "PERSONAL_GENDER": "",
    "TIMESTAMP_X": Object {},
    "TIME_ZONE_OFFSET": "-3600",
    "UF_DEPARTMENT": Array [
      1,
    ],
    "UF_EMPLOYMENT_DATE": "",
    "UF_USR_1633014462334": "",
    "UF_USR_1655797769841": false,
    "USER_TYPE": "employee",
    "XML_ID": "24775621",
  },
  Object {
    "ACTIVE": true,
    "DATE_REGISTER": "2019-08-23T01:00:00+02:00",
    "EMAIL": "c.battaglia@aksilia.com",
    "ID": "14",
    "IS_ONLINE": "Y",
    "LAST_ACTIVITY_DATE": Object {},
    "LAST_LOGIN": "2023-11-15T10:06:02+01:00",
    "LAST_NAME": "Battaglia",
    "NAME": "Chiara",
    "PERSONAL_BIRTHDAY": "1980-10-19T01:00:00+01:00",
    "PERSONAL_CITY": "",
    "PERSONAL_COUNTRY": "0",
    "PERSONAL_FAX": "",
    "PERSONAL_GENDER": "",
    "PERSONAL_ICQ": "",
    "PERSONAL_MAILBOX": "",
    "PERSONAL_MOBILE": "",
    "PERSONAL_NOTES": "",
    "PERSONAL_PAGER": "",
    "PERSONAL_PHONE": "3478267770",
    "PERSONAL_PHOTO": "https://bitrix.aksilia.com/upload/main/0cb/0cbbf3c52a4a0b86900635461eb1a057/Chiara Battaglia.jpg",
    "PERSONAL_PROFESSION": "",
    "PERSONAL_STATE": "",
    "PERSONAL_STREET": "",
    "PERSONAL_WWW": "",
    "PERSONAL_ZIP": "",
    "SECOND_NAME": "",
    "TIMESTAMP_X": Object {},
    "TIME_ZONE": "Europe/Rome",
    "TIME_ZONE_OFFSET": "0",
    "TITLE": "",
    "UF_DEPARTMENT": Array [
      5,
    ],
    "UF_EMPLOYMENT_DATE": "",
    "UF_PHONE_INNER": "12",
    "UF_USR_1626764918795": "111",
    "UF_USR_1626765278040": "111",
    "UF_USR_1633014462334": "",
    "UF_USR_1655797769841": Array [
      "Responsabile Area Servizi Professionali di Consulenza e Formazione in ambito ISO (9001, 27001, ecc.) GDPR, Sicurezza informatica, Sicurezza nei luoghi di lavoro, Rifiuti.",
      "Responsabile Assistenza sistemistica interna e verso clienti.",
    ],
    "UF_USR_1679571540750": "1",
    "USER_TYPE": "employee",
    "WORK_CITY": "",
    "WORK_COMPANY": "",
    "WORK_COUNTRY": "0",
    "WORK_DEPARTMENT": "",
    "WORK_FAX": "",
    "WORK_MAILBOX": "",
    "WORK_NOTES": "",
    "WORK_PAGER": "",
    "WORK_PHONE": "",
    "WORK_POSITION": "",
    "WORK_PROFILE": "",
    "WORK_STATE": "",
    "WORK_STREET": "",
    "WORK_WWW": "",
    "WORK_ZIP": "",
    "XML_ID": "24775649",
  },
  Object {
    "ACTIVE": true,
    "DATE_REGISTER": "2019-08-23T01:00:00+02:00",
    "EMAIL": "m.turri@aksiliagroup.com",
    "ID": "16",
    "IS_ONLINE": "Y",
    "LAST_ACTIVITY_DATE": Object {},
    "LAST_LOGIN": "2023-11-15T12:22:19+01:00",
    "LAST_NAME": "Turri",
    "NAME": "Michela",
    "PERSONAL_BIRTHDAY": "",
    "PERSONAL_CITY": "",
    "PERSONAL_COUNTRY": "0",
    "PERSONAL_FAX": "",
    "PERSONAL_GENDER": "",
    "PERSONAL_ICQ": "",
    "PERSONAL_MAILBOX": "",
    "PERSONAL_MOBILE": "3473674033",
    "PERSONAL_NOTES": "",
    "PERSONAL_PAGER": "",
    "PERSONAL_PHONE": "",
    "PERSONAL_PHOTO": "https://bitrix.aksilia.com/upload/main/961/Michela Turri2.jpg",
    "PERSONAL_PROFESSION": "",
    "PERSONAL_STATE": "",
    "PERSONAL_STREET": "",
    "PERSONAL_WWW": "",
    "PERSONAL_ZIP": "",
    "SECOND_NAME": "",
    "TIMESTAMP_X": Object {},
    "TIME_ZONE": "Europe/Rome",
    "TIME_ZONE_OFFSET": "0",
    "TITLE": "",
    "UF_DEPARTMENT": Array [
      1,
      68,
    ],
    "UF_EMPLOYMENT_DATE": "",
    "UF_PHONE_INNER": "13",
    "UF_USR_1633014462334": "",
    "UF_USR_1655797769841": false,
    "UF_USR_1679571540750": "0",
    "USER_TYPE": "employee",
    "WORK_CITY": "",
    "WORK_COMPANY": "",
    "WORK_COUNTRY": "0",
    "WORK_DEPARTMENT": "",
    "WORK_FAX": "",
    "WORK_MAILBOX": "",
    "WORK_NOTES": "",
    "WORK_PAGER": "",
    "WORK_PHONE": "+390583406185",
    "WORK_POSITION": "Managing Director",
    "WORK_PROFILE": "",
    "WORK_STATE": "",
    "WORK_STREET": "",
    "WORK_WWW": "",
    "WORK_ZIP": "",
    "XML_ID": "24775651",
  },
  Object {
    "ACTIVE": true,
    "DATE_REGISTER": "2019-08-23T01:00:00+02:00",
    "EMAIL": "f.cuccu@aksiliagroup.com",
    "ID": "18",
    "IS_ONLINE": "Y",
    "LAST_ACTIVITY_DATE": Object {},
    "LAST_LOGIN": "2023-11-15T12:32:17+01:00",
    "LAST_NAME": "Cuccu",
    "NAME": "Francesca",
    "PERSONAL_BIRTHDAY": "1978-07-08T01:00:00+02:00",
    "PERSONAL_CITY": "",
    "PERSONAL_COUNTRY": "0",
    "PERSONAL_FAX": "",
    "PERSONAL_GENDER": "",
    "PERSONAL_ICQ": "",
    "PERSONAL_MAILBOX": "",
    "PERSONAL_MOBILE": "",
    "PERSONAL_NOTES": "",
    "PERSONAL_PAGER": "",
    "PERSONAL_PHONE": "3478782107",
    "PERSONAL_PHOTO": "https://bitrix.aksilia.com/upload/main/e8a/e8a3416879532b74484c4bc8ec2472a9/Francesca Cuccu_in_piedi.png",
    "PERSONAL_PROFESSION": "",
    "PERSONAL_STATE": "",
    "PERSONAL_STREET": "",
    "PERSONAL_WWW": "",
    "PERSONAL_ZIP": "",
    "SECOND_NAME": "",
    "TIMESTAMP_X": Object {},
    "TIME_ZONE": "Europe/Rome",
    "TIME_ZONE_OFFSET": "0",
    "TITLE": "",
    "UF_DEPARTMENT": Array [
      117,
    ],
    "UF_EMPLOYMENT_DATE": "",
    "UF_PHONE_INNER": "10",
    "UF_USR_1633014462334": "",
    "UF_USR_1642774029039": "12.00-13.00; 17.30-18.30",
    "UF_USR_1655797769841": Array [
      "Responsabile coordinatore area tecnica Finanza agevolata, studio progettazione strumenti per misure in generale e coinvolgimento operativo per le misure più complesse. Coordinatore attività studio commerciale Turri. Affiancamento pratiche GDPR. Referente solo commerciale per clienti sicurezza nei luoghi di lavoro. ",
    ],
    "UF_USR_1679571540750": "1",
    "USER_TYPE": "employee",
    "WORK_CITY": "",
    "WORK_COMPANY": "",
    "WORK_COUNTRY": "0",
    "WORK_DEPARTMENT": "",
    "WORK_FAX": "",
    "WORK_MAILBOX": "",
    "WORK_NOTES": "",
    "WORK_PAGER": "",
    "WORK_PHONE": "",
    "WORK_POSITION": "Project Manager Coordinator",
    "WORK_PROFILE": "",
    "WORK_STATE": "",
    "WORK_STREET": "",
    "WORK_WWW": "",
    "WORK_ZIP": "",
    "XML_ID": "24775653",
  },
  Object {
    "ACTIVE": false,
    "DATE_REGISTER": "2019-08-23T01:00:00+02:00",
    "EMAIL": "v.barsotti@aksilia.com",
    "ID": "22",
    "IS_ONLINE": "N",
    "LAST_ACTIVITY_DATE": Object {},
    "LAST_LOGIN": "2020-04-22T12:37:56+02:00",
    "LAST_NAME": "Barsotti",
    "NAME": "Veronica",
    "PERSONAL_BIRTHDAY": "",
    "PERSONAL_GENDER": "",
    "PERSONAL_PHOTO": "https://bitrix.aksilia.com/upload/main/4c9/4c9f295cecab2962e4ab4e5a55b0ec27/VB.jpg",
    "TIMESTAMP_X": Object {},
    "TIME_ZONE_OFFSET": "-3600",
    "UF_DEPARTMENT": Array [
      1,
    ],
    "UF_EMPLOYMENT_DATE": "",
    "UF_USR_1633014462334": "",
    "UF_USR_1655797769841": false,
    "USER_TYPE": "employee",
    "XML_ID": "24775657",
  },
  Object {
    "ACTIVE": false,
    "DATE_REGISTER": "2019-08-23T01:00:00+02:00",
    "EMAIL": "c.tomei@aksilia.com",
    "ID": "24",
    "IS_ONLINE": "N",
    "LAST_ACTIVITY_DATE": Object {},
    "LAST_LOGIN": "2019-08-26T17:15:27+02:00",
    "LAST_NAME": "tomei",
    "NAME": "chiara",
    "PERSONAL_BIRTHDAY": "",
    "PERSONAL_GENDER": "",
    "TIMESTAMP_X": Object {},
    "TIME_ZONE_OFFSET": "-3600",
    "UF_DEPARTMENT": Array [
      5,
    ],
    "UF_EMPLOYMENT_DATE": "",
    "UF_USR_1633014462334": "",
    "UF_USR_1655797769841": false,
    "USER_TYPE": "employee",
    "XML_ID": "24775659",
  },
  Object {
    "ACTIVE": false,
    "DATE_REGISTER": "2019-08-30T01:00:00+02:00",
    "EMAIL": "n.maselli@aksilia.com",
    "ID": "28",
    "IS_ONLINE": "N",
    "LAST_ACTIVITY_DATE": Object {},
    "LAST_LOGIN": "2020-07-31T17:27:11+02:00",
    "LAST_NAME": "Maselli",
    "NAME": "Nadia",
    "PERSONAL_BIRTHDAY": "1986-07-05T01:00:00+02:00",
    "PERSONAL_CITY": "",
    "PERSONAL_GENDER": "F",
    "PERSONAL_MOBILE": "3384056374",
    "PERSONAL_PHOTO": "https://bitrix.aksilia.com/upload/main/546/5466bd0de915dac9a157d59c385052a1/avatar.png",
    "PERSONAL_WWW": "",
    "SECOND_NAME": "",
    "TIMESTAMP_X": Object {},
    "TIME_ZONE": "Europe/Rome",
    "TIME_ZONE_OFFSET": "-3600",
    "UF_DEPARTMENT": Array [
      68,
    ],
    "UF_EMPLOYMENT_DATE": "",
    "UF_USR_1633014462334": "",
    "UF_USR_1655797769841": false,
    "USER_TYPE": "employee",
    "WORK_PHONE": "3518233369",
    "WORK_POSITION": "Finance & Control Director",
    "XML_ID": "24865225",
  },
  Object {
    "ACTIVE": true,
    "DATE_REGISTER": "2019-09-09T01:00:00+02:00",
    "EMAIL": "a.coleasa@aksilia.com",
    "ID": "32",
    "IS_ONLINE": "Y",
    "LAST_ACTIVITY_DATE": Object {},
    "LAST_LOGIN": "2023-11-15T12:42:40+01:00",
    "LAST_NAME": "Coleasa",
    "NAME": "Adrian",
    "PERSONAL_BIRTHDAY": "1984-10-14T01:00:00+01:00",
    "PERSONAL_CITY": "",
    "PERSONAL_GENDER": "",
    "PERSONAL_MOBILE": "",
    "PERSONAL_PHONE": "3518887652",
    "PERSONAL_PHOTO": "https://bitrix.aksilia.com/upload/main/2ee/vg4asvy8qjn4utlvcu4gby5c04g2sy85/Conte Coleasa.png",
    "PERSONAL_WWW": "",
    "SECOND_NAME": "",
    "TIMESTAMP_X": Object {},
    "TIME_ZONE": "Europe/Rome",
    "TIME_ZONE_OFFSET": "0",
    "UF_DEPARTMENT": Array [
      5,
    ],
    "UF_EMPLOYMENT_DATE": "",
    "UF_PHONE_INNER": "14",
    "UF_USR_1626765051426": "107",
    "UF_USR_1633014462334": "",
    "UF_USR_1655797769841": Array [
      "IT System Administrator",
      "Cloud Infrastrutture Administrator",
      "ISO27001 and GDPR IT Consultant ",
    ],
    "UF_USR_1679571540750": "1",
    "USER_TYPE": "employee",
    "WORK_PHONE": "",
    "WORK_POSITION": "Conte Vladrian Coleasa",
    "XML_ID": "25031923",
  },
  Object {
    "ACTIVE": false,
    "DATE_REGISTER": "2019-09-09T01:00:00+02:00",
    "EMAIL": "s.panaroni@aksilia.com",
    "ID": "34",
    "IS_ONLINE": "N",
    "LAST_ACTIVITY_DATE": Object {},
    "LAST_LOGIN": "2021-07-15T06:56:47+02:00",
    "LAST_NAME": "Panaroni",
    "NAME": "Sara",
    "PERSONAL_BIRTHDAY": "",
    "PERSONAL_CITY": "",
    "PERSONAL_GENDER": "",
    "PERSONAL_MOBILE": "",
    "PERSONAL_PHOTO": "https://bitrix.aksilia.com/upload/main/a85/a85ed94e446dab87d872214741352a3f/Sara Panaroni.jpg",
    "PERSONAL_WWW": "",
    "SECOND_NAME": "",
    "TIMESTAMP_X": Object {},
    "TIME_ZONE": "Europe/Rome",
    "TIME_ZONE_OFFSET": "7200",
    "UF_DEPARTMENT": Array [
      68,
    ],
    "UF_EMPLOYMENT_DATE": "",
    "UF_USR_1633014462334": "",
    "UF_USR_1655797769841": false,
    "USER_TYPE": "employee",
    "WORK_PHONE": "",
    "WORK_POSITION": "",
    "XML_ID": "25031961",
  },
  Object {
    "ACTIVE": false,
    "DATE_REGISTER": "2019-09-09T01:00:00+02:00",
    "EMAIL": "g.menchini@aksilia.com",
    "ID": "36",
    "IS_ONLINE": "N",
    "LAST_ACTIVITY_DATE": Object {},
    "LAST_LOGIN": "2021-12-17T12:06:13+01:00",
    "LAST_NAME": "Menchini",
    "NAME": "Giuliana",
    "PERSONAL_BIRTHDAY": "1970-03-08T01:00:00+01:00",
    "PERSONAL_CITY": "LUCCA",
    "PERSONAL_GENDER": "",
    "PERSONAL_MOBILE": "",
    "PERSONAL_PHONE": "3518710100",
    "PERSONAL_PHOTO": "https://bitrix.aksilia.com/upload/main/952/9525b08ef06e8aeb6b9e6616bb351411/IMG_0359.JPG",
    "PERSONAL_WWW": "",
    "SECOND_NAME": "",
    "TIMESTAMP_X": Object {},
    "TIME_ZONE": "Europe/Rome",
    "TIME_ZONE_OFFSET": "3600",
    "UF_DEPARTMENT": Array [
      68,
    ],
    "UF_EMPLOYMENT_DATE": "",
    "UF_PHONE_INNER": "105",
    "UF_USR_1633014462334": "",
    "UF_USR_1655797769841": false,
    "USER_TYPE": "employee",
    "WORK_PHONE": "",
    "WORK_POSITION": "",
    "XML_ID": "25031995",
  },
  Object {
    "ACTIVE": false,
    "DATE_REGISTER": "2019-09-16T01:00:00+02:00",
    "EMAIL": "n.tartaglia@aksilia.com",
    "ID": "38",
    "IS_ONLINE": "N",
    "LAST_ACTIVITY_DATE": Object {},
    "LAST_LOGIN": "2019-12-06T12:16:07+01:00",
    "LAST_NAME": "Tartaglia",
    "NAME": "Niccolò",
    "PERSONAL_BIRTHDAY": "1983-01-09T01:00:00+01:00",
    "PERSONAL_CITY": "Camaiore",
    "PERSONAL_GENDER": "M",
    "PERSONAL_MOBILE": "",
    "PERSONAL_PHOTO": "https://bitrix.aksilia.com/upload/main/db5/db519e9a8d47cf4c2212f44a7a4d48c9/IMG_20180912_081540.jpg",
    "PERSONAL_WWW": "",
    "SECOND_NAME": "",
    "TIMESTAMP_X": Object {},
    "TIME_ZONE": "",
    "TIME_ZONE_OFFSET": "-7200",
    "UF_DEPARTMENT": Array [
      1,
    ],
    "UF_EMPLOYMENT_DATE": "",
    "UF_USR_1633014462334": "",
    "UF_USR_1655797769841": false,
    "USER_TYPE": "employee",
    "WORK_PHONE": "",
    "WORK_POSITION": "",
    "XML_ID": "25146299",
  },
  Object {
    "ACTIVE": false,
    "DATE_REGISTER": "2019-09-16T01:00:00+02:00",
    "EMAIL": "e.mariani@aksilia.com",
    "ID": "40",
    "IS_ONLINE": "N",
    "LAST_ACTIVITY_DATE": Object {},
    "LAST_LOGIN": "2019-11-29T11:05:48+01:00",
    "LAST_NAME": "Mariani",
    "NAME": "Erika",
    "PERSONAL_BIRTHDAY": "1979-04-12T01:00:00+01:00",
    "PERSONAL_CITY": "",
    "PERSONAL_GENDER": "F",
    "PERSONAL_MOBILE": "",
    "PERSONAL_WWW": "",
    "SECOND_NAME": "",
    "TIMESTAMP_X": Object {},
    "TIME_ZONE": "",
    "TIME_ZONE_OFFSET": "-3600",
    "UF_DEPARTMENT": Array [
      1,
    ],
    "UF_EMPLOYMENT_DATE": "",
    "UF_USR_1633014462334": "",
    "UF_USR_1655797769841": false,
    "USER_TYPE": "employee",
    "WORK_PHONE": "",
    "WORK_POSITION": "Sales Administrator",
    "XML_ID": "25146313",
  },
  Object {
    "ACTIVE": true,
    "DATE_REGISTER": "2019-09-27T01:00:00+02:00",
    "EMAIL": "g.bernardini@aksiliagroup.com",
    "ID": "42",
    "IS_ONLINE": "Y",
    "LAST_ACTIVITY_DATE": Object {},
    "LAST_LOGIN": "2023-11-15T12:22:19+01:00",
    "LAST_NAME": "Bernardini",
    "NAME": "Gloria",
    "PERSONAL_BIRTHDAY": "1993-11-17T01:00:00+01:00",
    "PERSONAL_CITY": "",
    "PERSONAL_GENDER": "F",
    "PERSONAL_MOBILE": "3407861242",
    "PERSONAL_PHONE": "351 8661301",
    "PERSONAL_PHOTO": "https://bitrix.aksilia.com/upload/main/efe/a4amea02c2w02wwahz1a8x9u0p4opjmi/Glory Poppins.png",
    "PERSONAL_WWW": "",
    "SECOND_NAME": "",
    "TIMESTAMP_X": Object {},
    "TIME_ZONE": "Europe/Rome",
    "TIME_ZONE_OFFSET": "0",
    "UF_DEPARTMENT": Array [
      5,
    ],
    "UF_EMPLOYMENT_DATE": "",
    "UF_PHONE_INNER": "6",
    "UF_USR_1633014462334": "",
    "UF_USR_1655797769841": Array [
      "Ricerca e selezione del personale",
      "Supporto amministrazione del personale",
      "Consulenza HR",
      "Consulenza ISO9001",
      "Formazione Finanziata",
      "Crediti Formativi MT",
      "Gestione ISO9001 Interna",
      "Migliorare l'organizzazione aziendale e i flussi di lavoro",
      "Onboarding e Offboarding del personale",
    ],
    "UF_USR_1679571540750": "1",
    "USER_TYPE": "employee",
    "WORK_PHONE": "",
    "WORK_POSITION": "HR Recruiter",
    "XML_ID": "25327881",
  },
  Object {
    "ACTIVE": false,
    "DATE_REGISTER": "2019-09-27T01:00:00+02:00",
    "EMAIL": "m.biondi@aksilia.com",
    "ID": "44",
    "IS_ONLINE": "N",
    "LAST_ACTIVITY_DATE": Object {},
    "LAST_LOGIN": "2022-09-19T17:01:44+02:00",
    "LAST_NAME": "Biondi",
    "NAME": "Michele",
    "PERSONAL_BIRTHDAY": "",
    "PERSONAL_CITY": "",
    "PERSONAL_GENDER": "",
    "PERSONAL_MOBILE": "",
    "PERSONAL_PHONE": "3281716988",
    "PERSONAL_PHOTO": "https://bitrix.aksilia.com/upload/main/055/Michele Biondi.jpg",
    "PERSONAL_WWW": "",
    "SECOND_NAME": "",
    "TIMESTAMP_X": Object {},
    "TIME_ZONE": "",
    "TIME_ZONE_OFFSET": "0",
    "UF_DEPARTMENT": Array [
      8,
    ],
    "UF_EMPLOYMENT_DATE": "",
    "UF_PHONE_INNER": "17",
    "UF_SKYPE": "m.biondi17",
    "UF_USR_1633014462334": "",
    "UF_USR_1655797769841": Array [
      "Software Engineer",
      "Sviluppo software ERP Aksilia",
      "Newsletter Finanza Agevolata",
      "Progetto Punto del Serramento",
      "Progetto Pisa Utensili",
      "Progetto Sadas",
    ],
    "USER_TYPE": "employee",
    "WORK_PHONE": "",
    "WORK_POSITION": "",
    "XML_ID": "24726411",
  },
  Object {
    "ACTIVE": false,
    "DATE_REGISTER": "2019-09-27T01:00:00+02:00",
    "EMAIL": "a.gigliotti@aksilia.com",
    "ID": "46",
    "IS_ONLINE": "N",
    "LAST_ACTIVITY_DATE": Object {},
    "LAST_LOGIN": "2020-10-30T19:45:47+01:00",
    "LAST_NAME": "Gigliotti",
    "NAME": "Andrea",
    "PERSONAL_BIRTHDAY": "",
    "PERSONAL_CITY": "",
    "PERSONAL_GENDER": "",
    "PERSONAL_MOBILE": "351 992 7488",
    "PERSONAL_WWW": "",
    "SECOND_NAME": "",
    "TIMESTAMP_X": Object {},
    "TIME_ZONE": "Europe/Rome",
    "TIME_ZONE_OFFSET": "-7200",
    "UF_DEPARTMENT": Array [
      8,
    ],
    "UF_EMPLOYMENT_DATE": "",
    "UF_USR_1633014462334": "",
    "UF_USR_1655797769841": false,
    "USER_TYPE": "employee",
    "WORK_PHONE": "",
    "WORK_POSITION": "Qlik Specialist, building and deploying chatbots by using Google Dialogflow",
    "XML_ID": "25327965",
  },
  Object {
    "ACTIVE": false,
    "DATE_REGISTER": "2019-10-25T01:00:00+02:00",
    "EMAIL": "i.sasselli@aksilia.com",
    "ID": "50",
    "IS_ONLINE": "N",
    "LAST_ACTIVITY_DATE": Object {},
    "LAST_LOGIN": "2020-06-30T10:48:14+02:00",
    "LAST_NAME": "Sasselli",
    "NAME": "Irene",
    "PERSONAL_BIRTHDAY": "",
    "PERSONAL_CITY": "",
    "PERSONAL_GENDER": "",
    "PERSONAL_MOBILE": "",
    "PERSONAL_WWW": "",
    "SECOND_NAME": "",
    "TIMESTAMP_X": Object {},
    "TIME_ZONE": "Europe/Rome",
    "TIME_ZONE_OFFSET": "-3600",
    "UF_DEPARTMENT": Array [
      1,
    ],
    "UF_EMPLOYMENT_DATE": "",
    "UF_USR_1633014462334": "",
    "UF_USR_1655797769841": false,
    "USER_TYPE": "employee",
    "WORK_PHONE": "",
    "WORK_POSITION": "",
    "XML_ID": "25787027",
  },
  Object {
    "ACTIVE": false,
    "DATE_REGISTER": "2019-11-13T01:00:00+01:00",
    "EMAIL": "m.guidoni@aksilia.com",
    "ID": "52",
    "IS_ONLINE": "N",
    "LAST_ACTIVITY_DATE": Object {},
    "LAST_LOGIN": "2022-11-30T15:18:45+01:00",
    "LAST_NAME": "Guidoni",
    "NAME": "Mattia",
    "PERSONAL_BIRTHDAY": "2021-12-09T01:00:00+01:00",
    "PERSONAL_CITY": "",
    "PERSONAL_COUNTRY": "0",
    "PERSONAL_FAX": "",
    "PERSONAL_GENDER": "",
    "PERSONAL_MAILBOX": "",
    "PERSONAL_MOBILE": "",
    "PERSONAL_PHONE": "",
    "PERSONAL_PHOTO": "https://bitrix.aksilia.com/upload/main/724/WhatsApp Image 2020-12-18 at 14.23.26.jpeg",
    "PERSONAL_STATE": "",
    "PERSONAL_STREET": "",
    "PERSONAL_WWW": "",
    "PERSONAL_ZIP": "",
    "SECOND_NAME": "",
    "TIMESTAMP_X": Object {},
    "TIME_ZONE": "Europe/San_Marino",
    "TIME_ZONE_OFFSET": "0",
    "UF_DEPARTMENT": Array [
      68,
    ],
    "UF_EMPLOYMENT_DATE": "",
    "UF_PHONE_INNER": "15",
    "UF_USR_1633014462334": "",
    "UF_USR_1655797769841": Array [
      "Amministrazione e contabilità società di capitali:",
      "Prima Nota ",
      "Bilancio ",
      "Dichiarazione dei redditi",
      "Gestione cartelle AdE e avvisi bonari",
    ],
    "USER_TYPE": "employee",
    "WORK_PHONE": "",
    "WORK_POSITION": "",
    "XML_ID": "26067615",
  },
  Object {
    "ACTIVE": false,
    "DATE_REGISTER": "2019-11-13T01:00:00+01:00",
    "EMAIL": "e.feniello@aksilia.com",
    "ID": "54",
    "IS_ONLINE": "N",
    "LAST_ACTIVITY_DATE": Object {},
    "LAST_LOGIN": "2020-03-27T00:46:12+01:00",
    "LAST_NAME": "Feniello",
    "NAME": "Elisa",
    "PERSONAL_BIRTHDAY": "1994-06-02T01:00:00+02:00",
    "PERSONAL_CITY": "Lucca",
    "PERSONAL_GENDER": "F",
    "PERSONAL_MOBILE": "3518666108",
    "PERSONAL_WWW": "",
    "SECOND_NAME": "",
    "TIMESTAMP_X": Object {},
    "TIME_ZONE": "",
    "TIME_ZONE_OFFSET": "-7200",
    "UF_DEPARTMENT": Array [
      5,
    ],
    "UF_EMPLOYMENT_DATE": "",
    "UF_PHONE_INNER": "108",
    "UF_USR_1633014462334": "",
    "UF_USR_1655797769841": false,
    "USER_TYPE": "employee",
    "WORK_PHONE": "+ 39 0583406185",
    "WORK_POSITION": "",
    "XML_ID": "24775663",
  },
  Object {
    "ACTIVE": false,
    "DATE_REGISTER": "2019-11-15T01:00:00+01:00",
    "EMAIL": "r.falezza@aksilia.com",
    "ID": "56",
    "IS_ONLINE": "N",
    "LAST_ACTIVITY_DATE": Object {},
    "LAST_LOGIN": "2021-08-24T14:01:35+02:00",
    "LAST_NAME": "Falezza",
    "NAME": "Riccardo",
    "PERSONAL_BIRTHDAY": "1966-11-18T01:00:00+01:00",
    "PERSONAL_GENDER": "M",
    "PERSONAL_MOBILE": "+39 3389824416",
    "PERSONAL_PHONE": "",
    "PERSONAL_PHOTO": "https://bitrix.aksilia.com/upload/main/d39/d39ee0f79bedda4fcb2f3ec6b63213de/avatar.png",
    "PERSONAL_WWW": "",
    "SECOND_NAME": "",
    "TIMESTAMP_X": Object {},
    "TIME_ZONE_OFFSET": "7200",
    "UF_DEPARTMENT": Array [
      99,
    ],
    "UF_EMPLOYMENT_DATE": "",
    "UF_USR_1633014462334": "",
    "UF_USR_1655797769841": false,
    "USER_TYPE": "employee",
    "WORK_PHONE": "",
    "WORK_POSITION": "",
    "XML_ID": "26101029",
  },
  Object {
    "ACTIVE": false,
    "DATE_REGISTER": "2019-11-22T01:00:00+01:00",
    "EMAIL": "a.simonelli@aksiliagroup.com",
    "ID": "58",
    "IS_ONLINE": "N",
    "LAST_ACTIVITY_DATE": Object {},
    "LAST_LOGIN": "2023-09-19T14:41:07+02:00",
    "LAST_NAME": "Simonelli",
    "NAME": "Agnese",
    "PERSONAL_BIRTHDAY": "1996-09-25T01:00:00+02:00",
    "PERSONAL_CITY": "",
    "PERSONAL_COUNTRY": "0",
    "PERSONAL_FAX": "",
    "PERSONAL_GENDER": "",
    "PERSONAL_ICQ": "",
    "PERSONAL_MAILBOX": "",
    "PERSONAL_MOBILE": "",
    "PERSONAL_NOTES": "",
    "PERSONAL_PAGER": "",
    "PERSONAL_PHONE": "3428031665",
    "PERSONAL_PHOTO": "https://bitrix.aksilia.com/upload/main/603/6037e81f80a821af5eee5a143d82415c/tmp.png",
    "PERSONAL_PROFESSION": "",
    "PERSONAL_STATE": "",
    "PERSONAL_STREET": "",
    "PERSONAL_WWW": "",
    "PERSONAL_ZIP": "",
    "SECOND_NAME": "",
    "TIMESTAMP_X": Object {},
    "TIME_ZONE": "",
    "TIME_ZONE_OFFSET": "0",
    "TITLE": "",
    "UF_DEPARTMENT": Array [
      8,
    ],
    "UF_EMPLOYMENT_DATE": "",
    "UF_PHONE_INNER": "25",
    "UF_USR_1633014462334": "",
    "UF_USR_1655797769841": Array [
      "Sviluppo software",
      "Assistenza ERP per Punto del Serramento",
      "Gestione Newsletter Finanza Agevolata",
    ],
    "USER_TYPE": "employee",
    "WORK_CITY": "",
    "WORK_COMPANY": "",
    "WORK_COUNTRY": "0",
    "WORK_DEPARTMENT": "",
    "WORK_FAX": "",
    "WORK_MAILBOX": "",
    "WORK_NOTES": "",
    "WORK_PAGER": "",
    "WORK_PHONE": "",
    "WORK_POSITION": "Database Linker",
    "WORK_PROFILE": "",
    "WORK_STATE": "",
    "WORK_STREET": "",
    "WORK_WWW": "",
    "WORK_ZIP": "",
    "XML_ID": "26213587",
  },
  Object {
    "ACTIVE": false,
    "DATE_REGISTER": "2019-11-26T01:00:00+01:00",
    "EMAIL": "m.bandoni@aksiliagroup.com",
    "ID": "62",
    "IS_ONLINE": "N",
    "LAST_ACTIVITY_DATE": Object {},
    "LAST_LOGIN": "2023-10-03T17:11:56+02:00",
    "LAST_NAME": "Bandoni",
    "NAME": "Matteo",
    "PERSONAL_BIRTHDAY": "",
    "PERSONAL_CITY": "",
    "PERSONAL_GENDER": "M",
    "PERSONAL_MOBILE": "3407419593",
    "PERSONAL_PHONE": "",
    "PERSONAL_PHOTO": "https://bitrix.aksilia.com/upload/main/577/8j9xbqtkyixdhp6tsb44kxnxplvlt3fl/1614075705209.jpg.png",
    "PERSONAL_WWW": "",
    "TIMESTAMP_X": Object {},
    "TIME_ZONE": "",
    "TIME_ZONE_OFFSET": "0",
    "UF_DEPARTMENT": Array [
      103,
    ],
    "UF_EMPLOYMENT_DATE": "",
    "UF_PHONE_INNER": "26",
    "UF_USR_1633014462334": "",
    "UF_USR_1655797769841": Array [
      "Sviluppo software Aksilia Suite",
      "Backup ERP Punto del Serramento",
    ],
    "UF_USR_1679571540750": "1",
    "USER_TYPE": "employee",
    "WORK_PHONE": "",
    "WORK_POSITION": "",
    "XML_ID": "26278525",
  },
  Object {
    "ACTIVE": false,
    "DATE_REGISTER": "2019-12-09T01:00:00+01:00",
    "EMAIL": "t.salvadori@aksilia.com",
    "ID": "64",
    "IS_ONLINE": "N",
    "LAST_ACTIVITY_DATE": Object {},
    "LAST_LOGIN": "2019-12-11T19:10:10+01:00",
    "LAST_NAME": "Salvadori",
    "NAME": "Tommaso",
    "PERSONAL_BIRTHDAY": "",
    "PERSONAL_GENDER": "",
    "TIMESTAMP_X": Object {},
    "TIME_ZONE_OFFSET": "-7200",
    "UF_DEPARTMENT": Array [
      1,
    ],
    "UF_EMPLOYMENT_DATE": "",
    "UF_USR_1633014462334": "",
    "UF_USR_1655797769841": false,
    "USER_TYPE": "employee",
    "XML_ID": "26508109",
  },
  Object {
    "ACTIVE": false,
    "DATE_REGISTER": "2020-01-15T01:00:00+01:00",
    "EMAIL": "d.richiusa@aksilia.com",
    "ID": "66",
    "IS_ONLINE": "N",
    "LAST_ACTIVITY_DATE": Object {},
    "LAST_LOGIN": "2020-10-08T00:02:01+02:00",
    "LAST_NAME": "Richiusa",
    "NAME": "Dario",
    "PERSONAL_BIRTHDAY": "",
    "PERSONAL_CITY": "",
    "PERSONAL_GENDER": "",
    "PERSONAL_MOBILE": "",
    "PERSONAL_PHOTO": "https://bitrix.aksilia.com/upload/main/0c4/0c498975d4d3a5c324e65af8ae670fcb/Dario-Richiusa.jpg",
    "PERSONAL_WWW": "",
    "SECOND_NAME": "",
    "TIMESTAMP_X": Object {},
    "TIME_ZONE": "Europe/Rome",
    "TIME_ZONE_OFFSET": "-3600",
    "UF_DEPARTMENT": Array [
      68,
    ],
    "UF_EMPLOYMENT_DATE": "",
    "UF_USR_1633014462334": "",
    "UF_USR_1655797769841": false,
    "USER_TYPE": "employee",
    "WORK_PHONE": "",
    "WORK_POSITION": "",
    "XML_ID": "26996543",
  },
  Object {
    "ACTIVE": false,
    "DATE_REGISTER": "2020-01-22T01:00:00+01:00",
    "EMAIL": "r.martini@aksilia.com",
    "ID": "68",
    "IS_ONLINE": "N",
    "LAST_ACTIVITY_DATE": Object {},
    "LAST_LOGIN": "2020-08-21T20:15:53+02:00",
    "LAST_NAME": "Martini",
    "NAME": "Raffaella",
    "PERSONAL_BIRTHDAY": "1981-05-10T01:00:00+02:00",
    "PERSONAL_CITY": "",
    "PERSONAL_GENDER": "F",
    "PERSONAL_MOBILE": "",
    "PERSONAL_PHOTO": "https://bitrix.aksilia.com/upload/main/587/587bfdd9a9d2a64487274bab62c6dcea/Raffaella Martini.png",
    "PERSONAL_WWW": "",
    "SECOND_NAME": "",
    "TIMESTAMP_X": Object {},
    "TIME_ZONE": "Europe/Rome",
    "TIME_ZONE_OFFSET": "-3600",
    "UF_DEPARTMENT": Array [
      1,
    ],
    "UF_EMPLOYMENT_DATE": "",
    "UF_USR_1633014462334": "",
    "UF_USR_1655797769841": false,
    "USER_TYPE": "employee",
    "WORK_PHONE": "",
    "WORK_POSITION": "Digital marketing Specialist",
    "XML_ID": "27121001",
  },
  Object {
    "ACTIVE": false,
    "DATE_REGISTER": "2020-01-24T01:00:00+01:00",
    "EMAIL": "g.giusti@aksilia.com",
    "ID": "70",
    "IS_ONLINE": "N",
    "LAST_ACTIVITY_DATE": Object {},
    "LAST_LOGIN": "2020-06-07T16:39:18+02:00",
    "LAST_NAME": "Giusti",
    "NAME": "Giulia",
    "PERSONAL_BIRTHDAY": "",
    "PERSONAL_GENDER": "",
    "PERSONAL_PHOTO": "https://bitrix.aksilia.com/upload/main/4f1/4f1cfeccf20591ec63c8f1ce0b750092/Giulia Giusti.png",
    "TIMESTAMP_X": Object {},
    "TIME_ZONE_OFFSET": "-3600",
    "UF_DEPARTMENT": Array [
      68,
    ],
    "UF_EMPLOYMENT_DATE": "",
    "UF_USR_1633014462334": "",
    "UF_USR_1655797769841": false,
    "USER_TYPE": "employee",
    "XML_ID": "27165891",
  },
  Object {
    "ACTIVE": true,
    "DATE_REGISTER": "2020-01-27T01:00:00+01:00",
    "EMAIL": "b.martini@aksilia.com",
    "ID": "72",
    "IS_ONLINE": "Y",
    "LAST_ACTIVITY_DATE": Object {},
    "LAST_LOGIN": "2023-11-15T11:41:07+01:00",
    "LAST_NAME": "Martini",
    "NAME": "Brunella",
    "PERSONAL_BIRTHDAY": "",
    "PERSONAL_CITY": "",
    "PERSONAL_COUNTRY": "0",
    "PERSONAL_FAX": "",
    "PERSONAL_GENDER": "",
    "PERSONAL_ICQ": "",
    "PERSONAL_MAILBOX": "",
    "PERSONAL_MOBILE": "",
    "PERSONAL_NOTES": "",
    "PERSONAL_PAGER": "",
    "PERSONAL_PHONE": "",
    "PERSONAL_PHOTO": "https://bitrix.aksilia.com/upload/main/512/Brunella-Martini.jpg",
    "PERSONAL_PROFESSION": "",
    "PERSONAL_STATE": "",
    "PERSONAL_STREET": "",
    "PERSONAL_WWW": "",
    "PERSONAL_ZIP": "",
    "SECOND_NAME": "",
    "TIMESTAMP_X": Object {},
    "TIME_ZONE": "",
    "TIME_ZONE_OFFSET": "0",
    "TITLE": "",
    "UF_DEPARTMENT": Array [
      68,
    ],
    "UF_EMPLOYMENT_DATE": "",
    "UF_PHONE_INNER": "2",
    "UF_USR_1633014462334": "",
    "UF_USR_1655797769841": Array [
      "Registrazione fatture ditte ordinarie e semplificate",
      "Registrazione prima nota ditte ordinarie",
      "Liquidazioni periodiche tutte ditte semplificate e ordinarie",
      "Dichiarazioni Iva tutte ditte semplificate e ordinarie",
      "Dichiarazione redditi tutte ditte semplificate e ordinarie",
      "Dichiarazione redditi persone fisiche",
      "Dichiarazione IRAP tutte ditte ordinarie e semplificate",
      "Certificazioni uniche e mod. 770 tutte ditte semplificate e ordinarie",
      "Compilazione F24 mensili di tutte ditte semplificate ordinarie e ditte artigiane",
      "Bilanci con scritture di assestamento e rettifica delle ditte in contabilità ordinaria",
    ],
    "USER_TYPE": "employee",
    "WORK_CITY": "",
    "WORK_COMPANY": "",
    "WORK_COUNTRY": "0",
    "WORK_DEPARTMENT": "",
    "WORK_FAX": "",
    "WORK_MAILBOX": "",
    "WORK_NOTES": "",
    "WORK_PAGER": "",
    "WORK_PHONE": "",
    "WORK_POSITION": "",
    "WORK_PROFILE": "",
    "WORK_STATE": "",
    "WORK_STREET": "",
    "WORK_WWW": "",
    "WORK_ZIP": "",
    "XML_ID": "27197745",
  },
  Object {
    "ACTIVE": false,
    "DATE_REGISTER": "2020-01-27T01:00:00+01:00",
    "EMAIL": "l.giorgetti@aksilia.com",
    "ID": "74",
    "IS_ONLINE": "N",
    "LAST_ACTIVITY_DATE": Object {},
    "LAST_LOGIN": "2021-03-25T15:01:34+01:00",
    "LAST_NAME": "GIORGETTI",
    "NAME": "LAVINIA",
    "PERSONAL_BIRTHDAY": "",
    "PERSONAL_GENDER": "",
    "PERSONAL_PHOTO": "https://bitrix.aksilia.com/upload/main/eea/eea9a72ddd24564c0731c36201060c28/Lavinia Giorgetti.jpg",
    "TIMESTAMP_X": Object {},
    "TIME_ZONE_OFFSET": "3600",
    "UF_DEPARTMENT": Array [
      68,
    ],
    "UF_EMPLOYMENT_DATE": "",
    "UF_USR_1633014462334": "",
    "UF_USR_1655797769841": false,
    "USER_TYPE": "employee",
    "XML_ID": "27197747",
  },
  Object {
    "ACTIVE": false,
    "DATE_REGISTER": "2020-01-27T01:00:00+01:00",
    "EMAIL": "l.casciani@aksilia.com",
    "ID": "76",
    "IS_ONLINE": "N",
    "LAST_ACTIVITY_DATE": Object {},
    "LAST_LOGIN": "2020-05-22T17:27:43+02:00",
    "LAST_NAME": "Casciani",
    "NAME": "Lisa",
    "PERSONAL_BIRTHDAY": "",
    "PERSONAL_GENDER": "",
    "PERSONAL_PHOTO": "https://bitrix.aksilia.com/upload/main/159/1593946ad809fbb1f0b14f735662873f/Lisa Casciani.png",
    "TIMESTAMP_X": Object {},
    "TIME_ZONE_OFFSET": "-3600",
    "UF_DEPARTMENT": Array [
      68,
    ],
    "UF_EMPLOYMENT_DATE": "",
    "UF_USR_1633014462334": "",
    "UF_USR_1655797769841": false,
    "USER_TYPE": "employee",
    "XML_ID": "27197749",
  },
  Object {
    "ACTIVE": false,
    "DATE_REGISTER": "2020-01-27T01:00:00+01:00",
    "EMAIL": "l.intaschi@aksilia.com",
    "ID": "78",
    "IS_ONLINE": "N",
    "LAST_ACTIVITY_DATE": Object {},
    "LAST_LOGIN": "2020-03-09T12:39:38+01:00",
    "LAST_NAME": "INTASCHI",
    "NAME": "LAVINIA",
    "PERSONAL_BIRTHDAY": "",
    "PERSONAL_GENDER": "",
    "TIMESTAMP_X": Object {},
    "TIME_ZONE_OFFSET": "-7200",
    "UF_DEPARTMENT": Array [
      68,
    ],
    "UF_EMPLOYMENT_DATE": "",
    "UF_USR_1633014462334": "",
    "UF_USR_1655797769841": false,
    "USER_TYPE": "employee",
    "XML_ID": "27197751",
  },
  Object {
    "ACTIVE": false,
    "DATE_REGISTER": "2020-02-03T01:00:00+01:00",
    "EMAIL": "n.venturi@aksilia.com",
    "ID": "80",
    "IS_ONLINE": "N",
    "LAST_ACTIVITY_DATE": Object {},
    "LAST_LOGIN": "2020-02-03T20:43:16+01:00",
    "LAST_NAME": "Venturi",
    "NAME": "Nicola",
    "PERSONAL_BIRTHDAY": "",
    "PERSONAL_GENDER": "",
    "TIMESTAMP_X": Object {},
    "TIME_ZONE_OFFSET": "-7200",
    "UF_DEPARTMENT": Array [
      8,
    ],
    "UF_EMPLOYMENT_DATE": "",
    "UF_USR_1633014462334": "",
    "UF_USR_1655797769841": false,
    "USER_TYPE": "employee",
    "XML_ID": "27325271",
  },
  Object {
    "ACTIVE": false,
    "DATE_REGISTER": "2020-02-05T01:00:00+01:00",
    "EMAIL": "a.martorella@aksilia.com",
    "ID": "82",
    "IS_ONLINE": "N",
    "LAST_ACTIVITY_DATE": Object {},
    "LAST_LOGIN": "2020-04-01T16:03:19+02:00",
    "LAST_NAME": "martorella",
    "NAME": "antonella",
    "PERSONAL_BIRTHDAY": "",
    "PERSONAL_GENDER": "",
    "TIMESTAMP_X": Object {},
    "TIME_ZONE_OFFSET": "-7200",
    "UF_DEPARTMENT": Array [
      1,
    ],
    "UF_EMPLOYMENT_DATE": "",
    "UF_USR_1633014462334": "",
    "UF_USR_1655797769841": false,
    "USER_TYPE": "employee",
    "XML_ID": "27370443",
  },
  Object {
    "ACTIVE": false,
    "DATE_REGISTER": "2020-02-25T01:00:00+01:00",
    "EMAIL": "a.nieri@aksilia.com",
    "ID": "86",
    "IS_ONLINE": "N",
    "LAST_ACTIVITY_DATE": Object {},
    "LAST_LOGIN": "2022-01-12T21:20:14+01:00",
    "LAST_NAME": "Nieri",
    "NAME": "Alessandro",
    "PERSONAL_BIRTHDAY": "",
    "PERSONAL_GENDER": "",
    "PERSONAL_PHONE": "3488876684",
    "PERSONAL_PHOTO": "https://bitrix.aksilia.com/upload/main/152/20210218_173306.jpg",
    "TIMESTAMP_X": Object {},
    "TIME_ZONE_OFFSET": "3600",
    "UF_DEPARTMENT": Array [
      5,
    ],
    "UF_EMPLOYMENT_DATE": "",
    "UF_USR_1633014462334": "",
    "UF_USR_1655797769841": false,
    "USER_TYPE": "employee",
    "XML_ID": "27726037",
  },
  Object {
    "ACTIVE": false,
    "DATE_REGISTER": "2020-03-03T01:00:00+01:00",
    "EMAIL": "b.cappa@aksilia.com",
    "ID": "98",
    "IS_ONLINE": "N",
    "LAST_ACTIVITY_DATE": Object {},
    "LAST_LOGIN": "2023-09-28T18:19:51+02:00",
    "LAST_NAME": "Cappa",
    "NAME": "Brigida",
    "PERSONAL_BIRTHDAY": "",
    "PERSONAL_CITY": "",
    "PERSONAL_GENDER": "",
    "PERSONAL_MOBILE": "3891727764",
    "PERSONAL_PHONE": "3518558030",
    "PERSONAL_PHOTO": "https://bitrix.aksilia.com/upload/main/148/148db784e4ecd15e30a061e32ed11268/Brigida Cappa.jpg",
    "PERSONAL_WWW": "",
    "TIMESTAMP_X": Object {},
    "TIME_ZONE": "",
    "TIME_ZONE_OFFSET": "0",
    "UF_DEPARTMENT": Array [
      5,
    ],
    "UF_EMPLOYMENT_DATE": "",
    "UF_PHONE_INNER": "107",
    "UF_USR_1626765092949": "107",
    "UF_USR_1626765198054": "3891727764",
    "UF_USR_1633014462334": "",
    "UF_USR_1655797769841": false,
    "USER_TYPE": "employee",
    "WORK_PHONE": "",
    "XML_ID": "27855783",
  },
  Object {
    "ACTIVE": false,
    "DATE_REGISTER": "2020-05-18T01:00:00+02:00",
    "EMAIL": "a.neamtu@aksilia.com",
    "ID": "120",
    "IS_ONLINE": "N",
    "LAST_ACTIVITY_DATE": Object {},
    "LAST_LOGIN": "2021-09-24T10:12:50+02:00",
    "LAST_NAME": "Neamtu",
    "NAME": "Andreea",
    "PERSONAL_BIRTHDAY": "",
    "PERSONAL_GENDER": "",
    "PERSONAL_PHONE": "3280668125",
    "PERSONAL_PHOTO": "https://bitrix.aksilia.com/upload/main/8cf/andreea.JPG",
    "TIMESTAMP_X": Object {},
    "TIME_ZONE_OFFSET": "7200",
    "UF_DEPARTMENT": Array [
      68,
    ],
    "UF_EMPLOYMENT_DATE": "",
    "UF_USR_1633014462334": "",
    "UF_USR_1655797769841": false,
    "USER_TYPE": "employee",
    "XML_ID": "29426889",
  },
  Object {
    "ACTIVE": true,
    "DATE_REGISTER": "2020-05-18T01:00:00+02:00",
    "EMAIL": "c.pastorini@aksilia.com",
    "ID": "122",
    "IS_ONLINE": "N",
    "LAST_ACTIVITY_DATE": Object {},
    "LAST_LOGIN": "2023-11-15T09:01:33+01:00",
    "LAST_NAME": "Pastorini",
    "NAME": "Christian",
    "PERSONAL_BIRTHDAY": "2000-08-22T01:00:00+02:00",
    "PERSONAL_CITY": "",
    "PERSONAL_COUNTRY": "0",
    "PERSONAL_FAX": "",
    "PERSONAL_GENDER": "",
    "PERSONAL_ICQ": "",
    "PERSONAL_MAILBOX": "",
    "PERSONAL_MOBILE": "",
    "PERSONAL_NOTES": "",
    "PERSONAL_PAGER": "",
    "PERSONAL_PHONE": "3664351064",
    "PERSONAL_PHOTO": "https://bitrix.aksilia.com/upload/main/7a5/mfj3swog9prp9p5kj1qsb8096g08omtm/Christian Pastorini finito.jpg.png",
    "PERSONAL_PROFESSION": "",
    "PERSONAL_STATE": "",
    "PERSONAL_STREET": "",
    "PERSONAL_WWW": "",
    "PERSONAL_ZIP": "",
    "SECOND_NAME": "",
    "TIMESTAMP_X": Object {},
    "TIME_ZONE": "",
    "TIME_ZONE_OFFSET": "0",
    "TITLE": "",
    "UF_DEPARTMENT": Array [
      5,
    ],
    "UF_EMPLOYMENT_DATE": "",
    "UF_PHONE_INNER": "16",
    "UF_USR_1633014462334": "",
    "UF_USR_1655797769841": Array [
      "Gestione asset IT interni e clienti",
      "HelpDesk IT interno e clienti",
      "Ricerca approvvigionamenti IT",
      "Gestione tecnica e operativa piattaforme formazioni normative",
      "Gestione operativa piattaforme formazione Sicurezza e HACCP",
      "Gestione tecnica e operativa siti società interne",
    ],
    "UF_USR_1679571540750": "1",
    "USER_TYPE": "employee",
    "WORK_CITY": "",
    "WORK_COMPANY": "",
    "WORK_COUNTRY": "0",
    "WORK_DEPARTMENT": "",
    "WORK_FAX": "",
    "WORK_MAILBOX": "",
    "WORK_NOTES": "",
    "WORK_PAGER": "",
    "WORK_PHONE": "",
    "WORK_POSITION": "Spostamentis Specialist",
    "WORK_PROFILE": "",
    "WORK_STATE": "",
    "WORK_STREET": "",
    "WORK_WWW": "",
    "WORK_ZIP": "",
    "XML_ID": "29426903",
  },
  Object {
    "ACTIVE": false,
    "DATE_REGISTER": "2020-05-25T01:00:00+02:00",
    "EMAIL": "a.pascolini@aksilia.com",
    "ID": "124",
    "IS_ONLINE": "N",
    "LAST_ACTIVITY_DATE": Object {},
    "LAST_LOGIN": "2020-06-09T15:12:34+02:00",
    "LAST_NAME": "Pascolini",
    "NAME": "Alessandro",
    "PERSONAL_BIRTHDAY": "",
    "PERSONAL_GENDER": "",
    "PERSONAL_PHOTO": "https://bitrix.aksilia.com/upload/main/847/847ac595b4b17102df490c29b26b07c3/IMG_2122.JPG",
    "TIMESTAMP_X": Object {},
    "TIME_ZONE_OFFSET": "-3600",
    "UF_DEPARTMENT": Array [
      1,
    ],
    "UF_EMPLOYMENT_DATE": "",
    "UF_USR_1633014462334": "",
    "UF_USR_1655797769841": false,
    "USER_TYPE": "employee",
    "XML_ID": "29550887",
  },
  Object {
    "ACTIVE": false,
    "DATE_REGISTER": "2020-05-25T01:00:00+02:00",
    "EMAIL": "l.goerg@aksilia.com",
    "ID": "126",
    "IS_ONLINE": "N",
    "LAST_ACTIVITY_DATE": Object {},
    "LAST_LOGIN": "2020-09-09T19:27:04+02:00",
    "LAST_NAME": "Goerg",
    "NAME": "Luca",
    "PERSONAL_BIRTHDAY": "2020-07-10T01:00:00+02:00",
    "PERSONAL_CITY": "Lucca",
    "PERSONAL_GENDER": "M",
    "PERSONAL_MOBILE": "",
    "PERSONAL_PHOTO": "https://bitrix.aksilia.com/upload/main/0c5/0c5198787aa59da10107d0d38423dd55/Luca Goerg.jpg",
    "PERSONAL_WWW": "",
    "SECOND_NAME": "",
    "TIMESTAMP_X": Object {},
    "TIME_ZONE": "Europe/Rome",
    "TIME_ZONE_OFFSET": "-3600",
    "UF_DEPARTMENT": Array [
      1,
    ],
    "UF_EMPLOYMENT_DATE": "2020-06-08T01:00:00+02:00",
    "UF_USR_1633014462334": "",
    "UF_USR_1655797769841": false,
    "USER_TYPE": "employee",
    "WORK_PHONE": "",
    "WORK_POSITION": "",
    "XML_ID": "29550889",
  },
  Object {
    "ACTIVE": true,
    "DATE_REGISTER": "2020-06-09T01:00:00+02:00",
    "EMAIL": "a.casti@aksilia.com",
    "ID": "128",
    "IS_ONLINE": "N",
    "LAST_ACTIVITY_DATE": Object {},
    "LAST_LOGIN": "2023-11-13T19:11:45+01:00",
    "LAST_NAME": "Casti",
    "NAME": "Alice",
    "PERSONAL_BIRTHDAY": "1984-03-13T01:00:00+01:00",
    "PERSONAL_CITY": "",
    "PERSONAL_GENDER": "F",
    "PERSONAL_MOBILE": "",
    "PERSONAL_PHONE": "3477626706",
    "PERSONAL_PHOTO": "https://bitrix.aksilia.com/upload/main/965/965a7f17a2b2d2a1ba33275fdbfb9b1d/IMG_20200508_104534011.jpg",
    "PERSONAL_WWW": "",
    "SECOND_NAME": "",
    "TIMESTAMP_X": Object {},
    "TIME_ZONE": "",
    "TIME_ZONE_OFFSET": "0",
    "UF_DEPARTMENT": Array [
      103,
    ],
    "UF_EMPLOYMENT_DATE": "",
    "UF_PHONE_INNER": "18",
    "UF_USR_1633014462334": "",
    "UF_USR_1655797769841": Array [
      "Sviluppo software Aksilia Suite",
    ],
    "USER_TYPE": "employee",
    "WORK_PHONE": "",
    "WORK_POSITION": "",
    "XML_ID": "29832555",
  },
  Object {
    "ACTIVE": false,
    "DATE_REGISTER": "2020-06-15T01:00:00+02:00",
    "EMAIL": "m.ricci@aksilia.com",
    "ID": "134",
    "IS_ONLINE": "N",
    "LAST_ACTIVITY_DATE": Object {},
    "LAST_LOGIN": "2020-11-30T18:26:50+01:00",
    "LAST_NAME": "Ricci",
    "NAME": "Maurizio",
    "PERSONAL_BIRTHDAY": "1995-11-13T01:00:00+01:00",
    "PERSONAL_CITY": "",
    "PERSONAL_GENDER": "M",
    "PERSONAL_MOBILE": "",
    "PERSONAL_PHOTO": "https://bitrix.aksilia.com/upload/main/644/644bb256b15a0fb7fa5c1f22264f1ef4/Maurizio Ricci.jpg",
    "PERSONAL_WWW": "",
    "SECOND_NAME": "",
    "TIMESTAMP_X": Object {},
    "TIME_ZONE": "",
    "TIME_ZONE_OFFSET": "-7200",
    "UF_DEPARTMENT": Array [
      1,
    ],
    "UF_EMPLOYMENT_DATE": "",
    "UF_USR_1633014462334": "",
    "UF_USR_1655797769841": false,
    "USER_TYPE": "employee",
    "WORK_PHONE": "",
    "WORK_POSITION": "Graphic Web Developer Specialist",
    "XML_ID": "29946021",
  },
  Object {
    "ACTIVE": false,
    "DATE_REGISTER": "2020-06-17T01:00:00+02:00",
    "EMAIL": "l.orsi@aksilia.com",
    "ID": "136",
    "IS_ONLINE": "N",
    "LAST_ACTIVITY_DATE": Object {},
    "LAST_LOGIN": "2022-08-30T09:39:05+02:00",
    "LAST_NAME": "Orsi",
    "NAME": "Laila",
    "PERSONAL_BIRTHDAY": "2020-07-18T01:00:00+02:00",
    "PERSONAL_CITY": "",
    "PERSONAL_COUNTRY": "0",
    "PERSONAL_FAX": "",
    "PERSONAL_GENDER": "",
    "PERSONAL_MAILBOX": "",
    "PERSONAL_MOBILE": "",
    "PERSONAL_PHONE": "3473552436",
    "PERSONAL_PHOTO": "https://bitrix.aksilia.com/upload/main/33a/33a04a25dbdeb985c355b43c5599b768/Laila Orsi.jpg",
    "PERSONAL_STATE": "",
    "PERSONAL_STREET": "",
    "PERSONAL_WWW": "",
    "PERSONAL_ZIP": "",
    "SECOND_NAME": "",
    "TIMESTAMP_X": Object {},
    "TIME_ZONE": "",
    "TIME_ZONE_OFFSET": "0",
    "UF_DEPARTMENT": Array [
      5,
    ],
    "UF_EMPLOYMENT_DATE": "",
    "UF_PHONE_INNER": "20",
    "UF_USR_1633014462334": "",
    "UF_USR_1655797769841": Array [
      "Consulente ISO 27001, GDPR e 231",
    ],
    "USER_TYPE": "employee",
    "WORK_PHONE": "",
    "WORK_POSITION": "ISO&GDPR Consultant",
    "XML_ID": "29999907",
  },
  Object {
    "ACTIVE": false,
    "DATE_REGISTER": "2020-06-29T01:00:00+02:00",
    "EMAIL": "s.deluca@aksilia.com",
    "ID": "138",
    "IS_ONLINE": "N",
    "LAST_ACTIVITY_DATE": Object {},
    "LAST_LOGIN": "2022-09-30T12:28:01+02:00",
    "LAST_NAME": "De Luca",
    "NAME": "Simone",
    "PERSONAL_BIRTHDAY": "2001-08-21T01:00:00+02:00",
    "PERSONAL_CITY": "",
    "PERSONAL_GENDER": "M",
    "PERSONAL_MOBILE": "",
    "PERSONAL_PHONE": "",
    "PERSONAL_PHOTO": "https://bitrix.aksilia.com/upload/main/aa2/aa22bd177235eb480a5eafe0341c8eb1/me_profilo_quad.jpeg",
    "PERSONAL_WWW": "",
    "SECOND_NAME": "",
    "TIMESTAMP_X": Object {},
    "TIME_ZONE": "",
    "TIME_ZONE_OFFSET": "0",
    "UF_DEPARTMENT": Array [
      8,
    ],
    "UF_EMPLOYMENT_DATE": "2020-07-01T01:00:00+02:00",
    "UF_PHONE_INNER": "19",
    "UF_USR_1633014462334": "",
    "UF_USR_1655797769841": Array [
      "Ricerca e sviluppo per Aksilia Suite",
      "Manutenzione infrastruttura Aksilia Suite",
      "Sicurezza Aksilia Suite e programmi Aksilia",
      "Consulenza Aksilia Suite",
    ],
    "USER_TYPE": "employee",
    "WORK_PHONE": "",
    "WORK_POSITION": "Junior Security Analyst",
    "XML_ID": "30223711",
  },
  Object {
    "ACTIVE": true,
    "DATE_REGISTER": "2020-07-30T01:00:00+02:00",
    "EMAIL": "p.viani@aksilia.com",
    "ID": "154",
    "IS_ONLINE": "Y",
    "LAST_ACTIVITY_DATE": Object {},
    "LAST_LOGIN": "2023-11-15T12:25:49+01:00",
    "LAST_NAME": "Viani",
    "NAME": "Patrizio",
    "PERSONAL_BIRTHDAY": "1972-11-12T01:00:00+01:00",
    "PERSONAL_CITY": "Lucca",
    "PERSONAL_GENDER": "M",
    "PERSONAL_MOBILE": "3287335299",
    "PERSONAL_PHOTO": "https://bitrix.aksilia.com/upload/main/9cf/c1eax5641y66ivaa3leqox9wc4iu0jw7/Foto Patrizio 2.png",
    "PERSONAL_WWW": "",
    "SECOND_NAME": "",
    "TIMESTAMP_X": Object {},
    "TIME_ZONE": "",
    "TIME_ZONE_OFFSET": "0",
    "UF_DEPARTMENT": Array [
      116,
    ],
    "UF_EMPLOYMENT_DATE": "",
    "UF_PHONE_INNER": "4",
    "UF_SKYPE": "Viani patrizio",
    "UF_USR_1633014462334": "",
    "UF_USR_1655797769841": Array [
      "Attività commerciale per la Finanza Agevolata",
      "Attività commerciale piccoli clienti GDPR con Suite",
      "Attività commerciali generiche di supporto per promuovere servizi trasversali Aksilia Group",
      "Attività Tecnica per Progetti di Formazione 4.0",
      "Attività tecnica di controllo di gestione",
      "Attività trasversali di supporto al Marketing e Organizzazione",
    ],
    "USER_TYPE": "employee",
    "WORK_PHONE": "",
    "WORK_POSITION": "",
    "XML_ID": "30882593",
  },
  Object {
    "ACTIVE": false,
    "DATE_REGISTER": "2020-08-04T01:00:00+02:00",
    "EMAIL": "x.nertila@aksilia.com",
    "ID": "156",
    "IS_ONLINE": "N",
    "LAST_ACTIVITY_DATE": Object {},
    "LAST_LOGIN": "2021-02-05T17:17:00+01:00",
    "LAST_NAME": "Xhebexhiu",
    "NAME": "Nertila",
    "PERSONAL_BIRTHDAY": "1985-01-20T01:00:00+01:00",
    "PERSONAL_CITY": "",
    "PERSONAL_GENDER": "",
    "PERSONAL_MOBILE": "",
    "PERSONAL_PHOTO": "https://bitrix.aksilia.com/upload/main/816/81687b3fdbd18520fd4c896386983497/tmp.png",
    "PERSONAL_WWW": "",
    "TIMESTAMP_X": Object {},
    "TIME_ZONE": "",
    "TIME_ZONE_OFFSET": "3600",
    "UF_DEPARTMENT": Array [
      68,
    ],
    "UF_EMPLOYMENT_DATE": "",
    "UF_PHONE_INNER": "104",
    "UF_USR_1633014462334": "",
    "UF_USR_1655797769841": false,
    "USER_TYPE": "employee",
    "WORK_PHONE": "3518233369",
    "WORK_POSITION": "Finance and Control Consultant",
    "XML_ID": "30967757",
  },
  Object {
    "ACTIVE": false,
    "DATE_REGISTER": "2020-08-04T01:00:00+02:00",
    "EMAIL": "g.delcarlo@aksilia.com",
    "ID": "158",
    "IS_ONLINE": "N",
    "LAST_ACTIVITY_DATE": Object {},
    "LAST_LOGIN": "2023-09-22T17:43:25+02:00",
    "LAST_NAME": "Del Carlo",
    "NAME": "Giovanni",
    "PERSONAL_BIRTHDAY": "",
    "PERSONAL_GENDER": "",
    "PERSONAL_MOBILE": "",
    "PERSONAL_PHONE": "",
    "PERSONAL_PHOTO": "https://bitrix.aksilia.com/upload/main/db8/db8f85095c9941c47d030417dcd23272/avatar.png",
    "PERSONAL_WWW": "",
    "SECOND_NAME": "",
    "TIMESTAMP_X": Object {},
    "TIME_ZONE_OFFSET": "0",
    "UF_DEPARTMENT": Array [
      1,
    ],
    "UF_EMPLOYMENT_DATE": "",
    "UF_USR_1633014462334": "",
    "UF_USR_1655797769841": false,
    "USER_TYPE": "employee",
    "WORK_PHONE": "",
    "WORK_POSITION": "",
    "XML_ID": "25596885",
  },
  Object {
    "ACTIVE": false,
    "DATE_REGISTER": "2020-08-14T01:00:00+02:00",
    "EMAIL": "l.mazza@aksilia.com",
    "ID": "160",
    "IS_ONLINE": "N",
    "LAST_ACTIVITY_DATE": Object {},
    "LAST_LOGIN": "2020-12-15T10:45:44+01:00",
    "LAST_NAME": "Mazza",
    "NAME": "Lorenzo",
    "PERSONAL_BIRTHDAY": "1981-10-04T01:00:00+01:00",
    "PERSONAL_CITY": "Viareggio",
    "PERSONAL_GENDER": "M",
    "PERSONAL_MOBILE": "00393291233331",
    "PERSONAL_PHOTO": "https://bitrix.aksilia.com/upload/main/e9e/e9e4af49fb6e96e176e3e84bdfc0bf6c/IMG_20170722_183045 _4_.jpg",
    "PERSONAL_WWW": "",
    "SECOND_NAME": "",
    "TIMESTAMP_X": Object {},
    "TIME_ZONE": "",
    "TIME_ZONE_OFFSET": "-7200",
    "UF_DEPARTMENT": Array [
      1,
    ],
    "UF_EMPLOYMENT_DATE": "2020-09-01T01:00:00+02:00",
    "UF_SKYPE": "altriventi",
    "UF_USR_1633014462334": "",
    "UF_USR_1655797769841": false,
    "USER_TYPE": "employee",
    "WORK_PHONE": "",
    "WORK_POSITION": "Marketing & Communication - SEO Consultant",
    "XML_ID": "31153229",
  },
  Object {
    "ACTIVE": false,
    "DATE_REGISTER": "2020-08-18T01:00:00+02:00",
    "EMAIL": "m.pinto@aksilia.com",
    "ID": "162",
    "IS_ONLINE": "N",
    "LAST_ACTIVITY_DATE": Object {},
    "LAST_LOGIN": "2021-01-07T18:31:37+01:00",
    "LAST_NAME": "Pinto",
    "NAME": "Michael",
    "PERSONAL_BIRTHDAY": "2000-05-24T01:00:00+02:00",
    "PERSONAL_CITY": "",
    "PERSONAL_GENDER": "",
    "PERSONAL_MOBILE": "3478353025",
    "PERSONAL_PHOTO": "https://bitrix.aksilia.com/upload/main/387/3878f1646097c71fcff9ebf8d0632fac/93114860_10213771882966009_4647290008821039104_o.jpg",
    "PERSONAL_WWW": "",
    "SECOND_NAME": "Alex",
    "TIMESTAMP_X": Object {},
    "TIME_ZONE": "",
    "TIME_ZONE_OFFSET": "-7200",
    "UF_DEPARTMENT": Array [
      5,
    ],
    "UF_EMPLOYMENT_DATE": "2020-08-31T01:00:00+02:00",
    "UF_SKYPE": "miki2401",
    "UF_USR_1633014462334": "",
    "UF_USR_1655797769841": false,
    "USER_TYPE": "employee",
    "WORK_PHONE": "",
    "WORK_POSITION": "Software developer",
    "XML_ID": "31212283",
  },
]
`;

exports[`Users get should get entry with ID = 1 1`] = `
Array [
  Object {
    "ACTIVE": false,
    "DATE_REGISTER": "2019-08-16T01:00:00+02:00",
    "EMAIL": "p.tognotti@aksilia.com",
    "ID": "1",
    "IS_ONLINE": "N",
    "LAST_ACTIVITY_DATE": Object {},
    "LAST_LOGIN": "2021-08-17T17:21:46+02:00",
    "LAST_NAME": "Tognotti",
    "NAME": "Paolo",
    "PERSONAL_BIRTHDAY": "1966-07-10T01:00:00+02:00",
    "PERSONAL_CITY": "",
    "PERSONAL_COUNTRY": "0",
    "PERSONAL_FAX": "",
    "PERSONAL_GENDER": "M",
    "PERSONAL_ICQ": "",
    "PERSONAL_MAILBOX": "",
    "PERSONAL_MOBILE": "3498425135",
    "PERSONAL_NOTES": "",
    "PERSONAL_PAGER": "",
    "PERSONAL_PHONE": "",
    "PERSONAL_PHOTO": "https://bitrix.aksilia.com/upload/main/35b/Paolo Tognotti.jpg",
    "PERSONAL_PROFESSION": "",
    "PERSONAL_STATE": "",
    "PERSONAL_STREET": "",
    "PERSONAL_WWW": "",
    "PERSONAL_ZIP": "",
    "SECOND_NAME": "",
    "TIMESTAMP_X": Object {},
    "TIME_ZONE": "Europe/Rome",
    "TIME_ZONE_OFFSET": "7200",
    "TITLE": "",
    "UF_DEPARTMENT": Array [
      8,
    ],
    "UF_EMPLOYMENT_DATE": "",
    "UF_USR_1633014462334": "",
    "UF_USR_1655797769841": false,
    "USER_TYPE": "employee",
    "WORK_CITY": "",
    "WORK_COMPANY": "",
    "WORK_COUNTRY": "0",
    "WORK_DEPARTMENT": "",
    "WORK_FAX": "",
    "WORK_MAILBOX": "",
    "WORK_NOTES": "",
    "WORK_PAGER": "",
    "WORK_PHONE": "",
    "WORK_POSITION": "R&D Director",
    "WORK_PROFILE": "",
    "WORK_STATE": "",
    "WORK_STREET": "",
    "WORK_WWW": "",
    "WORK_ZIP": "",
    "XML_ID": "24723709",
  },
]
`;
