// Jest Snapshot v1, https://goo.gl/fbAQLP

exports[`Deals fields should get all fields 1`] = `
Object {
  "ADDITIONAL_INFO": Object {
    "isDynamic": false,
    "isImmutable": false,
    "isMultiple": false,
    "isReadOnly": false,
    "isRequired": false,
    "title": "Informazioni aggiuntive",
    "type": "string",
  },
  "ASSIGNED_BY_ID": Object {
    "isDynamic": false,
    "isImmutable": false,
    "isMultiple": false,
    "isReadOnly": false,
    "isRequired": false,
    "title": "Responsabile",
    "type": "user",
  },
  "BEGINDATE": Object {
    "isDynamic": false,
    "isImmutable": false,
    "isMultiple": false,
    "isReadOnly": false,
    "isRequired": false,
    "title": "Data di inizio",
    "type": "date",
  },
  "CATEGORY_ID": Object {
    "isDynamic": false,
    "isImmutable": true,
    "isMultiple": false,
    "isReadOnly": false,
    "isRequired": false,
    "title": "Pipeline",
    "type": "crm_category",
  },
  "CLOSED": Object {
    "isDynamic": false,
    "isImmutable": false,
    "isMultiple": false,
    "isReadOnly": false,
    "isRequired": false,
    "title": "Chiuso",
    "type": "char",
  },
  "CLOSEDATE": Object {
    "isDynamic": false,
    "isImmutable": false,
    "isMultiple": false,
    "isReadOnly": false,
    "isRequired": false,
    "title": "Data di fine",
    "type": "date",
  },
  "COMMENTS": Object {
    "isDynamic": false,
    "isImmutable": false,
    "isMultiple": false,
    "isReadOnly": false,
    "isRequired": false,
    "title": "Commento",
    "type": "string",
  },
  "COMPANY_ID": Object {
    "isDynamic": false,
    "isImmutable": false,
    "isMultiple": false,
    "isReadOnly": false,
    "isRequired": false,
    "settings": Object {
      "parentEntityTypeId": 4,
    },
    "title": "Azienda",
    "type": "crm_company",
  },
  "CONTACT_ID": Object {
    "isDeprecated": true,
    "isDynamic": false,
    "isImmutable": false,
    "isMultiple": false,
    "isReadOnly": false,
    "isRequired": false,
    "title": "Contatto",
    "type": "crm_contact",
  },
  "CONTACT_IDS": Object {
    "isDynamic": false,
    "isImmutable": false,
    "isMultiple": true,
    "isReadOnly": false,
    "isRequired": false,
    "title": "Contatti",
    "type": "crm_contact",
  },
  "CREATED_BY_ID": Object {
    "isDynamic": false,
    "isImmutable": false,
    "isMultiple": false,
    "isReadOnly": true,
    "isRequired": false,
    "title": "Creato da",
    "type": "user",
  },
  "CURRENCY_ID": Object {
    "isDynamic": false,
    "isImmutable": false,
    "isMultiple": false,
    "isReadOnly": false,
    "isRequired": false,
    "title": "Valuta",
    "type": "crm_currency",
  },
  "DATE_CREATE": Object {
    "isDynamic": false,
    "isImmutable": false,
    "isMultiple": false,
    "isReadOnly": true,
    "isRequired": false,
    "title": "Creato il",
    "type": "datetime",
  },
  "DATE_MODIFY": Object {
    "isDynamic": false,
    "isImmutable": false,
    "isMultiple": false,
    "isReadOnly": true,
    "isRequired": false,
    "title": "Modificato il",
    "type": "datetime",
  },
  "ID": Object {
    "isDynamic": false,
    "isImmutable": false,
    "isMultiple": false,
    "isReadOnly": true,
    "isRequired": false,
    "title": "ID",
    "type": "integer",
  },
  "IS_MANUAL_OPPORTUNITY": Object {
    "isDynamic": false,
    "isImmutable": false,
    "isMultiple": false,
    "isReadOnly": false,
    "isRequired": false,
    "title": "IS_MANUAL_OPPORTUNITY",
    "type": "char",
  },
  "IS_NEW": Object {
    "isDynamic": false,
    "isImmutable": false,
    "isMultiple": false,
    "isReadOnly": true,
    "isRequired": false,
    "title": "Nuovo affare",
    "type": "char",
  },
  "IS_RECURRING": Object {
    "isDynamic": false,
    "isImmutable": false,
    "isMultiple": false,
    "isReadOnly": false,
    "isRequired": false,
    "title": "Affare ricorrente",
    "type": "char",
  },
  "IS_REPEATED_APPROACH": Object {
    "isDynamic": false,
    "isImmutable": false,
    "isMultiple": false,
    "isReadOnly": false,
    "isRequired": false,
    "title": "Richiesta ripetuta",
    "type": "char",
  },
  "IS_RETURN_CUSTOMER": Object {
    "isDynamic": false,
    "isImmutable": false,
    "isMultiple": false,
    "isReadOnly": false,
    "isRequired": false,
    "title": "Affare ripetuto",
    "type": "char",
  },
  "LAST_ACTIVITY_BY": Object {
    "isDynamic": false,
    "isImmutable": false,
    "isMultiple": false,
    "isReadOnly": true,
    "isRequired": false,
    "title": "LAST_ACTIVITY_BY",
    "type": "user",
  },
  "LAST_ACTIVITY_TIME": Object {
    "isDynamic": false,
    "isImmutable": false,
    "isMultiple": false,
    "isReadOnly": true,
    "isRequired": false,
    "title": "LAST_ACTIVITY_TIME",
    "type": "datetime",
  },
  "LEAD_ID": Object {
    "isDynamic": false,
    "isImmutable": false,
    "isMultiple": false,
    "isReadOnly": true,
    "isRequired": false,
    "settings": Object {
      "parentEntityTypeId": 1,
    },
    "title": "Lead",
    "type": "crm_lead",
  },
  "LOCATION_ID": Object {
    "isDynamic": false,
    "isImmutable": false,
    "isMultiple": false,
    "isReadOnly": false,
    "isRequired": false,
    "title": "Sede",
    "type": "location",
  },
  "MODIFY_BY_ID": Object {
    "isDynamic": false,
    "isImmutable": false,
    "isMultiple": false,
    "isReadOnly": true,
    "isRequired": false,
    "title": "Modificato da",
    "type": "user",
  },
  "MOVED_BY_ID": Object {
    "isDynamic": false,
    "isImmutable": false,
    "isMultiple": false,
    "isReadOnly": true,
    "isRequired": false,
    "title": "MOVED_BY_ID",
    "type": "user",
  },
  "MOVED_TIME": Object {
    "isDynamic": false,
    "isImmutable": false,
    "isMultiple": false,
    "isReadOnly": true,
    "isRequired": false,
    "title": "MOVED_TIME",
    "type": "datetime",
  },
  "OPENED": Object {
    "isDynamic": false,
    "isImmutable": false,
    "isMultiple": false,
    "isReadOnly": false,
    "isRequired": false,
    "title": "Disponibile per tutti",
    "type": "char",
  },
  "OPPORTUNITY": Object {
    "isDynamic": false,
    "isImmutable": false,
    "isMultiple": false,
    "isReadOnly": false,
    "isRequired": false,
    "title": "Totale",
    "type": "double",
  },
  "ORIGINATOR_ID": Object {
    "isDynamic": false,
    "isImmutable": false,
    "isMultiple": false,
    "isReadOnly": false,
    "isRequired": false,
    "title": "Origine esterna",
    "type": "string",
  },
  "ORIGIN_ID": Object {
    "isDynamic": false,
    "isImmutable": false,
    "isMultiple": false,
    "isReadOnly": false,
    "isRequired": false,
    "title": "ID elemento in origine dati",
    "type": "string",
  },
  "PARENT_ID_180": Object {
    "isDynamic": false,
    "isImmutable": false,
    "isMultiple": false,
    "isReadOnly": false,
    "isRequired": false,
    "settings": Object {
      "parentEntityTypeId": 180,
    },
    "title": "Studio Turri",
    "type": "crm_entity",
  },
  "PROBABILITY": Object {
    "isDynamic": false,
    "isImmutable": false,
    "isMultiple": false,
    "isReadOnly": false,
    "isRequired": false,
    "title": "Probabilità",
    "type": "integer",
  },
  "QUOTE_ID": Object {
    "isDynamic": false,
    "isImmutable": false,
    "isMultiple": false,
    "isReadOnly": true,
    "isRequired": false,
    "settings": Object {
      "parentEntityTypeId": 7,
    },
    "title": "Preventivo",
    "type": "crm_quote",
  },
  "SOURCE_DESCRIPTION": Object {
    "isDynamic": false,
    "isImmutable": false,
    "isMultiple": false,
    "isReadOnly": false,
    "isRequired": false,
    "title": "Informazioni origine",
    "type": "string",
  },
  "SOURCE_ID": Object {
    "isDynamic": false,
    "isImmutable": false,
    "isMultiple": false,
    "isReadOnly": false,
    "isRequired": false,
    "statusType": "SOURCE",
    "title": "Origine",
    "type": "crm_status",
  },
  "STAGE_ID": Object {
    "isDynamic": false,
    "isImmutable": false,
    "isMultiple": false,
    "isReadOnly": false,
    "isRequired": false,
    "statusType": "DEAL_STAGE",
    "title": "Fase affare",
    "type": "crm_status",
  },
  "STAGE_SEMANTIC_ID": Object {
    "isDynamic": false,
    "isImmutable": false,
    "isMultiple": false,
    "isReadOnly": true,
    "isRequired": false,
    "title": "Gruppo fasi",
    "type": "string",
  },
  "TAX_VALUE": Object {
    "isDynamic": false,
    "isImmutable": false,
    "isMultiple": false,
    "isReadOnly": false,
    "isRequired": false,
    "title": "Aliquota fiscale",
    "type": "double",
  },
  "TITLE": Object {
    "isDynamic": false,
    "isImmutable": false,
    "isMultiple": false,
    "isReadOnly": false,
    "isRequired": true,
    "title": "Nome",
    "type": "string",
  },
  "TYPE_ID": Object {
    "isDynamic": false,
    "isImmutable": false,
    "isMultiple": false,
    "isReadOnly": false,
    "isRequired": false,
    "statusType": "DEAL_TYPE",
    "title": "Tipo",
    "type": "crm_status",
  },
  "UF_CRM_1580311348": Object {
    "filterLabel": "Allegati",
    "formLabel": "Allegati",
    "isDynamic": true,
    "isImmutable": false,
    "isMultiple": true,
    "isReadOnly": false,
    "isRequired": false,
    "listLabel": "Allegati",
    "settings": Object {
      "EXTENSIONS": Array [],
      "LIST_HEIGHT": 0,
      "LIST_WIDTH": 0,
      "MAX_ALLOWED_SIZE": 0,
      "MAX_SHOW_SIZE": 0,
      "SIZE": 20,
    },
    "title": "UF_CRM_1580311348",
    "type": "file",
  },
  "UF_CRM_1623225029": Object {
    "filterLabel": "Metodo di Pagamento",
    "formLabel": "Metodo di Pagamento",
    "isDynamic": true,
    "isImmutable": false,
    "isMultiple": false,
    "isReadOnly": false,
    "isRequired": false,
    "items": Array [
      Object {
        "ID": "1336",
        "VALUE": "BONIFICO BANCARIO",
      },
      Object {
        "ID": "3216",
        "VALUE": "RID",
      },
      Object {
        "ID": "3219",
        "VALUE": "RI.BA",
      },
      Object {
        "ID": "3220",
        "VALUE": "ASSEGNO BANCARIO",
      },
    ],
    "listLabel": "Metodo di Pagamento",
    "settings": Object {
      "CAPTION_NO_VALUE": "",
      "DISPLAY": "LIST",
      "LIST_HEIGHT": 1,
      "SHOW_NO_VALUE": "Y",
    },
    "title": "UF_CRM_1623225029",
    "type": "enumeration",
  },
  "UF_CRM_1623246515": Object {
    "filterLabel": "Success Fee (%)",
    "formLabel": "Success Fee (%)",
    "isDynamic": true,
    "isImmutable": false,
    "isMultiple": false,
    "isReadOnly": false,
    "isRequired": false,
    "listLabel": "Success Fee (%)",
    "settings": Object {
      "DEFAULT_VALUE": "",
      "MAX_VALUE": 0,
      "MIN_VALUE": 0,
      "PRECISION": 2,
      "SIZE": 20,
    },
    "title": "UF_CRM_1623246515",
    "type": "double",
  },
  "UF_CRM_1627909601": Object {
    "filterLabel": "Old?",
    "formLabel": "Old?",
    "isDynamic": true,
    "isImmutable": false,
    "isMultiple": false,
    "isReadOnly": false,
    "isRequired": false,
    "listLabel": "Old?",
    "settings": Object {
      "DEFAULT_VALUE": 0,
      "DISPLAY": "CHECKBOX",
      "LABEL": Array [
        null,
        null,
      ],
      "LABEL_CHECKBOX": "Old?",
    },
    "title": "UF_CRM_1627909601",
    "type": "boolean",
  },
  "UF_CRM_1633015001": Object {
    "filterLabel": "Crea SPA",
    "formLabel": "Crea SPA",
    "isDynamic": true,
    "isImmutable": false,
    "isMultiple": false,
    "isReadOnly": false,
    "isRequired": false,
    "listLabel": "Crea SPA",
    "settings": Object {
      "DEFAULT_VALUE": 0,
      "DISPLAY": "CHECKBOX",
      "LABEL": Array [
        null,
        null,
      ],
      "LABEL_CHECKBOX": "Crea SPA",
    },
    "title": "UF_CRM_1633015001",
    "type": "boolean",
  },
  "UF_CRM_1636018271": Object {
    "filterLabel": "Fattura dilazionata",
    "formLabel": "Fattura dilazionata",
    "isDynamic": true,
    "isImmutable": false,
    "isMultiple": false,
    "isReadOnly": false,
    "isRequired": false,
    "listLabel": "Fattura dilazionata",
    "settings": Object {
      "DEFAULT_VALUE": 0,
      "DISPLAY": "CHECKBOX",
      "LABEL": Array [
        null,
        null,
      ],
      "LABEL_CHECKBOX": "Fattura dilazionata",
    },
    "title": "UF_CRM_1636018271",
    "type": "boolean",
  },
  "UF_CRM_1636018326": Object {
    "filterLabel": "Ogni quanti mesi fattura",
    "formLabel": "Ogni quanti mesi fattura",
    "isDynamic": true,
    "isImmutable": false,
    "isMultiple": false,
    "isReadOnly": false,
    "isRequired": false,
    "listLabel": "Ogni quanti mesi fattura",
    "settings": Object {
      "DEFAULT_VALUE": "",
      "MAX_VALUE": 0,
      "MIN_VALUE": 0,
      "SIZE": 20,
    },
    "title": "UF_CRM_1636018326",
    "type": "integer",
  },
  "UF_CRM_1636018368": Object {
    "filterLabel": "Data di fatturazione prima rata",
    "formLabel": "Data di fatturazione prima rata",
    "isDynamic": true,
    "isImmutable": false,
    "isMultiple": false,
    "isReadOnly": false,
    "isRequired": false,
    "listLabel": "Data di fatturazione prima rata",
    "settings": Object {
      "DEFAULT_VALUE": Object {
        "TYPE": "NONE",
        "VALUE": "",
      },
    },
    "title": "UF_CRM_1636018368",
    "type": "date",
  },
  "UF_CRM_1636018383": Object {
    "filterLabel": "Imponibile acconto",
    "formLabel": "Imponibile acconto",
    "isDynamic": true,
    "isImmutable": false,
    "isMultiple": false,
    "isReadOnly": false,
    "isRequired": false,
    "listLabel": "Imponibile acconto",
    "settings": Object {
      "DEFAULT_VALUE": "",
    },
    "title": "UF_CRM_1636018383",
    "type": "money",
  },
  "UF_CRM_1637317806": Object {
    "filterLabel": "Data fine rate (se non serve, lasciare vuoto)",
    "formLabel": "Data fine rate (se non serve, lasciare vuoto)",
    "isDynamic": true,
    "isImmutable": false,
    "isMultiple": false,
    "isReadOnly": false,
    "isRequired": false,
    "listLabel": "Data fine rate (se non serve, lasciare vuoto)",
    "settings": Object {
      "DEFAULT_VALUE": Object {
        "TYPE": "NONE",
        "VALUE": "",
      },
    },
    "title": "UF_CRM_1637317806",
    "type": "date",
  },
  "UF_CRM_1637317845": Object {
    "filterLabel": "Imponibile per rata",
    "formLabel": "Imponibile per rata",
    "isDynamic": true,
    "isImmutable": false,
    "isMultiple": false,
    "isReadOnly": false,
    "isRequired": false,
    "listLabel": "Imponibile per rata",
    "settings": Object {
      "DEFAULT_VALUE": "",
    },
    "title": "UF_CRM_1637317845",
    "type": "money",
  },
  "UF_CRM_1639395302364": Object {
    "filterLabel": "Adempimenti",
    "formLabel": "Adempimenti",
    "isDynamic": true,
    "isImmutable": false,
    "isMultiple": true,
    "isReadOnly": false,
    "isRequired": false,
    "items": Array [
      Object {
        "ID": "1836",
        "VALUE": "IVA",
      },
      Object {
        "ID": "1837",
        "VALUE": "LIPE",
      },
      Object {
        "ID": "1838",
        "VALUE": "730",
      },
    ],
    "listLabel": "Adempimenti",
    "settings": Object {
      "CAPTION_NO_VALUE": "",
      "DISPLAY": "CHECKBOX",
      "LIST_HEIGHT": 1,
      "SHOW_NO_VALUE": "Y",
    },
    "title": "UF_CRM_1639395302364",
    "type": "enumeration",
  },
  "UF_CRM_1639470994337": Object {
    "filterLabel": "Prezzario di riferimento",
    "formLabel": "Prezzario di riferimento",
    "isDynamic": true,
    "isImmutable": false,
    "isMultiple": false,
    "isReadOnly": false,
    "isRequired": false,
    "items": Array [
      Object {
        "ID": "1842",
        "VALUE": "Micro",
      },
      Object {
        "ID": "1843",
        "VALUE": "Piccola",
      },
      Object {
        "ID": "1844",
        "VALUE": "Media",
      },
      Object {
        "ID": "1845",
        "VALUE": "Grande",
      },
    ],
    "listLabel": "Prezzario di riferimento",
    "settings": Object {
      "CAPTION_NO_VALUE": "",
      "DISPLAY": "LIST",
      "LIST_HEIGHT": 1,
      "SHOW_NO_VALUE": "Y",
    },
    "title": "UF_CRM_1639470994337",
    "type": "enumeration",
  },
  "UF_CRM_1640018105128": Object {
    "filterLabel": "VAC?",
    "formLabel": "VAC?",
    "isDynamic": true,
    "isImmutable": false,
    "isMultiple": false,
    "isReadOnly": false,
    "isRequired": false,
    "items": Array [
      Object {
        "ID": "1870",
        "VALUE": "Sì",
      },
      Object {
        "ID": "1871",
        "VALUE": "No",
      },
    ],
    "listLabel": "VAC?",
    "settings": Object {
      "CAPTION_NO_VALUE": "",
      "DISPLAY": "LIST",
      "LIST_HEIGHT": 1,
      "SHOW_NO_VALUE": "Y",
    },
    "title": "UF_CRM_1640018105128",
    "type": "enumeration",
  },
  "UF_CRM_1640018125094": Object {
    "filterLabel": "15%?",
    "formLabel": "15%?",
    "isDynamic": true,
    "isImmutable": false,
    "isMultiple": false,
    "isReadOnly": false,
    "isRequired": false,
    "items": Array [
      Object {
        "ID": "1872",
        "VALUE": "Sì",
      },
      Object {
        "ID": "1873",
        "VALUE": "No",
      },
    ],
    "listLabel": "15%?",
    "settings": Object {
      "CAPTION_NO_VALUE": "",
      "DISPLAY": "LIST",
      "LIST_HEIGHT": 1,
      "SHOW_NO_VALUE": "Y",
    },
    "title": "UF_CRM_1640018125094",
    "type": "enumeration",
  },
  "UF_CRM_1642074239097": Object {
    "filterLabel": "Gestione adempimenti",
    "formLabel": "Gestione adempimenti",
    "isDynamic": true,
    "isImmutable": false,
    "isMultiple": false,
    "isReadOnly": false,
    "isRequired": false,
    "listLabel": "Gestione adempimenti",
    "settings": Object {
      "DEFAULT_VALUE": 0,
      "DISPLAY": "CHECKBOX",
      "LABEL": Array [
        null,
        null,
      ],
      "LABEL_CHECKBOX": Object {
        "br": "Gestione adempimenti",
        "de": "Gestione adempimenti",
        "en": "Gestione adempimenti",
        "fr": "Gestione adempimenti",
        "hi": "Gestione adempimenti",
        "id": "Gestione adempimenti",
        "it": "Gestione adempimenti",
        "ja": "Gestione adempimenti",
        "la": "Gestione adempimenti",
        "ms": "Gestione adempimenti",
        "pl": "Gestione adempimenti",
        "ru": "Gestione adempimenti",
        "sc": "Gestione adempimenti",
        "tc": "Gestione adempimenti",
        "th": "Gestione adempimenti",
        "tr": "Gestione adempimenti",
        "ua": "Gestione adempimenti",
        "vn": "Gestione adempimenti",
      },
    },
    "title": "UF_CRM_1642074239097",
    "type": "boolean",
  },
  "UF_CRM_1646394821": Object {
    "filterLabel": "BACK_FatturazioneItaliana",
    "formLabel": "BACK_FatturazioneItaliana",
    "isDynamic": true,
    "isImmutable": false,
    "isMultiple": false,
    "isReadOnly": false,
    "isRequired": false,
    "items": Array [
      Object {
        "ID": "2007",
        "VALUE": "Sì",
      },
      Object {
        "ID": "2008",
        "VALUE": "No",
      },
    ],
    "listLabel": "BACK_FatturazioneItaliana",
    "settings": Object {
      "CAPTION_NO_VALUE": "",
      "DISPLAY": "LIST",
      "LIST_HEIGHT": 5,
      "SHOW_NO_VALUE": "Y",
    },
    "title": "UF_CRM_1646394821",
    "type": "enumeration",
  },
  "UF_CRM_1646394909": Object {
    "filterLabel": "BACK_Tipologia",
    "formLabel": "BACK_Tipologia",
    "isDynamic": true,
    "isImmutable": false,
    "isMultiple": false,
    "isReadOnly": false,
    "isRequired": false,
    "items": Array [
      Object {
        "ID": "2009",
        "VALUE": "Cancelleria",
      },
      Object {
        "ID": "2010",
        "VALUE": "Software",
      },
      Object {
        "ID": "2011",
        "VALUE": "Consulenza",
      },
      Object {
        "ID": "2012",
        "VALUE": "Hardware",
      },
      Object {
        "ID": "2013",
        "VALUE": "Altro",
      },
    ],
    "listLabel": "BACK_Tipologia",
    "settings": Object {
      "CAPTION_NO_VALUE": "",
      "DISPLAY": "LIST",
      "LIST_HEIGHT": 5,
      "SHOW_NO_VALUE": "Y",
    },
    "title": "UF_CRM_1646394909",
    "type": "enumeration",
  },
  "UF_CRM_1646394959": Object {
    "filterLabel": "BACK_Urgente",
    "formLabel": "BACK_Urgente",
    "isDynamic": true,
    "isImmutable": false,
    "isMultiple": false,
    "isReadOnly": false,
    "isRequired": false,
    "items": Array [
      Object {
        "ID": "2014",
        "VALUE": "Sì",
      },
      Object {
        "ID": "2015",
        "VALUE": "No",
      },
    ],
    "listLabel": "BACK_Urgente",
    "settings": Object {
      "CAPTION_NO_VALUE": "",
      "DISPLAY": "LIST",
      "LIST_HEIGHT": 5,
      "SHOW_NO_VALUE": "Y",
    },
    "title": "UF_CRM_1646394959",
    "type": "enumeration",
  },
  "UF_CRM_1646395065": Object {
    "filterLabel": "BACK_Fornitore",
    "formLabel": "BACK_Fornitore",
    "isDynamic": true,
    "isImmutable": false,
    "isMultiple": false,
    "isReadOnly": false,
    "isRequired": false,
    "listLabel": "BACK_Fornitore",
    "settings": Object {
      "COMPANY": "Y",
    },
    "title": "UF_CRM_1646395065",
    "type": "crm",
  },
  "UF_CRM_1646395082": Object {
    "filterLabel": "BACK_Cliente",
    "formLabel": "BACK_Cliente",
    "isDynamic": true,
    "isImmutable": false,
    "isMultiple": false,
    "isReadOnly": false,
    "isRequired": false,
    "listLabel": "BACK_Cliente",
    "settings": Object {
      "COMPANY": "Y",
    },
    "title": "UF_CRM_1646395082",
    "type": "crm",
  },
  "UF_CRM_1646395127": Object {
    "filterLabel": "BACK_OffertaRiferimento",
    "formLabel": "BACK_OffertaRiferimento",
    "isDynamic": true,
    "isImmutable": false,
    "isMultiple": false,
    "isReadOnly": false,
    "isRequired": false,
    "listLabel": "BACK_OffertaRiferimento",
    "settings": Object {
      "DEAL": "Y",
    },
    "title": "UF_CRM_1646395127",
    "type": "crm",
  },
  "UF_CRM_1646395174": Object {
    "filterLabel": "BACK_ModalitàPagamento",
    "formLabel": "BACK_ModalitàPagamento",
    "isDynamic": true,
    "isImmutable": false,
    "isMultiple": false,
    "isReadOnly": false,
    "isRequired": false,
    "items": Array [
      Object {
        "ID": "2016",
        "VALUE": "Carta di credito",
      },
      Object {
        "ID": "2017",
        "VALUE": "Bonifico",
      },
      Object {
        "ID": "2018",
        "VALUE": "Contanti",
      },
      Object {
        "ID": "2019",
        "VALUE": "PayPal",
      },
      Object {
        "ID": "2020",
        "VALUE": "RiBa",
      },
    ],
    "listLabel": "BACK_ModalitàPagamento",
    "settings": Object {
      "CAPTION_NO_VALUE": "",
      "DISPLAY": "LIST",
      "LIST_HEIGHT": 5,
      "SHOW_NO_VALUE": "Y",
    },
    "title": "UF_CRM_1646395174",
    "type": "enumeration",
  },
  "UF_CRM_1646749365": Object {
    "filterLabel": "BACK_DataRichiesta",
    "formLabel": "BACK_DataRichiesta",
    "isDynamic": true,
    "isImmutable": false,
    "isMultiple": false,
    "isReadOnly": false,
    "isRequired": false,
    "listLabel": "BACK_DataRichiesta",
    "settings": Object {
      "DEFAULT_VALUE": Object {
        "TYPE": "NONE",
        "VALUE": "",
      },
      "USE_SECOND": "Y",
      "USE_TIMEZONE": "N",
    },
    "title": "UF_CRM_1646749365",
    "type": "datetime",
  },
  "UF_CRM_1646819603": Object {
    "filterLabel": "BACK_Ripetuto",
    "formLabel": "BACK_Ripetuto",
    "isDynamic": true,
    "isImmutable": false,
    "isMultiple": false,
    "isReadOnly": false,
    "isRequired": false,
    "items": Array [
      Object {
        "ID": "2065",
        "VALUE": "Sì",
      },
      Object {
        "ID": "2066",
        "VALUE": "No",
      },
    ],
    "listLabel": "BACK_Ripetuto",
    "settings": Object {
      "CAPTION_NO_VALUE": "",
      "DISPLAY": "LIST",
      "LIST_HEIGHT": 5,
      "SHOW_NO_VALUE": "Y",
    },
    "title": "UF_CRM_1646819603",
    "type": "enumeration",
  },
  "UF_CRM_1646819634": Object {
    "filterLabel": "BACK_OgniQuantiMesi",
    "formLabel": "BACK_OgniQuantiMesi",
    "isDynamic": true,
    "isImmutable": false,
    "isMultiple": false,
    "isReadOnly": false,
    "isRequired": false,
    "listLabel": "BACK_OgniQuantiMesi",
    "settings": Object {
      "DEFAULT_VALUE": null,
      "MAX_VALUE": 0,
      "MIN_VALUE": 0,
      "SIZE": 20,
    },
    "title": "UF_CRM_1646819634",
    "type": "integer",
  },
  "UF_CRM_1646819645": Object {
    "filterLabel": "BACK_DataFine",
    "formLabel": "BACK_DataFine",
    "isDynamic": true,
    "isImmutable": false,
    "isMultiple": false,
    "isReadOnly": false,
    "isRequired": false,
    "listLabel": "BACK_DataFine",
    "settings": Object {
      "DEFAULT_VALUE": Object {
        "TYPE": "NONE",
        "VALUE": "",
      },
    },
    "title": "UF_CRM_1646819645",
    "type": "date",
  },
  "UF_CRM_1646988636": Object {
    "filterLabel": "BACK_TemplatePadre",
    "formLabel": "BACK_TemplatePadre",
    "isDynamic": true,
    "isImmutable": false,
    "isMultiple": false,
    "isReadOnly": false,
    "isRequired": false,
    "listLabel": "BACK_TemplatePadre",
    "settings": Object {
      "DYNAMIC_188": "Y",
    },
    "title": "UF_CRM_1646988636",
    "type": "crm",
  },
  "UF_CRM_1648571367": Object {
    "filterLabel": "Dettaglio Servizi (Finanza)",
    "formLabel": "Dettaglio Servizi (Finanza)",
    "isDynamic": true,
    "isImmutable": false,
    "isMultiple": false,
    "isReadOnly": false,
    "isRequired": false,
    "items": Array [
      Object {
        "ID": "2217",
        "VALUE": "R&S - credito imposta",
      },
      Object {
        "ID": "2218",
        "VALUE": "Formazione 4.0 - credito imposta",
      },
      Object {
        "ID": "2219",
        "VALUE": "Investimenti 4.0 - credito imposta",
      },
      Object {
        "ID": "3229",
        "VALUE": "Bandi europei",
      },
      Object {
        "ID": "2222",
        "VALUE": "Bandi nazionali mimit",
      },
      Object {
        "ID": "2221",
        "VALUE": "Bandi SACE-SIMEST",
      },
      Object {
        "ID": "2224",
        "VALUE": "Bando ISI-INAIL",
      },
      Object {
        "ID": "3227",
        "VALUE": "Altri bandi nazionali",
      },
      Object {
        "ID": "2223",
        "VALUE": "Bandi regionali PSR",
      },
      Object {
        "ID": "2220",
        "VALUE": "Bandi regionali FESR",
      },
      Object {
        "ID": "2233",
        "VALUE": "Altri Bandi Regionali",
      },
      Object {
        "ID": "2448",
        "VALUE": "Bandi CCIAA Provinciali",
      },
      Object {
        "ID": "3228",
        "VALUE": "Altri bandi locali",
      },
      Object {
        "ID": "2225",
        "VALUE": "Servizio Checkup Aziendale",
      },
      Object {
        "ID": "2450",
        "VALUE": "Servizio Infobandi",
      },
      Object {
        "ID": "3233",
        "VALUE": "Consulenza continuativa interna",
      },
      Object {
        "ID": "3234",
        "VALUE": "Contratto open",
      },
      Object {
        "ID": "3235",
        "VALUE": "Contratto partner",
      },
    ],
    "listLabel": "Dettaglio Servizi (Finanza)",
    "settings": Object {
      "CAPTION_NO_VALUE": "",
      "DISPLAY": "DIALOG",
      "LIST_HEIGHT": 5,
      "SHOW_NO_VALUE": "Y",
    },
    "title": "UF_CRM_1648571367",
    "type": "enumeration",
  },
  "UF_CRM_1648571511": Object {
    "filterLabel": "Dettaglio Servizi (Consulenza)",
    "formLabel": "Dettaglio Servizi (Consulenza)",
    "isDynamic": true,
    "isImmutable": false,
    "isMultiple": false,
    "isReadOnly": false,
    "isRequired": false,
    "items": Array [
      Object {
        "ID": "2227",
        "VALUE": "GDPR",
      },
      Object {
        "ID": "2228",
        "VALUE": "ISO27001",
      },
      Object {
        "ID": "2229",
        "VALUE": "ISO9001",
      },
      Object {
        "ID": "2230",
        "VALUE": "Modello 231",
      },
      Object {
        "ID": "2231",
        "VALUE": "Sicurezza sui Luoghi di Lavoro",
      },
      Object {
        "ID": "2361",
        "VALUE": "HR",
      },
      Object {
        "ID": "2362",
        "VALUE": "IT",
      },
      Object {
        "ID": "2363",
        "VALUE": "ESG",
      },
      Object {
        "ID": "2373",
        "VALUE": "Aksilia Suite",
      },
      Object {
        "ID": "2232",
        "VALUE": "Altro",
      },
    ],
    "listLabel": "Dettaglio Servizi (Consulenza)",
    "settings": Object {
      "CAPTION_NO_VALUE": "",
      "DISPLAY": "DIALOG",
      "LIST_HEIGHT": 5,
      "SHOW_NO_VALUE": "Y",
    },
    "title": "UF_CRM_1648571511",
    "type": "enumeration",
  },
  "UF_CRM_1650637082": Object {
    "filterLabel": "BACK_Chi fattura?",
    "formLabel": "BACK_Chi fattura?",
    "isDynamic": true,
    "isImmutable": false,
    "isMultiple": false,
    "isReadOnly": false,
    "isRequired": false,
    "listLabel": "BACK_Chi fattura?",
    "settings": Object {
      "COMPANY": "Y",
      "LEAD": null,
    },
    "title": "UF_CRM_1650637082",
    "type": "crm",
  },
  "UF_CRM_1651486548": Object {
    "filterLabel": "Appartenenza",
    "formLabel": "Appartenenza",
    "isDynamic": true,
    "isImmutable": false,
    "isMultiple": false,
    "isReadOnly": false,
    "isRequired": true,
    "items": Array [
      Object {
        "ID": "2307",
        "VALUE": "Aksilia Srl",
      },
      Object {
        "ID": "2308",
        "VALUE": "Turri Michela",
      },
      Object {
        "ID": "2309",
        "VALUE": "V-Ciso Srl",
      },
      Object {
        "ID": "2310",
        "VALUE": "Smartech Operation Srls",
      },
      Object {
        "ID": "2311",
        "VALUE": "Smartech Lab Srl",
      },
      Object {
        "ID": "2312",
        "VALUE": "Smartech Evolution Srl",
      },
      Object {
        "ID": "2313",
        "VALUE": "Smartech PA Srl",
      },
      Object {
        "ID": "2314",
        "VALUE": "Smartech Security Srl",
      },
      Object {
        "ID": "2315",
        "VALUE": "Italy Professional Group Srl",
      },
      Object {
        "ID": "2316",
        "VALUE": "Innovative Services Srl",
      },
      Object {
        "ID": "2317",
        "VALUE": "Compass 360 Servizi Globali Srl",
      },
      Object {
        "ID": "2318",
        "VALUE": "Battaglia Chiara",
      },
      Object {
        "ID": "2829",
        "VALUE": "Aksilia Suite Srls",
      },
      Object {
        "ID": "3225",
        "VALUE": "Sales Network Evolution Srl",
      },
    ],
    "listLabel": "Appartenenza",
    "settings": Object {
      "CAPTION_NO_VALUE": "",
      "DISPLAY": "DIALOG",
      "LIST_HEIGHT": 5,
      "SHOW_NO_VALUE": "Y",
    },
    "title": "UF_CRM_1651486548",
    "type": "enumeration",
  },
  "UF_CRM_1651495583": Object {
    "filterLabel": "Pipeline commerciale",
    "formLabel": "Pipeline commerciale",
    "isDynamic": true,
    "isImmutable": false,
    "isMultiple": false,
    "isReadOnly": false,
    "isRequired": false,
    "items": Array [
      Object {
        "ID": "2355",
        "VALUE": "Professional Services",
      },
      Object {
        "ID": "2356",
        "VALUE": "Finanza Agevolata",
      },
      Object {
        "ID": "2357",
        "VALUE": "Studio Turri",
      },
      Object {
        "ID": "2358",
        "VALUE": "Bitrix",
      },
      Object {
        "ID": "2359",
        "VALUE": "IT",
      },
      Object {
        "ID": "2360",
        "VALUE": "V-Ciso",
      },
      Object {
        "ID": "2788",
        "VALUE": "Aksilia Suite",
      },
    ],
    "listLabel": "Pipeline commerciale",
    "settings": Object {
      "CAPTION_NO_VALUE": "",
      "DISPLAY": "LIST",
      "LIST_HEIGHT": 5,
      "SHOW_NO_VALUE": "Y",
    },
    "title": "UF_CRM_1651495583",
    "type": "enumeration",
  },
  "UF_CRM_1652361267161": Object {
    "filterLabel": "Modalità di fatturazione",
    "formLabel": "Modalità di fatturazione",
    "isDynamic": true,
    "isImmutable": false,
    "isMultiple": false,
    "isReadOnly": false,
    "isRequired": false,
    "items": Array [
      Object {
        "ID": "2460",
        "VALUE": "Una tantum",
      },
      Object {
        "ID": "2462",
        "VALUE": "Rate",
      },
      Object {
        "ID": "2461",
        "VALUE": "Acconto e Rate",
      },
      Object {
        "ID": "2507",
        "VALUE": "Non fare fattura",
      },
    ],
    "listLabel": "Modalità di fatturazione",
    "settings": Object {
      "CAPTION_NO_VALUE": "",
      "DISPLAY": "UI",
      "LIST_HEIGHT": 1,
      "SHOW_NO_VALUE": "Y",
    },
    "title": "UF_CRM_1652361267161",
    "type": "enumeration",
  },
  "UF_CRM_1652361887042": Object {
    "filterLabel": "Data di fatturazione una tantum",
    "formLabel": "Data di fatturazione una tantum",
    "isDynamic": true,
    "isImmutable": false,
    "isMultiple": false,
    "isReadOnly": false,
    "isRequired": false,
    "listLabel": "Data di fatturazione una tantum",
    "settings": Object {
      "DEFAULT_VALUE": Object {
        "TYPE": "NONE",
        "VALUE": "",
      },
    },
    "title": "UF_CRM_1652361887042",
    "type": "date",
  },
  "UF_CRM_1652361966807": Object {
    "filterLabel": "Scadenza pagamento della fattura tantum",
    "formLabel": "Scadenza pagamento della fattura tantum",
    "isDynamic": true,
    "isImmutable": false,
    "isMultiple": false,
    "isReadOnly": false,
    "isRequired": false,
    "items": Array [
      Object {
        "ID": "2463",
        "VALUE": "Vista fattura",
      },
      Object {
        "ID": "2464",
        "VALUE": "30 giorni",
      },
      Object {
        "ID": "2466",
        "VALUE": "60 giorni",
      },
    ],
    "listLabel": "Scadenza pagamento della fattura tantum",
    "settings": Object {
      "CAPTION_NO_VALUE": "",
      "DISPLAY": "UI",
      "LIST_HEIGHT": 1,
      "SHOW_NO_VALUE": "Y",
    },
    "title": "UF_CRM_1652361966807",
    "type": "enumeration",
  },
  "UF_CRM_1652362044318": Object {
    "filterLabel": "Data di fatturazione acconto",
    "formLabel": "Data di fatturazione acconto",
    "isDynamic": true,
    "isImmutable": false,
    "isMultiple": false,
    "isReadOnly": false,
    "isRequired": false,
    "listLabel": "Data di fatturazione acconto",
    "settings": Object {
      "DEFAULT_VALUE": Object {
        "TYPE": "NONE",
        "VALUE": "",
      },
    },
    "title": "UF_CRM_1652362044318",
    "type": "date",
  },
  "UF_CRM_1652362924186": Object {
    "filterLabel": "Scadenza pagamento di ogni rata",
    "formLabel": "Scadenza pagamento di ogni rata",
    "isDynamic": true,
    "isImmutable": false,
    "isMultiple": false,
    "isReadOnly": false,
    "isRequired": false,
    "items": Array [
      Object {
        "ID": "2467",
        "VALUE": "Vista fattura",
      },
      Object {
        "ID": "2468",
        "VALUE": "30 giorni",
      },
      Object {
        "ID": "2470",
        "VALUE": "60 giorni",
      },
    ],
    "listLabel": "Scadenza pagamento di ogni rata",
    "settings": Object {
      "CAPTION_NO_VALUE": "",
      "DISPLAY": "UI",
      "LIST_HEIGHT": 1,
      "SHOW_NO_VALUE": "Y",
    },
    "title": "UF_CRM_1652362924186",
    "type": "enumeration",
  },
  "UF_CRM_1652362970214": Object {
    "filterLabel": "Causale di ogni rata",
    "formLabel": "Causale di ogni rata",
    "isDynamic": true,
    "isImmutable": false,
    "isMultiple": false,
    "isReadOnly": false,
    "isRequired": false,
    "listLabel": "Causale di ogni rata",
    "settings": Object {
      "DEFAULT_VALUE": null,
      "MAX_LENGTH": 0,
      "MIN_LENGTH": 0,
      "REGEXP": "",
      "ROWS": 1,
      "SIZE": 20,
    },
    "title": "UF_CRM_1652362970214",
    "type": "string",
  },
  "UF_CRM_1652363022648": Object {
    "filterLabel": "Scadenza pagamento acconto",
    "formLabel": "Scadenza pagamento acconto",
    "isDynamic": true,
    "isImmutable": false,
    "isMultiple": false,
    "isReadOnly": false,
    "isRequired": false,
    "items": Array [
      Object {
        "ID": "2471",
        "VALUE": "Vista fattura",
      },
      Object {
        "ID": "2472",
        "VALUE": "30 giorni",
      },
      Object {
        "ID": "2474",
        "VALUE": "60 giorni",
      },
    ],
    "listLabel": "Scadenza pagamento acconto",
    "settings": Object {
      "CAPTION_NO_VALUE": "",
      "DISPLAY": "UI",
      "LIST_HEIGHT": 1,
      "SHOW_NO_VALUE": "Y",
    },
    "title": "UF_CRM_1652363022648",
    "type": "enumeration",
  },
  "UF_CRM_1652363053030": Object {
    "filterLabel": "Causale acconto",
    "formLabel": "Causale acconto",
    "isDynamic": true,
    "isImmutable": false,
    "isMultiple": false,
    "isReadOnly": false,
    "isRequired": false,
    "listLabel": "Causale acconto",
    "settings": Object {
      "DEFAULT_VALUE": null,
      "MAX_LENGTH": 0,
      "MIN_LENGTH": 0,
      "REGEXP": "",
      "ROWS": 1,
      "SIZE": 20,
    },
    "title": "UF_CRM_1652363053030",
    "type": "string",
  },
  "UF_CRM_1652867872626": Object {
    "filterLabel": "CAP?",
    "formLabel": "CAP?",
    "isDynamic": true,
    "isImmutable": false,
    "isMultiple": false,
    "isReadOnly": false,
    "isRequired": false,
    "items": Array [
      Object {
        "ID": "2505",
        "VALUE": "Sì",
      },
      Object {
        "ID": "2506",
        "VALUE": "No",
      },
    ],
    "listLabel": "CAP?",
    "settings": Object {
      "CAPTION_NO_VALUE": "",
      "DISPLAY": "UI",
      "LIST_HEIGHT": 1,
      "SHOW_NO_VALUE": "Y",
    },
    "title": "UF_CRM_1652867872626",
    "type": "enumeration",
  },
  "UF_CRM_1653899064": Object {
    "filterLabel": "Eventuali Offerte Collegate",
    "formLabel": "Eventuali Offerte Collegate",
    "isDynamic": true,
    "isImmutable": false,
    "isMultiple": true,
    "isReadOnly": false,
    "isRequired": false,
    "listLabel": "Eventuali Offerte Collegate",
    "settings": Object {
      "DEAL": "Y",
      "LEAD": null,
    },
    "title": "UF_CRM_1653899064",
    "type": "crm",
  },
  "UF_CRM_1654785759": Object {
    "filterLabel": "Anni Fiscali / Numero di Investimenti / Mesi di durata contratto continuativo",
    "formLabel": "Anni Fiscali / Numero di Investimenti / Mesi di durata contratto continuativo",
    "isDynamic": true,
    "isImmutable": false,
    "isMultiple": true,
    "isReadOnly": false,
    "isRequired": false,
    "listLabel": "Anni Fiscali / Numero di Investimenti / Mesi di durata contratto continuativo",
    "settings": Object {
      "DEFAULT_VALUE": null,
      "MAX_VALUE": 0,
      "MIN_VALUE": 0,
      "SIZE": 20,
    },
    "title": "UF_CRM_1654785759",
    "type": "integer",
  },
  "UF_CRM_1656054675592": Object {
    "filterLabel": "Mesi di durata contratto continuativo (in lettere)",
    "formLabel": "Mesi di durata contratto continuativo (in lettere)",
    "isDynamic": true,
    "isImmutable": false,
    "isMultiple": false,
    "isReadOnly": false,
    "isRequired": false,
    "items": Array [
      Object {
        "ID": "2544",
        "VALUE": "diciotto",
      },
      Object {
        "ID": "2545",
        "VALUE": "ventiquattro",
      },
      Object {
        "ID": "2546",
        "VALUE": "trentasei",
      },
      Object {
        "ID": "2547",
        "VALUE": "quarantotto",
      },
    ],
    "listLabel": "Mesi di durata contratto continuativo (in lettere)",
    "settings": Object {
      "CAPTION_NO_VALUE": "",
      "DISPLAY": "UI",
      "LIST_HEIGHT": 1,
      "SHOW_NO_VALUE": "Y",
    },
    "title": "UF_CRM_1656054675592",
    "type": "enumeration",
  },
  "UF_CRM_1662480100869": Object {
    "filterLabel": "Web Call",
    "formLabel": "Web Call",
    "isDynamic": true,
    "isImmutable": false,
    "isMultiple": true,
    "isReadOnly": false,
    "isRequired": false,
    "listLabel": "Web Call",
    "settings": Object {
      "ALLOW_OVERBOOKING": "N",
      "FULL_DAY": "N",
      "RESOURCES": Object {
        "resource": Object {
          "NAME": "resource",
          "SECTIONS": Array [],
          "XML_ID": "resource",
        },
      },
      "RESOURCE_LIMIT": -1,
      "SELECTED_RESOURCES": Array [],
      "SELECTED_USERS": Array [
        312,
      ],
      "SERVICE_LIST": Array [
        Object {
          "duration": "30",
          "name": "Web Call Introduttiva",
        },
      ],
      "TIMEZONE": "Europe/Amsterdam",
      "USE_RESOURCES": "N",
      "USE_SERVICES": "Y",
      "USE_USERS": "Y",
      "USE_USER_TIMEZONE": "N",
    },
    "title": "UF_CRM_1662480100869",
    "type": "resourcebooking",
  },
  "UF_CRM_1664274214": Object {
    "filterLabel": "Responsabile scelto",
    "formLabel": "Responsabile scelto",
    "isDynamic": true,
    "isImmutable": false,
    "isMultiple": false,
    "isReadOnly": false,
    "isRequired": false,
    "listLabel": "Responsabile scelto",
    "settings": Array [],
    "title": "UF_CRM_1664274214",
    "type": "employee",
  },
  "UF_CRM_1664274218112": Object {
    "filterLabel": "Data/Ora Inizio prova",
    "formLabel": "Data/Ora Inizio prova",
    "isDynamic": true,
    "isImmutable": false,
    "isMultiple": false,
    "isReadOnly": false,
    "isRequired": false,
    "listLabel": "Data/Ora Inizio prova",
    "settings": Object {
      "DEFAULT_VALUE": Object {
        "TYPE": "NONE",
        "VALUE": "",
      },
      "USE_SECOND": "Y",
      "USE_TIMEZONE": "N",
    },
    "title": "UF_CRM_1664274218112",
    "type": "datetime",
  },
  "UF_CRM_1664274228496": Object {
    "filterLabel": "Data/Ora Fine prova",
    "formLabel": "Data/Ora Fine prova",
    "isDynamic": true,
    "isImmutable": false,
    "isMultiple": false,
    "isReadOnly": false,
    "isRequired": false,
    "listLabel": "Data/Ora Fine prova",
    "settings": Object {
      "DEFAULT_VALUE": Object {
        "TYPE": "NONE",
        "VALUE": "",
      },
      "USE_SECOND": "Y",
      "USE_TIMEZONE": "N",
    },
    "title": "UF_CRM_1664274228496",
    "type": "datetime",
  },
  "UF_CRM_1664465379151": Object {
    "filterLabel": "Link allegati",
    "formLabel": "Link allegati",
    "isDynamic": true,
    "isImmutable": false,
    "isMultiple": true,
    "isReadOnly": false,
    "isRequired": false,
    "listLabel": "Link allegati",
    "settings": Object {
      "DEFAULT_VALUE": "",
      "MAX_LENGTH": 0,
      "MIN_LENGTH": 0,
      "POPUP": "Y",
      "SIZE": 20,
    },
    "title": "UF_CRM_1664465379151",
    "type": "url",
  },
  "UF_CRM_1664465521542": Object {
    "filterLabel": "Nomi file allegati",
    "formLabel": "Nomi file allegati",
    "isDynamic": true,
    "isImmutable": false,
    "isMultiple": true,
    "isReadOnly": false,
    "isRequired": false,
    "listLabel": "Nomi file allegati",
    "settings": Object {
      "DEFAULT_VALUE": null,
      "MAX_LENGTH": 0,
      "MIN_LENGTH": 0,
      "REGEXP": "",
      "ROWS": 1,
      "SIZE": 20,
    },
    "title": "UF_CRM_1664465521542",
    "type": "string",
  },
  "UF_CRM_1664466593552": Object {
    "filterLabel": "Prova nuovo campo multiplo",
    "formLabel": "Prova nuovo campo multiplo",
    "isDynamic": true,
    "isImmutable": false,
    "isMultiple": true,
    "isReadOnly": false,
    "isRequired": false,
    "listLabel": "Prova nuovo campo multiplo",
    "settings": Object {
      "EXTENSIONS": Array [],
      "LIST_HEIGHT": 0,
      "LIST_WIDTH": 0,
      "MAX_ALLOWED_SIZE": 0,
      "MAX_SHOW_SIZE": 0,
      "SIZE": 20,
      "TARGET_BLANK": "Y",
    },
    "title": "UF_CRM_1664466593552",
    "type": "file",
  },
  "UF_CRM_1665149252179": Object {
    "filterLabel": "(BACK_Check Automazione)",
    "formLabel": "(BACK_Check Automazione)",
    "isDynamic": true,
    "isImmutable": false,
    "isMultiple": false,
    "isReadOnly": false,
    "isRequired": false,
    "listLabel": "(BACK_Check Automazione)",
    "settings": Object {
      "DEFAULT_VALUE": 0,
      "DISPLAY": "CHECKBOX",
      "LABEL": Array [
        null,
        null,
      ],
      "LABEL_CHECKBOX": "(BACK_Check Automazione)",
    },
    "title": "UF_CRM_1665149252179",
    "type": "boolean",
  },
  "UF_CRM_1665560019016": Object {
    "filterLabel": "Correzione Nome",
    "formLabel": "Correzione Nome",
    "isDynamic": true,
    "isImmutable": false,
    "isMultiple": false,
    "isReadOnly": false,
    "isRequired": false,
    "listLabel": "Correzione Nome",
    "settings": Object {
      "DEFAULT_VALUE": null,
      "MAX_LENGTH": 0,
      "MIN_LENGTH": 0,
      "REGEXP": "",
      "ROWS": 1,
      "SIZE": 20,
    },
    "title": "UF_CRM_1665560019016",
    "type": "string",
  },
  "UF_CRM_1665560027800": Object {
    "filterLabel": "Correzione Cognome",
    "formLabel": "Correzione Cognome",
    "isDynamic": true,
    "isImmutable": false,
    "isMultiple": false,
    "isReadOnly": false,
    "isRequired": false,
    "listLabel": "Correzione Cognome",
    "settings": Object {
      "DEFAULT_VALUE": null,
      "MAX_LENGTH": 0,
      "MIN_LENGTH": 0,
      "REGEXP": "",
      "ROWS": 1,
      "SIZE": 20,
    },
    "title": "UF_CRM_1665560027800",
    "type": "string",
  },
  "UF_CRM_1668704207292": Object {
    "filterLabel": "prova_api_offerta",
    "formLabel": "prova_api_offerta",
    "isDynamic": true,
    "isImmutable": false,
    "isMultiple": false,
    "isReadOnly": false,
    "isRequired": false,
    "listLabel": "prova_api_offerta",
    "settings": Object {
      "DEFAULT_VALUE": null,
      "MAX_LENGTH": 0,
      "MIN_LENGTH": 0,
      "REGEXP": "",
      "ROWS": 1,
      "SIZE": 20,
    },
    "title": "UF_CRM_1668704207292",
    "type": "string",
  },
  "UF_CRM_1668704236361": Object {
    "filterLabel": "prova_elenco_api_offerta",
    "formLabel": "prova_elenco_api_offerta",
    "isDynamic": true,
    "isImmutable": false,
    "isMultiple": false,
    "isReadOnly": false,
    "isRequired": false,
    "items": Array [
      Object {
        "ID": "2793",
        "VALUE": "pippo",
      },
      Object {
        "ID": "2794",
        "VALUE": "pluto",
      },
      Object {
        "ID": "2795",
        "VALUE": "topolino",
      },
    ],
    "listLabel": "prova_elenco_api_offerta",
    "settings": Object {
      "CAPTION_NO_VALUE": "",
      "DISPLAY": "UI",
      "LIST_HEIGHT": 1,
      "SHOW_NO_VALUE": "Y",
    },
    "title": "UF_CRM_1668704236361",
    "type": "enumeration",
  },
  "UF_CRM_1677517131684": Object {
    "filterLabel": "Consenso marketing",
    "formLabel": "Consenso marketing",
    "isDynamic": true,
    "isImmutable": false,
    "isMultiple": false,
    "isReadOnly": false,
    "isRequired": false,
    "items": Array [
      Object {
        "ID": "2876",
        "VALUE": "Sì",
      },
      Object {
        "ID": "2877",
        "VALUE": "No",
      },
    ],
    "listLabel": "Consenso marketing",
    "settings": Object {
      "CAPTION_NO_VALUE": "",
      "DISPLAY": "UI",
      "LIST_HEIGHT": 1,
      "SHOW_NO_VALUE": "Y",
    },
    "title": "UF_CRM_1677517131684",
    "type": "enumeration",
  },
  "UF_CRM_1682071532832": Object {
    "filterLabel": "Offerta placeholder",
    "formLabel": "Offerta placeholder",
    "isDynamic": true,
    "isImmutable": false,
    "isMultiple": false,
    "isReadOnly": false,
    "isRequired": false,
    "items": Array [
      Object {
        "ID": "2911",
        "VALUE": "Sì",
      },
      Object {
        "ID": "2912",
        "VALUE": "No",
      },
    ],
    "listLabel": "Offerta placeholder",
    "settings": Object {
      "CAPTION_NO_VALUE": "",
      "DISPLAY": "UI",
      "LIST_HEIGHT": 1,
      "SHOW_NO_VALUE": "Y",
    },
    "title": "UF_CRM_1682071532832",
    "type": "enumeration",
  },
  "UF_CRM_1687775671376": Object {
    "filterLabel": "Vuoi che il flusso di fatturazione classico si attivi?",
    "formLabel": "Vuoi che il flusso di fatturazione classico si attivi?",
    "isDynamic": true,
    "isImmutable": false,
    "isMultiple": false,
    "isReadOnly": false,
    "isRequired": false,
    "items": Array [
      Object {
        "ID": "3004",
        "VALUE": "Si",
      },
      Object {
        "ID": "3005",
        "VALUE": "No",
      },
    ],
    "listLabel": "Vuoi che il flusso di fatturazione classico si attivi?",
    "settings": Object {
      "CAPTION_NO_VALUE": "",
      "DISPLAY": "UI",
      "LIST_HEIGHT": 1,
      "SHOW_NO_VALUE": "Y",
    },
    "title": "UF_CRM_1687775671376",
    "type": "enumeration",
  },
  "UF_CRM_1698401854268": Object {
    "filterLabel": "Data di fine",
    "formLabel": "Data di fine",
    "isDynamic": true,
    "isImmutable": false,
    "isMultiple": false,
    "isReadOnly": false,
    "isRequired": false,
    "listLabel": "Data di fine",
    "settings": Object {
      "DEFAULT_VALUE": Object {
        "TYPE": "NONE",
        "VALUE": "",
      },
    },
    "title": "UF_CRM_1698401854268",
    "type": "date",
  },
  "UF_CRM_1698402771549": Object {
    "filterLabel": "Termini di pagamento",
    "formLabel": "Termini di pagamento",
    "isDynamic": true,
    "isImmutable": false,
    "isMultiple": false,
    "isReadOnly": false,
    "isRequired": false,
    "listLabel": "Termini di pagamento",
    "settings": Object {
      "DEFAULT_VALUE": null,
      "MAX_LENGTH": 0,
      "MIN_LENGTH": 0,
      "REGEXP": "",
      "ROWS": 1,
      "SIZE": 20,
    },
    "title": "UF_CRM_1698402771549",
    "type": "string",
  },
  "UF_CRM_1698403128667": Object {
    "filterLabel": "Altri allegati ",
    "formLabel": "Altri allegati ",
    "isDynamic": true,
    "isImmutable": false,
    "isMultiple": true,
    "isReadOnly": false,
    "isRequired": false,
    "listLabel": "Altri allegati ",
    "settings": Object {
      "EXTENSIONS": Array [],
      "LIST_HEIGHT": 0,
      "LIST_WIDTH": 0,
      "MAX_ALLOWED_SIZE": 0,
      "MAX_SHOW_SIZE": 0,
      "SIZE": 20,
      "TARGET_BLANK": "Y",
    },
    "title": "UF_CRM_1698403128667",
    "type": "file",
  },
  "UF_CRM_5D8A1E51A9AAD": Object {
    "filterLabel": "DA_ELIMINARE_Aree di Interesse",
    "formLabel": "DA_ELIMINARE_Aree di Interesse",
    "isDynamic": true,
    "isImmutable": false,
    "isMultiple": true,
    "isReadOnly": false,
    "isRequired": false,
    "items": Array [
      Object {
        "ID": "2281",
        "VALUE": "Professional Services",
      },
      Object {
        "ID": "154",
        "VALUE": "Finanza Agevolata",
      },
      Object {
        "ID": "1983",
        "VALUE": "Studio Turri",
      },
      Object {
        "ID": "598",
        "VALUE": "Bitrix",
      },
      Object {
        "ID": "1864",
        "VALUE": "Aksilia Suite",
      },
      Object {
        "ID": "128",
        "VALUE": "Altro",
      },
      Object {
        "ID": "132",
        "VALUE": "GDPR",
      },
      Object {
        "ID": "1674",
        "VALUE": "ISO27001",
      },
      Object {
        "ID": "1675",
        "VALUE": "ISO9001",
      },
      Object {
        "ID": "1676",
        "VALUE": "231",
      },
      Object {
        "ID": "1677",
        "VALUE": "Sicurezza sui Luoghi di Lavoro",
      },
      Object {
        "ID": "1698",
        "VALUE": "HR",
      },
      Object {
        "ID": "1975",
        "VALUE": "IT",
      },
      Object {
        "ID": "1989",
        "VALUE": "ESG",
      },
    ],
    "listLabel": "DA_ELIMINARE_Aree di Interesse",
    "settings": Object {
      "CAPTION_NO_VALUE": "",
      "DISPLAY": "UI",
      "LIST_HEIGHT": 1,
      "SHOW_NO_VALUE": "Y",
    },
    "title": "UF_CRM_5D8A1E51A9AAD",
    "type": "enumeration",
  },
  "UF_CRM_60745403ABA74": Object {
    "filterLabel": "BACK_Appartenenza",
    "formLabel": "BACK_Appartenenza",
    "isDynamic": true,
    "isImmutable": false,
    "isMultiple": true,
    "isReadOnly": false,
    "isRequired": false,
    "items": Array [
      Object {
        "ID": "1306",
        "VALUE": "Aksilia",
      },
      Object {
        "ID": "1307",
        "VALUE": "Studio Turri",
      },
      Object {
        "ID": "1308",
        "VALUE": "V-Ciso",
      },
      Object {
        "ID": "1773",
        "VALUE": "Smartech Operation",
      },
      Object {
        "ID": "1310",
        "VALUE": "Smartech Lab",
      },
      Object {
        "ID": "1767",
        "VALUE": "Smartech Evolution",
      },
      Object {
        "ID": "1309",
        "VALUE": "Smartech PA",
      },
      Object {
        "ID": "1830",
        "VALUE": "Smartech Security",
      },
      Object {
        "ID": "1779",
        "VALUE": "Italy Professional Group",
      },
      Object {
        "ID": "1963",
        "VALUE": "Innovative Service",
      },
      Object {
        "ID": "1964",
        "VALUE": "Compass 360",
      },
      Object {
        "ID": "2071",
        "VALUE": "Chiara Battaglia",
      },
      Object {
        "ID": "2834",
        "VALUE": "Aksilia Suite",
      },
    ],
    "listLabel": "BACK_Appartenenza",
    "settings": Object {
      "CAPTION_NO_VALUE": "",
      "DISPLAY": "UI",
      "LIST_HEIGHT": 1,
      "SHOW_NO_VALUE": "Y",
    },
    "title": "UF_CRM_60745403ABA74",
    "type": "enumeration",
  },
  "UF_CRM_60B0ABA32D842": Object {
    "filterLabel": "Fonte",
    "formLabel": "Fonte",
    "isDynamic": true,
    "isImmutable": false,
    "isMultiple": false,
    "isReadOnly": false,
    "isRequired": false,
    "listLabel": "Fonte",
    "settings": Object {
      "DEFAULT_VALUE": "",
      "MAX_LENGTH": 0,
      "MIN_LENGTH": 0,
      "REGEXP": "",
      "ROWS": 1,
      "SIZE": 20,
    },
    "title": "UF_CRM_60B0ABA32D842",
    "type": "string",
  },
  "UF_CRM_60B0ABA33ACC1": Object {
    "filterLabel": "Partita IVA (Azienda)",
    "formLabel": "Partita IVA (Azienda)",
    "isDynamic": true,
    "isImmutable": false,
    "isMultiple": false,
    "isReadOnly": false,
    "isRequired": false,
    "listLabel": "Partita IVA (Azienda)",
    "settings": Object {
      "DEFAULT_VALUE": "",
      "MAX_LENGTH": 0,
      "MIN_LENGTH": 0,
      "REGEXP": "",
      "ROWS": 1,
      "SIZE": 20,
    },
    "title": "UF_CRM_60B0ABA33ACC1",
    "type": "string",
  },
  "UF_CRM_60B0ABA344ADB": Object {
    "filterLabel": "Disponibile per newsletter",
    "formLabel": "Disponibile per newsletter",
    "isDynamic": true,
    "isImmutable": false,
    "isMultiple": false,
    "isReadOnly": false,
    "isRequired": false,
    "listLabel": "Disponibile per newsletter",
    "settings": Object {
      "DEFAULT_VALUE": 0,
      "DISPLAY": "CHECKBOX",
      "LABEL": Array [
        null,
        null,
      ],
      "LABEL_CHECKBOX": "Disponibile per newsletter",
    },
    "title": "UF_CRM_60B0ABA344ADB",
    "type": "boolean",
  },
  "UF_CRM_60B0ABA34E717": Object {
    "filterLabel": "Segnalatore",
    "formLabel": "Segnalatore",
    "isDynamic": true,
    "isImmutable": false,
    "isMultiple": false,
    "isReadOnly": false,
    "isRequired": false,
    "items": Array [],
    "listLabel": "Segnalatore",
    "settings": Object {
      "CAPTION_NO_VALUE": "",
      "DISPLAY": "LIST",
      "LIST_HEIGHT": 1,
      "SHOW_NO_VALUE": "Y",
    },
    "title": "UF_CRM_60B0ABA34E717",
    "type": "enumeration",
  },
  "UF_CRM_616EDD7389BCD": Object {
    "filterLabel": "Sede (Città)",
    "formLabel": "Sede (Città)",
    "isDynamic": true,
    "isImmutable": false,
    "isMultiple": false,
    "isReadOnly": false,
    "isRequired": false,
    "listLabel": "Sede (Città)",
    "settings": Object {
      "DEFAULT_VALUE": "",
      "MAX_LENGTH": 0,
      "MIN_LENGTH": 0,
      "REGEXP": "",
      "ROWS": 1,
      "SIZE": 20,
    },
    "title": "UF_CRM_616EDD7389BCD",
    "type": "string",
  },
  "UF_CRM_6188F6AF9B6B2": Object {
    "filterLabel": "BACK_Telefono",
    "formLabel": "BACK_Telefono",
    "isDynamic": true,
    "isImmutable": false,
    "isMultiple": false,
    "isReadOnly": false,
    "isRequired": false,
    "listLabel": "BACK_Telefono",
    "settings": Object {
      "DEFAULT_VALUE": "",
      "MAX_LENGTH": 0,
      "MIN_LENGTH": 0,
      "REGEXP": "",
      "ROWS": 1,
      "SIZE": 20,
    },
    "title": "UF_CRM_6188F6AF9B6B2",
    "type": "string",
  },
  "UF_CRM_619FC4D231F6E": Object {
    "filterLabel": "Codice Identificativo",
    "formLabel": "Codice Identificativo",
    "isDynamic": true,
    "isImmutable": false,
    "isMultiple": false,
    "isReadOnly": false,
    "isRequired": false,
    "listLabel": "Codice Identificativo",
    "settings": Object {
      "DEFAULT_VALUE": "",
      "MAX_LENGTH": 0,
      "MIN_LENGTH": 0,
      "REGEXP": "",
      "ROWS": 1,
      "SIZE": 20,
    },
    "title": "UF_CRM_619FC4D231F6E",
    "type": "string",
  },
  "UF_CRM_61E54C56F1B7F": Object {
    "filterLabel": "Agente",
    "formLabel": "Agente",
    "isDynamic": true,
    "isImmutable": false,
    "isMultiple": false,
    "isReadOnly": false,
    "isRequired": false,
    "listLabel": "Agente",
    "settings": Object {
      "CONTACT": "Y",
    },
    "title": "UF_CRM_61E54C56F1B7F",
    "type": "crm",
  },
  "UF_CRM_61E54C57115F7": Object {
    "filterLabel": "Segnalatore",
    "formLabel": "Segnalatore",
    "isDynamic": true,
    "isImmutable": false,
    "isMultiple": false,
    "isReadOnly": false,
    "isRequired": false,
    "listLabel": "Segnalatore",
    "settings": Object {
      "CONTACT": "Y",
    },
    "title": "UF_CRM_61E54C57115F7",
    "type": "crm",
  },
  "UF_CRM_61E54C5720DC8": Object {
    "filterLabel": "Origine",
    "formLabel": "Origine",
    "isDynamic": true,
    "isImmutable": false,
    "isMultiple": false,
    "isReadOnly": false,
    "isRequired": false,
    "items": Array [
      Object {
        "ID": "1941",
        "VALUE": "Web",
      },
      Object {
        "ID": "1942",
        "VALUE": "Passaparola",
      },
      Object {
        "ID": "1943",
        "VALUE": "Interna",
      },
      Object {
        "ID": "2898",
        "VALUE": "Partner Sole 24 Ore",
      },
      Object {
        "ID": "2903",
        "VALUE": "Assoreti",
      },
      Object {
        "ID": "2908",
        "VALUE": "Gruppo Privacy CNDCEC",
      },
      Object {
        "ID": "2923",
        "VALUE": "Innovation Day",
      },
      Object {
        "ID": "2953",
        "VALUE": "Dynamo Camp",
      },
      Object {
        "ID": "2954",
        "VALUE": "Prisma Prato",
      },
      Object {
        "ID": "2987",
        "VALUE": "Fiera SPS Parma 2023",
      },
      Object {
        "ID": "2992",
        "VALUE": "Soggetti accreditati alla formazione regione Toscana",
      },
      Object {
        "ID": "3002",
        "VALUE": "Incontro Sole 24 Padova",
      },
      Object {
        "ID": "3210",
        "VALUE": "Agenti",
      },
    ],
    "listLabel": "Origine",
    "settings": Object {
      "CAPTION_NO_VALUE": "",
      "DISPLAY": "UI",
      "LIST_HEIGHT": 1,
      "SHOW_NO_VALUE": "Y",
    },
    "title": "UF_CRM_61E54C5720DC8",
    "type": "enumeration",
  },
  "UF_CRM_623D83BCB48EC": Object {
    "filterLabel": "Formula Apertura",
    "formLabel": "Formula Apertura",
    "isDynamic": true,
    "isImmutable": false,
    "isMultiple": false,
    "isReadOnly": false,
    "isRequired": false,
    "listLabel": "Formula Apertura",
    "settings": Object {
      "DEFAULT_VALUE": "",
      "MAX_LENGTH": 0,
      "MIN_LENGTH": 0,
      "REGEXP": "",
      "ROWS": 1,
      "SIZE": 20,
    },
    "title": "UF_CRM_623D83BCB48EC",
    "type": "string",
  },
  "UF_CRM_6245C7E255E8C": Object {
    "filterLabel": "Codice Ateco",
    "formLabel": "Codice Ateco",
    "isDynamic": true,
    "isImmutable": false,
    "isMultiple": false,
    "isReadOnly": false,
    "isRequired": false,
    "listLabel": "Codice Ateco",
    "settings": Object {
      "DEFAULT_VALUE": null,
      "MAX_LENGTH": 0,
      "MIN_LENGTH": 0,
      "REGEXP": "",
      "ROWS": 1,
      "SIZE": 20,
    },
    "title": "UF_CRM_6245C7E255E8C",
    "type": "string",
  },
  "UF_CRM_6245C7E2670B2": Object {
    "filterLabel": "n° dipendenti (maggiore o uguale di)",
    "formLabel": "n° dipendenti (maggiore o uguale di)",
    "isDynamic": true,
    "isImmutable": false,
    "isMultiple": false,
    "isReadOnly": false,
    "isRequired": false,
    "listLabel": "n° dipendenti (maggiore o uguale di)",
    "settings": Object {
      "DEFAULT_VALUE": 0,
      "MAX_VALUE": 0,
      "MIN_VALUE": 0,
      "SIZE": 20,
    },
    "title": "UF_CRM_6245C7E2670B2",
    "type": "integer",
  },
  "UF_CRM_6245C7E276EAA": Object {
    "filterLabel": "Fatturato azienda (maggiore o uguale di)",
    "formLabel": "Fatturato azienda (maggiore o uguale di)",
    "isDynamic": true,
    "isImmutable": false,
    "isMultiple": false,
    "isReadOnly": false,
    "isRequired": false,
    "listLabel": "Fatturato azienda (maggiore o uguale di)",
    "settings": Object {
      "DEFAULT_VALUE": "",
    },
    "title": "UF_CRM_6245C7E276EAA",
    "type": "money",
  },
  "UF_CRM_6245C7E284B7C": Object {
    "filterLabel": "Azienda in target?",
    "formLabel": "Azienda in target?",
    "isDynamic": true,
    "isImmutable": false,
    "isMultiple": false,
    "isReadOnly": false,
    "isRequired": false,
    "items": Array [
      Object {
        "ID": "2287",
        "VALUE": "Sì",
      },
      Object {
        "ID": "2288",
        "VALUE": "No",
      },
    ],
    "listLabel": "Azienda in target?",
    "settings": Object {
      "CAPTION_NO_VALUE": "",
      "DISPLAY": "LIST",
      "LIST_HEIGHT": 5,
      "SHOW_NO_VALUE": "Y",
    },
    "title": "UF_CRM_6245C7E284B7C",
    "type": "enumeration",
  },
  "UF_CRM_6245C7E297E1E": Object {
    "filterLabel": "Indirizzo (via e numero civico) (Azienda)",
    "formLabel": "Indirizzo (via e numero civico) (Azienda)",
    "isDynamic": true,
    "isImmutable": false,
    "isMultiple": false,
    "isReadOnly": false,
    "isRequired": false,
    "listLabel": "Indirizzo (via e numero civico) (Azienda)",
    "settings": Object {
      "DEFAULT_VALUE": null,
      "MAX_LENGTH": 0,
      "MIN_LENGTH": 0,
      "REGEXP": "",
      "ROWS": 1,
      "SIZE": 20,
    },
    "title": "UF_CRM_6245C7E297E1E",
    "type": "string",
  },
  "UF_CRM_6245C7E2A6002": Object {
    "filterLabel": "CAP (Azienda)",
    "formLabel": "CAP (Azienda)",
    "isDynamic": true,
    "isImmutable": false,
    "isMultiple": false,
    "isReadOnly": false,
    "isRequired": false,
    "listLabel": "CAP (Azienda)",
    "settings": Object {
      "DEFAULT_VALUE": null,
      "MAX_LENGTH": 0,
      "MIN_LENGTH": 0,
      "REGEXP": "",
      "ROWS": 1,
      "SIZE": 20,
    },
    "title": "UF_CRM_6245C7E2A6002",
    "type": "string",
  },
  "UF_CRM_63087EB0DC7FC": Object {
    "filterLabel": "Soluzione Aksilia Suite",
    "formLabel": "Soluzione Aksilia Suite",
    "isDynamic": true,
    "isImmutable": false,
    "isMultiple": true,
    "isReadOnly": false,
    "isRequired": false,
    "items": Array [
      Object {
        "ID": "2679",
        "VALUE": "ESG",
      },
      Object {
        "ID": "2680",
        "VALUE": "Cyber Security",
      },
      Object {
        "ID": "2681",
        "VALUE": "ISO",
      },
      Object {
        "ID": "2684",
        "VALUE": "GDPR",
      },
      Object {
        "ID": "2802",
        "VALUE": "231",
      },
    ],
    "listLabel": "Soluzione Aksilia Suite",
    "settings": Object {
      "CAPTION_NO_VALUE": "",
      "DISPLAY": "UI",
      "LIST_HEIGHT": 1,
      "SHOW_NO_VALUE": "Y",
    },
    "title": "UF_CRM_63087EB0DC7FC",
    "type": "enumeration",
  },
  "UF_CRM_63087EB0F390A": Object {
    "filterLabel": "Settore",
    "formLabel": "Settore",
    "isDynamic": true,
    "isImmutable": false,
    "isMultiple": true,
    "isReadOnly": false,
    "isRequired": false,
    "items": Array [
      Object {
        "ID": "2685",
        "VALUE": "Healthcare",
      },
      Object {
        "ID": "2686",
        "VALUE": "Telecomunicazioni",
      },
      Object {
        "ID": "2687",
        "VALUE": "Industria Sanitaria",
      },
      Object {
        "ID": "2688",
        "VALUE": "Energia",
      },
      Object {
        "ID": "2689",
        "VALUE": "Banche e Servizi Finanziari",
      },
      Object {
        "ID": "2690",
        "VALUE": "Farmaceutica",
      },
      Object {
        "ID": "2691",
        "VALUE": "Agricoltura",
      },
      Object {
        "ID": "2693",
        "VALUE": "Manifattura",
      },
      Object {
        "ID": "2694",
        "VALUE": "Automotive",
      },
      Object {
        "ID": "2695",
        "VALUE": "Trasporti",
      },
      Object {
        "ID": "2696",
        "VALUE": "Commercialisti",
      },
      Object {
        "ID": "2697",
        "VALUE": "Studi Legali",
      },
      Object {
        "ID": "2698",
        "VALUE": "Turismo",
      },
      Object {
        "ID": "2692",
        "VALUE": "Società di consulenza",
      },
      Object {
        "ID": "2779",
        "VALUE": "Altro",
      },
    ],
    "listLabel": "Settore",
    "settings": Object {
      "CAPTION_NO_VALUE": "",
      "DISPLAY": "UI",
      "LIST_HEIGHT": 1,
      "SHOW_NO_VALUE": "Y",
    },
    "title": "UF_CRM_63087EB0F390A",
    "type": "enumeration",
  },
  "UF_CRM_63341EBA23697": Object {
    "filterLabel": "Resta aggiornato sulle ultime novità",
    "formLabel": "Resta aggiornato sulle ultime novità",
    "isDynamic": true,
    "isImmutable": false,
    "isMultiple": false,
    "isReadOnly": false,
    "isRequired": false,
    "listLabel": "Resta aggiornato sulle ultime novità",
    "settings": Object {
      "DEFAULT_VALUE": 0,
      "DISPLAY": "CHECKBOX",
      "LABEL": Array [
        null,
        null,
      ],
      "LABEL_CHECKBOX": "Resta aggiornato sulle ultime novità",
    },
    "title": "UF_CRM_63341EBA23697",
    "type": "boolean",
  },
  "UF_CRM_633ED410DDA63": Object {
    "filterLabel": "Progressivo (per fare segmenti)",
    "formLabel": "Progressivo (per fare segmenti)",
    "isDynamic": true,
    "isImmutable": false,
    "isMultiple": false,
    "isReadOnly": false,
    "isRequired": false,
    "listLabel": "Progressivo (per fare segmenti)",
    "settings": Object {
      "DEFAULT_VALUE": null,
      "MAX_VALUE": 0,
      "MIN_VALUE": 0,
      "SIZE": 20,
    },
    "title": "UF_CRM_633ED410DDA63",
    "type": "integer",
  },
  "UF_CRM_64A571EBDC3C0": Object {
    "filterLabel": "prova_api",
    "formLabel": "prova_api",
    "isDynamic": true,
    "isImmutable": false,
    "isMultiple": false,
    "isReadOnly": false,
    "isRequired": false,
    "listLabel": "prova_api",
    "settings": Object {
      "DEFAULT_VALUE": null,
      "MAX_LENGTH": 0,
      "MIN_LENGTH": 0,
      "REGEXP": "",
      "ROWS": 1,
      "SIZE": 20,
    },
    "title": "UF_CRM_64A571EBDC3C0",
    "type": "string",
  },
  "UF_CRM_64A571EC04707": Object {
    "filterLabel": "Origine (campo vero)",
    "formLabel": "Origine (campo vero)",
    "isDynamic": true,
    "isImmutable": false,
    "isMultiple": false,
    "isReadOnly": false,
    "isRequired": false,
    "items": Array [
      Object {
        "ID": "3067",
        "VALUE": "Web",
      },
      Object {
        "ID": "3068",
        "VALUE": "Sito Aksilia Group",
      },
      Object {
        "ID": "3069",
        "VALUE": "Sito Aksilia Suite",
      },
      Object {
        "ID": "3070",
        "VALUE": "Landing Page - PMI",
      },
      Object {
        "ID": "3071",
        "VALUE": "Landing Page - Finanza Agevolata",
      },
      Object {
        "ID": "3072",
        "VALUE": "Landing Page - ESG 1",
      },
      Object {
        "ID": "3073",
        "VALUE": "Landing Page - ESG 2",
      },
      Object {
        "ID": "3074",
        "VALUE": "Landing Page - Whistle Blowing",
      },
      Object {
        "ID": "3075",
        "VALUE": "Landing Page - Finanza Agevolata Contributi",
      },
      Object {
        "ID": "3076",
        "VALUE": "Aksilia Contattaci - Blog",
      },
      Object {
        "ID": "3077",
        "VALUE": "Landing Page - PNRR Digitalizzazione",
      },
    ],
    "listLabel": "Origine (campo vero)",
    "settings": Object {
      "CAPTION_NO_VALUE": "",
      "DISPLAY": "UI",
      "LIST_HEIGHT": 1,
      "SHOW_NO_VALUE": "Y",
    },
    "title": "UF_CRM_64A571EC04707",
    "type": "enumeration",
  },
  "UF_CRM_64D4C0E436D74": Object {
    "filterLabel": "Area di interesse (puoi selezionarne più di una)",
    "formLabel": "Area di interesse (puoi selezionarne più di una)",
    "isDynamic": true,
    "isImmutable": false,
    "isMultiple": true,
    "isReadOnly": false,
    "isRequired": false,
    "items": Array [
      Object {
        "ID": "3110",
        "VALUE": "Aksilia Suite",
      },
      Object {
        "ID": "3111",
        "VALUE": "Bitrix",
      },
      Object {
        "ID": "3112",
        "VALUE": "Professional Services",
      },
      Object {
        "ID": "3113",
        "VALUE": "Finanza agevolata",
      },
      Object {
        "ID": "3114",
        "VALUE": "IT",
      },
      Object {
        "ID": "3115",
        "VALUE": "Studio Turri",
      },
    ],
    "listLabel": "Area di interesse (puoi selezionarne più di una)",
    "settings": Object {
      "CAPTION_NO_VALUE": "",
      "DISPLAY": "UI",
      "LIST_HEIGHT": 1,
      "SHOW_NO_VALUE": "Y",
    },
    "title": "UF_CRM_64D4C0E436D74",
    "type": "enumeration",
  },
  "UF_CRM_64F592D958974": Object {
    "filterLabel": "Di cosa si occupa l'azienda?",
    "formLabel": "Di cosa si occupa l'azienda?",
    "isDynamic": true,
    "isImmutable": false,
    "isMultiple": false,
    "isReadOnly": false,
    "isRequired": false,
    "listLabel": "Di cosa si occupa l'azienda?",
    "settings": Object {
      "DEFAULT_VALUE": null,
      "MAX_LENGTH": 0,
      "MIN_LENGTH": 0,
      "REGEXP": "",
      "ROWS": 1,
      "SIZE": 20,
    },
    "title": "UF_CRM_64F592D958974",
    "type": "string",
  },
  "UF_CRM_64F592D97310E": Object {
    "filterLabel": "Sono stati fatti degli investimenti?",
    "formLabel": "Sono stati fatti degli investimenti?",
    "isDynamic": true,
    "isImmutable": false,
    "isMultiple": false,
    "isReadOnly": false,
    "isRequired": false,
    "listLabel": "Sono stati fatti degli investimenti?",
    "settings": Object {
      "DEFAULT_VALUE": null,
      "MAX_LENGTH": 0,
      "MIN_LENGTH": 0,
      "REGEXP": "",
      "ROWS": 1,
      "SIZE": 20,
    },
    "title": "UF_CRM_64F592D97310E",
    "type": "string",
  },
  "UF_CRM_64F592D98F370": Object {
    "filterLabel": "Sede legale",
    "formLabel": "Sede legale",
    "isDynamic": true,
    "isImmutable": false,
    "isMultiple": false,
    "isReadOnly": false,
    "isRequired": false,
    "listLabel": "Sede legale",
    "settings": Object {
      "DEFAULT_VALUE": null,
      "MAX_LENGTH": 0,
      "MIN_LENGTH": 0,
      "REGEXP": "",
      "ROWS": 1,
      "SIZE": 20,
    },
    "title": "UF_CRM_64F592D98F370",
    "type": "string",
  },
  "UF_CRM_64F592D9A75F4": Object {
    "filterLabel": "Sedi secondarie",
    "formLabel": "Sedi secondarie",
    "isDynamic": true,
    "isImmutable": false,
    "isMultiple": false,
    "isReadOnly": false,
    "isRequired": false,
    "listLabel": "Sedi secondarie",
    "settings": Object {
      "DEFAULT_VALUE": null,
      "MAX_LENGTH": 0,
      "MIN_LENGTH": 0,
      "REGEXP": "",
      "ROWS": 1,
      "SIZE": 20,
    },
    "title": "UF_CRM_64F592D9A75F4",
    "type": "string",
  },
  "UF_CRM_64F592D9C22F0": Object {
    "filterLabel": "Se si, di che tipo?",
    "formLabel": "Se si, di che tipo?",
    "isDynamic": true,
    "isImmutable": false,
    "isMultiple": false,
    "isReadOnly": false,
    "isRequired": false,
    "listLabel": "Se si, di che tipo?",
    "settings": Object {
      "DEFAULT_VALUE": null,
      "MAX_LENGTH": 0,
      "MIN_LENGTH": 0,
      "REGEXP": "",
      "ROWS": 1,
      "SIZE": 20,
    },
    "title": "UF_CRM_64F592D9C22F0",
    "type": "string",
  },
  "UF_CRM_64F592D9DEC0C": Object {
    "filterLabel": "Conoscete la finanza agevolata?",
    "formLabel": "Conoscete la finanza agevolata?",
    "isDynamic": true,
    "isImmutable": false,
    "isMultiple": false,
    "isReadOnly": false,
    "isRequired": false,
    "listLabel": "Conoscete la finanza agevolata?",
    "settings": Object {
      "DEFAULT_VALUE": null,
      "MAX_LENGTH": 0,
      "MIN_LENGTH": 0,
      "REGEXP": "",
      "ROWS": 1,
      "SIZE": 20,
    },
    "title": "UF_CRM_64F592D9DEC0C",
    "type": "string",
  },
  "UF_CRM_64F592DA03D40": Object {
    "filterLabel": "Avete già ottenuto altri contributi?",
    "formLabel": "Avete già ottenuto altri contributi?",
    "isDynamic": true,
    "isImmutable": false,
    "isMultiple": false,
    "isReadOnly": false,
    "isRequired": false,
    "listLabel": "Avete già ottenuto altri contributi?",
    "settings": Object {
      "DEFAULT_VALUE": null,
      "MAX_LENGTH": 0,
      "MIN_LENGTH": 0,
      "REGEXP": "",
      "ROWS": 1,
      "SIZE": 20,
    },
    "title": "UF_CRM_64F592DA03D40",
    "type": "string",
  },
  "UF_CRM_650164083E356": Object {
    "filterLabel": "Intestazione",
    "formLabel": "Intestazione",
    "isDynamic": true,
    "isImmutable": false,
    "isMultiple": false,
    "isReadOnly": false,
    "isRequired": false,
    "items": Array [
      Object {
        "ID": "3176",
        "VALUE": "Sig.",
      },
      Object {
        "ID": "3177",
        "VALUE": "Sig.ra",
      },
      Object {
        "ID": "3178",
        "VALUE": "Dott.",
      },
      Object {
        "ID": "3179",
        "VALUE": "Dott.ssa",
      },
      Object {
        "ID": "3180",
        "VALUE": "Gentile Sig.",
      },
      Object {
        "ID": "3181",
        "VALUE": "Gentile Sig.ra",
      },
    ],
    "listLabel": "Intestazione",
    "settings": Object {
      "CAPTION_NO_VALUE": "",
      "DISPLAY": "UI",
      "LIST_HEIGHT": 1,
      "SHOW_NO_VALUE": "Y",
    },
    "title": "UF_CRM_650164083E356",
    "type": "enumeration",
  },
  "UF_CRM_651AD6EE23B0E": Object {
    "filterLabel": "Scheda azienda",
    "formLabel": "Scheda azienda",
    "isDynamic": true,
    "isImmutable": false,
    "isMultiple": false,
    "isReadOnly": false,
    "isRequired": false,
    "listLabel": "Scheda azienda",
    "settings": Object {
      "EXTENSIONS": Array [],
      "LIST_HEIGHT": 0,
      "LIST_WIDTH": 0,
      "MAX_ALLOWED_SIZE": 0,
      "MAX_SHOW_SIZE": 0,
      "SIZE": 20,
      "TARGET_BLANK": "Y",
    },
    "title": "UF_CRM_651AD6EE23B0E",
    "type": "file",
  },
  "UF_CRM_651D7436B6752": Object {
    "filterLabel": "Inserito a mano",
    "formLabel": "Inserito a mano",
    "isDynamic": true,
    "isImmutable": false,
    "isMultiple": false,
    "isReadOnly": false,
    "isRequired": false,
    "listLabel": "Inserito a mano",
    "settings": Object {
      "DEFAULT_VALUE": 0,
      "DISPLAY": "CHECKBOX",
      "LABEL": Array [
        "",
        "",
      ],
      "LABEL_CHECKBOX": "Inserito a mano",
    },
    "title": "UF_CRM_651D7436B6752",
    "type": "boolean",
  },
  "UF_CRM_B24_PORTAL": Object {
    "filterLabel": "Cloud account URL",
    "formLabel": "Cloud account URL",
    "isDynamic": true,
    "isImmutable": false,
    "isMultiple": false,
    "isReadOnly": false,
    "isRequired": false,
    "listLabel": "Cloud account URL",
    "settings": Object {
      "DEFAULT_VALUE": "",
      "MAX_LENGTH": 0,
      "MIN_LENGTH": 0,
      "REGEXP": "",
      "ROWS": 1,
      "SIZE": 20,
    },
    "title": "UF_CRM_B24_PORTAL",
    "type": "string",
  },
  "UF_CRM_IMP_INTEREST": Object {
    "filterLabel": "UF_CRM_IMP_INTEREST",
    "formLabel": "Interested in (requests)",
    "isDynamic": true,
    "isImmutable": false,
    "isMultiple": false,
    "isReadOnly": false,
    "isRequired": false,
    "items": Array [
      Object {
        "ID": "1750",
        "VALUE": "Workspace and contact center",
      },
      Object {
        "ID": "1751",
        "VALUE": "CRM",
      },
      Object {
        "ID": "1752",
        "VALUE": "Tasks and Projects",
      },
      Object {
        "ID": "1753",
        "VALUE": "Sites",
      },
      Object {
        "ID": "1754",
        "VALUE": "E-commerce",
      },
      Object {
        "ID": "1755",
        "VALUE": "HR and intranet",
      },
    ],
    "listLabel": "Interested in (requests)",
    "settings": Object {
      "CAPTION_NO_VALUE": "",
      "DISPLAY": "LIST",
      "LIST_HEIGHT": 1,
      "SHOW_NO_VALUE": "Y",
    },
    "title": "UF_CRM_IMP_INTEREST",
    "type": "enumeration",
  },
  "UF_CRM_IMP_L_REASON": Object {
    "filterLabel": "UF_CRM_IMP_L_REASON",
    "formLabel": "Failure reason (requests)",
    "isDynamic": true,
    "isImmutable": false,
    "isMultiple": false,
    "isReadOnly": false,
    "isRequired": false,
    "items": Array [
      Object {
        "ID": "1756",
        "VALUE": "Implementing on their own",
      },
      Object {
        "ID": "1757",
        "VALUE": "Implementation postponed",
      },
      Object {
        "ID": "1758",
        "VALUE": "Decided to work with another partner",
      },
      Object {
        "ID": "1759",
        "VALUE": "Decided to use another software",
      },
      Object {
        "ID": "1760",
        "VALUE": "Microenterprise (1-3 employees)",
      },
      Object {
        "ID": "1761",
        "VALUE": "Bitrix24 Partner",
      },
      Object {
        "ID": "1762",
        "VALUE": "Invalid request (sent by mistake)",
      },
      Object {
        "ID": "1763",
        "VALUE": "Free consultation was sufficient",
      },
      Object {
        "ID": "2790",
        "VALUE": "Unreachable / No response",
      },
    ],
    "listLabel": "Failure reason (requests)",
    "settings": Object {
      "CAPTION_NO_VALUE": "",
      "DISPLAY": "LIST",
      "LIST_HEIGHT": 1,
      "SHOW_NO_VALUE": "Y",
    },
    "title": "UF_CRM_IMP_L_REASON",
    "type": "enumeration",
  },
  "UF_CRM_IMP_USE_B24": Object {
    "filterLabel": "UF_CRM_IMP_USE_B24",
    "formLabel": "Bitrix24 usage (requests)",
    "isDynamic": true,
    "isImmutable": false,
    "isMultiple": false,
    "isReadOnly": false,
    "isRequired": false,
    "items": Array [
      Object {
        "ID": "1746",
        "VALUE": "Free",
      },
      Object {
        "ID": "1747",
        "VALUE": "Commercial",
      },
      Object {
        "ID": "1748",
        "VALUE": "Does not have Bitrix24",
      },
      Object {
        "ID": "1749",
        "VALUE": "Uses another software",
      },
    ],
    "listLabel": "Bitrix24 usage (requests)",
    "settings": Object {
      "CAPTION_NO_VALUE": "",
      "DISPLAY": "LIST",
      "LIST_HEIGHT": 1,
      "SHOW_NO_VALUE": "Y",
    },
    "title": "UF_CRM_IMP_USE_B24",
    "type": "enumeration",
  },
  "UF_CRM_IMP_W_DETAIL": Object {
    "filterLabel": "UF_CRM_IMP_W_DETAIL",
    "formLabel": "Project Details (requests)",
    "isDynamic": true,
    "isImmutable": false,
    "isMultiple": false,
    "isReadOnly": false,
    "isRequired": false,
    "items": Array [
      Object {
        "ID": "1764",
        "VALUE": "Bitrix24 License (subscription) was sold",
      },
      Object {
        "ID": "1765",
        "VALUE": "Service contract was sold",
      },
      Object {
        "ID": "1766",
        "VALUE": "Both Bitrix24 License (subscription) and service contract was sold",
      },
    ],
    "listLabel": "Project Details (requests)",
    "settings": Object {
      "CAPTION_NO_VALUE": "",
      "DISPLAY": "LIST",
      "LIST_HEIGHT": 1,
      "SHOW_NO_VALUE": "Y",
    },
    "title": "UF_CRM_IMP_W_DETAIL",
    "type": "enumeration",
  },
  "UF_CRM_LICENSE_KEY": Object {
    "filterLabel": "License key for On-Premise",
    "formLabel": "License key for On-Premise",
    "isDynamic": true,
    "isImmutable": false,
    "isMultiple": false,
    "isReadOnly": false,
    "isRequired": false,
    "listLabel": "License key for On-Premise",
    "settings": Object {
      "DEFAULT_VALUE": "",
      "MAX_LENGTH": 0,
      "MIN_LENGTH": 0,
      "REGEXP": "",
      "ROWS": 1,
      "SIZE": 20,
    },
    "title": "UF_CRM_LICENSE_KEY",
    "type": "string",
  },
  "UF_CRM_ZOOM_MEET_LINK": Object {
    "filterLabel": "Zoom Link",
    "formLabel": "Zoom Link",
    "isDynamic": true,
    "isImmutable": false,
    "isMultiple": false,
    "isReadOnly": false,
    "isRequired": false,
    "listLabel": "Zoom Link",
    "settings": Object {
      "DEFAULT_VALUE": "",
      "MAX_LENGTH": 0,
      "MIN_LENGTH": 0,
      "REGEXP": "",
      "ROWS": 1,
      "SIZE": 20,
    },
    "title": "UF_CRM_ZOOM_MEET_LINK",
    "type": "string",
  },
  "UF_CRM_ZOOM_MEET_TZ": Object {
    "filterLabel": "Zoom date/time",
    "formLabel": "Zoom date/time",
    "isDynamic": true,
    "isImmutable": false,
    "isMultiple": false,
    "isReadOnly": false,
    "isRequired": false,
    "listLabel": "Zoom date/time",
    "settings": Object {
      "DEFAULT_VALUE": "",
      "MAX_LENGTH": 0,
      "MIN_LENGTH": 0,
      "REGEXP": "",
      "ROWS": 1,
      "SIZE": 20,
    },
    "title": "UF_CRM_ZOOM_MEET_TZ",
    "type": "string",
  },
  "UTM_CAMPAIGN": Object {
    "isDynamic": false,
    "isImmutable": false,
    "isMultiple": false,
    "isReadOnly": false,
    "isRequired": false,
    "title": "UTM campagna pubblicitaria",
    "type": "string",
  },
  "UTM_CONTENT": Object {
    "isDynamic": false,
    "isImmutable": false,
    "isMultiple": false,
    "isReadOnly": false,
    "isRequired": false,
    "title": "Contenuti campagna",
    "type": "string",
  },
  "UTM_MEDIUM": Object {
    "isDynamic": false,
    "isImmutable": false,
    "isMultiple": false,
    "isReadOnly": false,
    "isRequired": false,
    "title": "Medio",
    "type": "string",
  },
  "UTM_SOURCE": Object {
    "isDynamic": false,
    "isImmutable": false,
    "isMultiple": false,
    "isReadOnly": false,
    "isRequired": false,
    "title": "Sistema pubblicitario",
    "type": "string",
  },
  "UTM_TERM": Object {
    "isDynamic": false,
    "isImmutable": false,
    "isMultiple": false,
    "isReadOnly": false,
    "isRequired": false,
    "title": "Termine di ricerca campagna",
    "type": "string",
  },
}
`;
