// Jest Snapshot v1, https://goo.gl/fbAQLP

exports[`Contacts fields should get all fields 1`] = `
Object {
  "ADDRESS": Object {
    "isDynamic": false,
    "isImmutable": false,
    "isMultiple": false,
    "isReadOnly": false,
    "isRequired": false,
    "title": "Indirizzo",
    "type": "string",
  },
  "ADDRESS_2": Object {
    "isDynamic": false,
    "isImmutable": false,
    "isMultiple": false,
    "isReadOnly": false,
    "isRequired": false,
    "title": "Indirizzo (riga 2)",
    "type": "string",
  },
  "ADDRESS_CITY": Object {
    "isDynamic": false,
    "isImmutable": false,
    "isMultiple": false,
    "isReadOnly": false,
    "isRequired": false,
    "title": "Città",
    "type": "string",
  },
  "ADDRESS_COUNTRY": Object {
    "isDynamic": false,
    "isImmutable": false,
    "isMultiple": false,
    "isReadOnly": false,
    "isRequired": false,
    "title": "Paese",
    "type": "string",
  },
  "ADDRESS_COUNTRY_CODE": Object {
    "isDynamic": false,
    "isImmutable": false,
    "isMultiple": false,
    "isReadOnly": false,
    "isRequired": false,
    "title": "Codice Paese",
    "type": "string",
  },
  "ADDRESS_LOC_ADDR_ID": Object {
    "isDynamic": false,
    "isImmutable": false,
    "isMultiple": false,
    "isReadOnly": false,
    "isRequired": false,
    "title": "Location address ID",
    "type": "integer",
  },
  "ADDRESS_POSTAL_CODE": Object {
    "isDynamic": false,
    "isImmutable": false,
    "isMultiple": false,
    "isReadOnly": false,
    "isRequired": false,
    "title": "CAP",
    "type": "string",
  },
  "ADDRESS_PROVINCE": Object {
    "isDynamic": false,
    "isImmutable": false,
    "isMultiple": false,
    "isReadOnly": false,
    "isRequired": false,
    "title": "Stato / Provincia",
    "type": "string",
  },
  "ADDRESS_REGION": Object {
    "isDynamic": false,
    "isImmutable": false,
    "isMultiple": false,
    "isReadOnly": false,
    "isRequired": false,
    "title": "Regione",
    "type": "string",
  },
  "ASSIGNED_BY_ID": Object {
    "isDynamic": false,
    "isImmutable": false,
    "isMultiple": false,
    "isReadOnly": false,
    "isRequired": false,
    "title": "Responsabile",
    "type": "user",
  },
  "BIRTHDATE": Object {
    "isDynamic": false,
    "isImmutable": false,
    "isMultiple": false,
    "isReadOnly": false,
    "isRequired": false,
    "title": "Data di nascita",
    "type": "date",
  },
  "COMMENTS": Object {
    "isDynamic": false,
    "isImmutable": false,
    "isMultiple": false,
    "isReadOnly": false,
    "isRequired": false,
    "title": "Commento",
    "type": "string",
  },
  "COMPANY_ID": Object {
    "isDeprecated": true,
    "isDynamic": false,
    "isImmutable": false,
    "isMultiple": false,
    "isReadOnly": false,
    "isRequired": false,
    "title": "Azienda",
    "type": "crm_company",
  },
  "COMPANY_IDS": Object {
    "isDynamic": false,
    "isImmutable": false,
    "isMultiple": true,
    "isReadOnly": false,
    "isRequired": false,
    "title": "COMPANY_IDS",
    "type": "crm_company",
  },
  "CREATED_BY_ID": Object {
    "isDynamic": false,
    "isImmutable": false,
    "isMultiple": false,
    "isReadOnly": true,
    "isRequired": false,
    "title": "Creato da",
    "type": "user",
  },
  "DATE_CREATE": Object {
    "isDynamic": false,
    "isImmutable": false,
    "isMultiple": false,
    "isReadOnly": true,
    "isRequired": false,
    "title": "Creato il",
    "type": "datetime",
  },
  "DATE_MODIFY": Object {
    "isDynamic": false,
    "isImmutable": false,
    "isMultiple": false,
    "isReadOnly": true,
    "isRequired": false,
    "title": "Modificato il",
    "type": "datetime",
  },
  "EMAIL": Object {
    "isDynamic": false,
    "isImmutable": false,
    "isMultiple": true,
    "isReadOnly": false,
    "isRequired": false,
    "title": "E-mail",
    "type": "crm_multifield",
  },
  "EXPORT": Object {
    "isDynamic": false,
    "isImmutable": false,
    "isMultiple": false,
    "isReadOnly": false,
    "isRequired": false,
    "title": "Incluso in esportazione",
    "type": "char",
  },
  "FACE_ID": Object {
    "isDynamic": false,
    "isImmutable": false,
    "isMultiple": false,
    "isReadOnly": false,
    "isRequired": false,
    "title": "Connessione FaceID",
    "type": "integer",
  },
  "HAS_EMAIL": Object {
    "isDynamic": false,
    "isImmutable": false,
    "isMultiple": false,
    "isReadOnly": true,
    "isRequired": false,
    "title": "Ha l'e-mail",
    "type": "char",
  },
  "HAS_IMOL": Object {
    "isDynamic": false,
    "isImmutable": false,
    "isMultiple": false,
    "isReadOnly": true,
    "isRequired": false,
    "title": "Ha un Canale aperto",
    "type": "char",
  },
  "HAS_PHONE": Object {
    "isDynamic": false,
    "isImmutable": false,
    "isMultiple": false,
    "isReadOnly": true,
    "isRequired": false,
    "title": "Ha il telefono",
    "type": "char",
  },
  "HONORIFIC": Object {
    "isDynamic": false,
    "isImmutable": false,
    "isMultiple": false,
    "isReadOnly": false,
    "isRequired": false,
    "statusType": "HONORIFIC",
    "title": "Formula di apertura",
    "type": "crm_status",
  },
  "ID": Object {
    "isDynamic": false,
    "isImmutable": false,
    "isMultiple": false,
    "isReadOnly": true,
    "isRequired": false,
    "title": "ID",
    "type": "integer",
  },
  "IM": Object {
    "isDynamic": false,
    "isImmutable": false,
    "isMultiple": true,
    "isReadOnly": false,
    "isRequired": false,
    "title": "Messenger",
    "type": "crm_multifield",
  },
  "LAST_ACTIVITY_BY": Object {
    "isDynamic": false,
    "isImmutable": false,
    "isMultiple": false,
    "isReadOnly": true,
    "isRequired": false,
    "title": "Ultima attività nella timeline da parte di",
    "type": "user",
  },
  "LAST_ACTIVITY_TIME": Object {
    "isDynamic": false,
    "isImmutable": false,
    "isMultiple": false,
    "isReadOnly": true,
    "isRequired": false,
    "title": "Ultimo aggiornamento il",
    "type": "datetime",
  },
  "LAST_NAME": Object {
    "isDynamic": false,
    "isImmutable": false,
    "isMultiple": false,
    "isReadOnly": false,
    "isRequired": true,
    "title": "Cognome",
    "type": "string",
  },
  "LEAD_ID": Object {
    "isDynamic": false,
    "isImmutable": false,
    "isMultiple": false,
    "isReadOnly": true,
    "isRequired": false,
    "settings": Object {
      "parentEntityTypeId": 1,
    },
    "title": "Lead",
    "type": "crm_lead",
  },
  "LINK": Object {
    "isDynamic": false,
    "isImmutable": false,
    "isMultiple": true,
    "isReadOnly": false,
    "isRequired": false,
    "title": "LINK",
    "type": "crm_multifield",
  },
  "MODIFY_BY_ID": Object {
    "isDynamic": false,
    "isImmutable": false,
    "isMultiple": false,
    "isReadOnly": true,
    "isRequired": false,
    "title": "Modificato da",
    "type": "user",
  },
  "NAME": Object {
    "isDynamic": false,
    "isImmutable": false,
    "isMultiple": false,
    "isReadOnly": false,
    "isRequired": true,
    "title": "Nome",
    "type": "string",
  },
  "OPENED": Object {
    "isDynamic": false,
    "isImmutable": false,
    "isMultiple": false,
    "isReadOnly": false,
    "isRequired": false,
    "title": "Disponibile per tutti",
    "type": "char",
  },
  "ORIGINATOR_ID": Object {
    "isDynamic": false,
    "isImmutable": false,
    "isMultiple": false,
    "isReadOnly": false,
    "isRequired": false,
    "title": "Origine esterna",
    "type": "string",
  },
  "ORIGIN_ID": Object {
    "isDynamic": false,
    "isImmutable": false,
    "isMultiple": false,
    "isReadOnly": false,
    "isRequired": false,
    "title": "ID elemento in origine dati",
    "type": "string",
  },
  "ORIGIN_VERSION": Object {
    "isDynamic": false,
    "isImmutable": false,
    "isMultiple": false,
    "isReadOnly": false,
    "isRequired": false,
    "title": "Versione originale",
    "type": "string",
  },
  "PARENT_ID_128": Object {
    "isDynamic": false,
    "isImmutable": false,
    "isMultiple": false,
    "isReadOnly": false,
    "isRequired": false,
    "settings": Object {
      "parentEntityTypeId": 128,
    },
    "title": "Lead 2.0",
    "type": "crm_entity",
  },
  "PARENT_ID_153": Object {
    "isDynamic": false,
    "isImmutable": false,
    "isMultiple": false,
    "isReadOnly": false,
    "isRequired": false,
    "settings": Object {
      "parentEntityTypeId": 153,
    },
    "title": "Scadenzario Incarichi",
    "type": "crm_entity",
  },
  "PARENT_ID_160": Object {
    "isDynamic": false,
    "isImmutable": false,
    "isMultiple": false,
    "isReadOnly": false,
    "isRequired": false,
    "settings": Object {
      "parentEntityTypeId": 160,
    },
    "title": "Questionari",
    "type": "crm_entity",
  },
  "PHONE": Object {
    "isDynamic": false,
    "isImmutable": false,
    "isMultiple": true,
    "isReadOnly": false,
    "isRequired": false,
    "title": "Telefono",
    "type": "crm_multifield",
  },
  "PHOTO": Object {
    "isDynamic": false,
    "isImmutable": false,
    "isMultiple": false,
    "isReadOnly": false,
    "isRequired": false,
    "title": "Foto",
    "type": "file",
  },
  "POST": Object {
    "isDynamic": false,
    "isImmutable": false,
    "isMultiple": false,
    "isReadOnly": false,
    "isRequired": false,
    "title": "Posizione",
    "type": "string",
  },
  "SECOND_NAME": Object {
    "isDynamic": false,
    "isImmutable": false,
    "isMultiple": false,
    "isReadOnly": false,
    "isRequired": true,
    "title": "Secondo nome",
    "type": "string",
  },
  "SOURCE_DESCRIPTION": Object {
    "isDynamic": false,
    "isImmutable": false,
    "isMultiple": false,
    "isReadOnly": false,
    "isRequired": false,
    "title": "Informazioni origine",
    "type": "string",
  },
  "SOURCE_ID": Object {
    "isDynamic": false,
    "isImmutable": false,
    "isMultiple": false,
    "isReadOnly": false,
    "isRequired": false,
    "statusType": "SOURCE",
    "title": "Origine",
    "type": "crm_status",
  },
  "TYPE_ID": Object {
    "isDynamic": false,
    "isImmutable": false,
    "isMultiple": false,
    "isReadOnly": false,
    "isRequired": false,
    "statusType": "CONTACT_TYPE",
    "title": "Tipo contatto",
    "type": "crm_status",
  },
  "UF_CRM_1582021493071": Object {
    "filterLabel": "Codice Fiscale",
    "formLabel": "Codice Fiscale",
    "isDynamic": true,
    "isImmutable": false,
    "isMultiple": false,
    "isReadOnly": false,
    "isRequired": false,
    "listLabel": "Codice Fiscale",
    "settings": Object {
      "DEFAULT_VALUE": null,
      "MAX_LENGTH": 0,
      "MIN_LENGTH": 0,
      "REGEXP": null,
      "ROWS": 1,
      "SIZE": 20,
    },
    "title": "UF_CRM_1582021493071",
    "type": "string",
  },
  "UF_CRM_1608647538865": Object {
    "filterLabel": "Partita IVA (Azienda)",
    "formLabel": "Partita IVA (Azienda)",
    "isDynamic": true,
    "isImmutable": false,
    "isMultiple": false,
    "isReadOnly": false,
    "isRequired": false,
    "listLabel": "Partita IVA (Azienda)",
    "settings": Object {
      "DEFAULT_VALUE": "",
      "MAX_LENGTH": 0,
      "MIN_LENGTH": 0,
      "REGEXP": "",
      "ROWS": 1,
      "SIZE": 20,
    },
    "title": "UF_CRM_1608647538865",
    "type": "string",
  },
  "UF_CRM_1611761734441": Object {
    "filterLabel": "Disponibile per newsletter",
    "formLabel": "Disponibile per newsletter",
    "isDynamic": true,
    "isImmutable": false,
    "isMultiple": false,
    "isReadOnly": false,
    "isRequired": false,
    "listLabel": "Disponibile per newsletter",
    "settings": Object {
      "DEFAULT_VALUE": 0,
      "DISPLAY": "CHECKBOX",
      "LABEL": Array [
        null,
        null,
      ],
      "LABEL_CHECKBOX": Object {
        "br": "Disponibile per newsletter",
        "de": "Disponibile per newsletter",
        "en": "Disponibile per newsletter",
        "fr": "Disponibile per newsletter",
        "hi": "Disponibile per newsletter",
        "id": "Disponibile per newsletter",
        "it": "Disponibile per newsletter",
        "ja": "Disponibile per newsletter",
        "la": "Disponibile per newsletter",
        "ms": "Disponibile per newsletter",
        "pl": "Disponibile per newsletter",
        "ru": "Disponibile per newsletter",
        "sc": "Disponibile per newsletter",
        "tc": "Disponibile per newsletter",
        "th": "Disponibile per newsletter",
        "tr": "Disponibile per newsletter",
        "ua": "Disponibile per newsletter",
        "vn": "Disponibile per newsletter",
      },
    },
    "title": "UF_CRM_1611761734441",
    "type": "boolean",
  },
  "UF_CRM_1617703148": Object {
    "filterLabel": "Allegati",
    "formLabel": "Allegati",
    "isDynamic": true,
    "isImmutable": false,
    "isMultiple": true,
    "isReadOnly": false,
    "isRequired": false,
    "listLabel": "Allegati",
    "settings": Object {
      "EXTENSIONS": Array [],
      "LIST_HEIGHT": 0,
      "LIST_WIDTH": 0,
      "MAX_ALLOWED_SIZE": 0,
      "MAX_SHOW_SIZE": 0,
      "SIZE": 20,
      "TARGET_BLANK": "Y",
    },
    "title": "UF_CRM_1617703148",
    "type": "file",
  },
  "UF_CRM_1617703343": Object {
    "filterLabel": "Profilo Linkedin",
    "formLabel": "Profilo Linkedin",
    "isDynamic": true,
    "isImmutable": false,
    "isMultiple": false,
    "isReadOnly": false,
    "isRequired": false,
    "listLabel": "Profilo Linkedin",
    "settings": Object {
      "DEFAULT_VALUE": "",
      "MAX_LENGTH": 0,
      "MIN_LENGTH": 0,
      "POPUP": "Y",
      "SIZE": 20,
    },
    "title": "UF_CRM_1617703343",
    "type": "url",
  },
  "UF_CRM_1623254599": Object {
    "filterLabel": "Ruolo (azienda di appartenenza)",
    "formLabel": "Ruolo (azienda di appartenenza)",
    "isDynamic": true,
    "isImmutable": false,
    "isMultiple": false,
    "isReadOnly": false,
    "isRequired": false,
    "items": Array [
      Object {
        "ID": "1341",
        "VALUE": "Altro",
      },
      Object {
        "ID": "1342",
        "VALUE": "CEO",
      },
      Object {
        "ID": "1344",
        "VALUE": "CFO",
      },
      Object {
        "ID": "1807",
        "VALUE": "CTO",
      },
      Object {
        "ID": "1988",
        "VALUE": "Legale Rappresentante",
      },
      Object {
        "ID": "1987",
        "VALUE": "Socio",
      },
      Object {
        "ID": "1343",
        "VALUE": "Amministratore",
      },
      Object {
        "ID": "1806",
        "VALUE": "Acquisti",
      },
      Object {
        "ID": "1345",
        "VALUE": "Amministrativo",
      },
      Object {
        "ID": "1346",
        "VALUE": "Commerciale",
      },
      Object {
        "ID": "1347",
        "VALUE": "Marketing",
      },
      Object {
        "ID": "1348",
        "VALUE": "Ricerca e Sviluppo",
      },
      Object {
        "ID": "1349",
        "VALUE": "Product Manager",
      },
      Object {
        "ID": "1350",
        "VALUE": "Risorse Umane",
      },
      Object {
        "ID": "1351",
        "VALUE": "Qualità",
      },
      Object {
        "ID": "1352",
        "VALUE": "Sicurezza Informatica",
      },
      Object {
        "ID": "1353",
        "VALUE": "Sicurezza Lavoratori",
      },
      Object {
        "ID": "1354",
        "VALUE": "GDPR",
      },
      Object {
        "ID": "1355",
        "VALUE": "Grafico",
      },
      Object {
        "ID": "1356",
        "VALUE": "Logistica",
      },
      Object {
        "ID": "1357",
        "VALUE": "Commercialista",
      },
      Object {
        "ID": "1358",
        "VALUE": "Consulente del Lavoro",
      },
      Object {
        "ID": "1359",
        "VALUE": "Impiegato",
      },
      Object {
        "ID": "1360",
        "VALUE": "Sviluppatore",
      },
      Object {
        "ID": "1361",
        "VALUE": "Avvocato",
      },
      Object {
        "ID": "1362",
        "VALUE": "Consulente Aziendale",
      },
      Object {
        "ID": "1394",
        "VALUE": "Revisore Legale",
      },
      Object {
        "ID": "1402",
        "VALUE": "Consulente Finanziario",
      },
      Object {
        "ID": "1663",
        "VALUE": "Fornitore",
      },
      Object {
        "ID": "1672",
        "VALUE": "IT Manager",
      },
      Object {
        "ID": "1829",
        "VALUE": "Partner",
      },
      Object {
        "ID": "1962",
        "VALUE": "Direttore Commerciale",
      },
    ],
    "listLabel": "Ruolo (azienda di appartenenza)",
    "settings": Object {
      "CAPTION_NO_VALUE": "",
      "DISPLAY": "UI",
      "LIST_HEIGHT": 1,
      "SHOW_NO_VALUE": "Y",
    },
    "title": "UF_CRM_1623254599",
    "type": "enumeration",
  },
  "UF_CRM_1626883062": Object {
    "filterLabel": "Indirizzo (via e numero civico)",
    "formLabel": "Indirizzo (via e numero civico)",
    "isDynamic": true,
    "isImmutable": false,
    "isMultiple": false,
    "isReadOnly": false,
    "isRequired": false,
    "listLabel": "Indirizzo (via e numero civico)",
    "settings": Object {
      "DEFAULT_VALUE": "",
      "MAX_LENGTH": 0,
      "MIN_LENGTH": 0,
      "REGEXP": "",
      "ROWS": 1,
      "SIZE": 20,
    },
    "title": "UF_CRM_1626883062",
    "type": "string",
  },
  "UF_CRM_1626883073": Object {
    "filterLabel": "CAP",
    "formLabel": "CAP",
    "isDynamic": true,
    "isImmutable": false,
    "isMultiple": false,
    "isReadOnly": false,
    "isRequired": false,
    "listLabel": "CAP",
    "settings": Object {
      "DEFAULT_VALUE": "",
      "MAX_LENGTH": 0,
      "MIN_LENGTH": 0,
      "REGEXP": "",
      "ROWS": 1,
      "SIZE": 20,
    },
    "title": "UF_CRM_1626883073",
    "type": "string",
  },
  "UF_CRM_1626883083": Object {
    "filterLabel": "Comune",
    "formLabel": "Comune",
    "isDynamic": true,
    "isImmutable": false,
    "isMultiple": false,
    "isReadOnly": false,
    "isRequired": false,
    "listLabel": "Comune",
    "settings": Object {
      "DEFAULT_VALUE": "",
      "MAX_LENGTH": 0,
      "MIN_LENGTH": 0,
      "REGEXP": "",
      "ROWS": 1,
      "SIZE": 20,
    },
    "title": "UF_CRM_1626883083",
    "type": "string",
  },
  "UF_CRM_1626883117": Object {
    "filterLabel": "Provincia",
    "formLabel": "Provincia",
    "isDynamic": true,
    "isImmutable": false,
    "isMultiple": false,
    "isReadOnly": false,
    "isRequired": false,
    "items": Array [
      Object {
        "ID": "1403",
        "VALUE": "Agrigento",
      },
      Object {
        "ID": "1404",
        "VALUE": "Alessandria",
      },
      Object {
        "ID": "1405",
        "VALUE": "Ancona",
      },
      Object {
        "ID": "1406",
        "VALUE": "Aosta",
      },
      Object {
        "ID": "1407",
        "VALUE": "Arezzo",
      },
      Object {
        "ID": "1408",
        "VALUE": "Ascoli Piceno",
      },
      Object {
        "ID": "1409",
        "VALUE": "Asti",
      },
      Object {
        "ID": "1410",
        "VALUE": "Avellino",
      },
      Object {
        "ID": "1411",
        "VALUE": "Bari",
      },
      Object {
        "ID": "1412",
        "VALUE": "Barletta-Andria-Trani",
      },
      Object {
        "ID": "1413",
        "VALUE": "Belluno",
      },
      Object {
        "ID": "1414",
        "VALUE": "Benevento",
      },
      Object {
        "ID": "1415",
        "VALUE": "Bergamo",
      },
      Object {
        "ID": "1416",
        "VALUE": "Biella",
      },
      Object {
        "ID": "1417",
        "VALUE": "Bologna",
      },
      Object {
        "ID": "1418",
        "VALUE": "Bolzano",
      },
      Object {
        "ID": "1419",
        "VALUE": "Brescia",
      },
      Object {
        "ID": "1420",
        "VALUE": "Brindisi",
      },
      Object {
        "ID": "1421",
        "VALUE": "Cagliari",
      },
      Object {
        "ID": "1422",
        "VALUE": "Caltanissetta",
      },
      Object {
        "ID": "1423",
        "VALUE": "Campobasso",
      },
      Object {
        "ID": "1424",
        "VALUE": "Carbonia-Iglesias",
      },
      Object {
        "ID": "1425",
        "VALUE": "Caserta",
      },
      Object {
        "ID": "1426",
        "VALUE": "Catania",
      },
      Object {
        "ID": "1427",
        "VALUE": "Catanzaro",
      },
      Object {
        "ID": "1428",
        "VALUE": "Chieti",
      },
      Object {
        "ID": "1429",
        "VALUE": "Como",
      },
      Object {
        "ID": "1430",
        "VALUE": "Cosenza",
      },
      Object {
        "ID": "1431",
        "VALUE": "Cremona",
      },
      Object {
        "ID": "1432",
        "VALUE": "Crotone",
      },
      Object {
        "ID": "1433",
        "VALUE": "Cuneo",
      },
      Object {
        "ID": "1434",
        "VALUE": "Enna",
      },
      Object {
        "ID": "1435",
        "VALUE": "Fermo",
      },
      Object {
        "ID": "1436",
        "VALUE": "Ferrara",
      },
      Object {
        "ID": "1437",
        "VALUE": "Firenze",
      },
      Object {
        "ID": "1438",
        "VALUE": "Foggia",
      },
      Object {
        "ID": "1439",
        "VALUE": "Forlì-Cesena",
      },
      Object {
        "ID": "1440",
        "VALUE": "Frosinone",
      },
      Object {
        "ID": "1441",
        "VALUE": "Genova",
      },
      Object {
        "ID": "1442",
        "VALUE": "Gorizia",
      },
      Object {
        "ID": "1443",
        "VALUE": "Grosseto",
      },
      Object {
        "ID": "1444",
        "VALUE": "Imperia",
      },
      Object {
        "ID": "1445",
        "VALUE": "Isernia",
      },
      Object {
        "ID": "1446",
        "VALUE": "La Spezia",
      },
      Object {
        "ID": "1447",
        "VALUE": "L'Aquila",
      },
      Object {
        "ID": "1448",
        "VALUE": "Latina",
      },
      Object {
        "ID": "1449",
        "VALUE": "Lecce",
      },
      Object {
        "ID": "1450",
        "VALUE": "Lecco",
      },
      Object {
        "ID": "1451",
        "VALUE": "Livorno",
      },
      Object {
        "ID": "1452",
        "VALUE": "Lodi",
      },
      Object {
        "ID": "1453",
        "VALUE": "Lucca",
      },
      Object {
        "ID": "1454",
        "VALUE": "Macerata",
      },
      Object {
        "ID": "1455",
        "VALUE": "Mantova",
      },
      Object {
        "ID": "1456",
        "VALUE": "Massa-Carrara",
      },
      Object {
        "ID": "1457",
        "VALUE": "Matera",
      },
      Object {
        "ID": "1458",
        "VALUE": "Messina",
      },
      Object {
        "ID": "1459",
        "VALUE": "Milano",
      },
      Object {
        "ID": "1460",
        "VALUE": "Modena",
      },
      Object {
        "ID": "1461",
        "VALUE": "Monza e della Brianza",
      },
      Object {
        "ID": "1462",
        "VALUE": "Napoli",
      },
      Object {
        "ID": "1463",
        "VALUE": "Novara",
      },
      Object {
        "ID": "1464",
        "VALUE": "Nuoro",
      },
      Object {
        "ID": "1465",
        "VALUE": "Olbia-Tempio",
      },
      Object {
        "ID": "1466",
        "VALUE": "Oristano",
      },
      Object {
        "ID": "1467",
        "VALUE": "Padova",
      },
      Object {
        "ID": "1468",
        "VALUE": "Palermo",
      },
      Object {
        "ID": "1469",
        "VALUE": "Parma",
      },
      Object {
        "ID": "1470",
        "VALUE": "Pavia",
      },
      Object {
        "ID": "1471",
        "VALUE": "Perugia",
      },
      Object {
        "ID": "1472",
        "VALUE": "Pesaro e Urbino",
      },
      Object {
        "ID": "1473",
        "VALUE": "Pescara",
      },
      Object {
        "ID": "1474",
        "VALUE": "Piacenza",
      },
      Object {
        "ID": "1475",
        "VALUE": "Pisa",
      },
      Object {
        "ID": "1476",
        "VALUE": "Pistoia",
      },
      Object {
        "ID": "1477",
        "VALUE": "Pordenone",
      },
      Object {
        "ID": "1478",
        "VALUE": "Potenza",
      },
      Object {
        "ID": "1479",
        "VALUE": "Prato",
      },
      Object {
        "ID": "1480",
        "VALUE": "Ragusa",
      },
      Object {
        "ID": "1481",
        "VALUE": "Ravenna",
      },
      Object {
        "ID": "1482",
        "VALUE": "Reggio Calabria",
      },
      Object {
        "ID": "1483",
        "VALUE": "Reggio Emilia",
      },
      Object {
        "ID": "1484",
        "VALUE": "Rieti",
      },
      Object {
        "ID": "1485",
        "VALUE": "Rimini",
      },
      Object {
        "ID": "1486",
        "VALUE": "Roma",
      },
      Object {
        "ID": "1487",
        "VALUE": "Rovigo",
      },
      Object {
        "ID": "1488",
        "VALUE": "Salerno",
      },
      Object {
        "ID": "1489",
        "VALUE": "Medio Campidano",
      },
      Object {
        "ID": "1490",
        "VALUE": "Sassari",
      },
      Object {
        "ID": "1491",
        "VALUE": "Savona",
      },
      Object {
        "ID": "1492",
        "VALUE": "Siena",
      },
      Object {
        "ID": "1493",
        "VALUE": "Siracusa",
      },
      Object {
        "ID": "1494",
        "VALUE": "Sondrio",
      },
      Object {
        "ID": "1495",
        "VALUE": "Taranto",
      },
      Object {
        "ID": "1496",
        "VALUE": "Teramo",
      },
      Object {
        "ID": "1497",
        "VALUE": "Terni",
      },
      Object {
        "ID": "1498",
        "VALUE": "Torino",
      },
      Object {
        "ID": "1499",
        "VALUE": "Ogliastra",
      },
      Object {
        "ID": "1500",
        "VALUE": "Trapani",
      },
      Object {
        "ID": "1501",
        "VALUE": "Trento",
      },
      Object {
        "ID": "1502",
        "VALUE": "Treviso",
      },
      Object {
        "ID": "1503",
        "VALUE": "Trieste",
      },
      Object {
        "ID": "1504",
        "VALUE": "Udine",
      },
      Object {
        "ID": "1505",
        "VALUE": "Varese",
      },
      Object {
        "ID": "1506",
        "VALUE": "Venezia",
      },
      Object {
        "ID": "1507",
        "VALUE": "Verbano-Cusio-Ossola",
      },
      Object {
        "ID": "1508",
        "VALUE": "Vercelli",
      },
      Object {
        "ID": "1509",
        "VALUE": "Verona",
      },
      Object {
        "ID": "1510",
        "VALUE": "Vibo Valentia",
      },
      Object {
        "ID": "1511",
        "VALUE": "Vicenza",
      },
      Object {
        "ID": "1512",
        "VALUE": "Viterbo",
      },
    ],
    "listLabel": "Provincia",
    "settings": Object {
      "CAPTION_NO_VALUE": "",
      "DISPLAY": "LIST",
      "LIST_HEIGHT": 1,
      "SHOW_NO_VALUE": "Y",
    },
    "title": "UF_CRM_1626883117",
    "type": "enumeration",
  },
  "UF_CRM_1626883169": Object {
    "filterLabel": "Regione",
    "formLabel": "Regione",
    "isDynamic": true,
    "isImmutable": false,
    "isMultiple": false,
    "isReadOnly": false,
    "isRequired": false,
    "items": Array [
      Object {
        "ID": "1513",
        "VALUE": "Abruzzo",
      },
      Object {
        "ID": "1514",
        "VALUE": "Basilicata",
      },
      Object {
        "ID": "1515",
        "VALUE": "Calabria",
      },
      Object {
        "ID": "1516",
        "VALUE": "Campania",
      },
      Object {
        "ID": "1517",
        "VALUE": "Emilia Romagna",
      },
      Object {
        "ID": "1518",
        "VALUE": "Friuli Venezia Giulia",
      },
      Object {
        "ID": "1519",
        "VALUE": "Lazio",
      },
      Object {
        "ID": "1520",
        "VALUE": "Liguria",
      },
      Object {
        "ID": "1521",
        "VALUE": "Lombardia",
      },
      Object {
        "ID": "1522",
        "VALUE": "Marche",
      },
      Object {
        "ID": "1523",
        "VALUE": "Molise",
      },
      Object {
        "ID": "1524",
        "VALUE": "Piemonte",
      },
      Object {
        "ID": "1525",
        "VALUE": "Puglia",
      },
      Object {
        "ID": "1526",
        "VALUE": "Sardegna",
      },
      Object {
        "ID": "1527",
        "VALUE": "Sicilia",
      },
      Object {
        "ID": "1528",
        "VALUE": "Toscana",
      },
      Object {
        "ID": "1529",
        "VALUE": "Trentino Alto Adige",
      },
      Object {
        "ID": "1530",
        "VALUE": "Umbria",
      },
      Object {
        "ID": "1531",
        "VALUE": "Valle d'Aosta",
      },
      Object {
        "ID": "1532",
        "VALUE": "Veneto",
      },
    ],
    "listLabel": "Regione",
    "settings": Object {
      "CAPTION_NO_VALUE": "",
      "DISPLAY": "LIST",
      "LIST_HEIGHT": 1,
      "SHOW_NO_VALUE": "Y",
    },
    "title": "UF_CRM_1626883169",
    "type": "enumeration",
  },
  "UF_CRM_1638893104": Object {
    "filterLabel": "Formula Apertura",
    "formLabel": "Formula Apertura",
    "isDynamic": true,
    "isImmutable": false,
    "isMultiple": false,
    "isReadOnly": false,
    "isRequired": false,
    "listLabel": "Formula Apertura",
    "settings": Object {
      "DEFAULT_VALUE": "",
      "MAX_LENGTH": 0,
      "MIN_LENGTH": 0,
      "REGEXP": "",
      "ROWS": 1,
      "SIZE": 20,
    },
    "title": "UF_CRM_1638893104",
    "type": "string",
  },
  "UF_CRM_1648569437": Object {
    "filterLabel": "Partita IVA",
    "formLabel": "Partita IVA",
    "isDynamic": true,
    "isImmutable": false,
    "isMultiple": false,
    "isReadOnly": false,
    "isRequired": false,
    "listLabel": "Partita IVA",
    "settings": Object {
      "DEFAULT_VALUE": "",
      "MAX_LENGTH": 0,
      "MIN_LENGTH": 0,
      "REGEXP": "",
      "ROWS": 1,
      "SIZE": 20,
    },
    "title": "UF_CRM_1648569437",
    "type": "string",
  },
  "UF_CRM_1670949652148": Object {
    "filterLabel": "PEC",
    "formLabel": "PEC",
    "isDynamic": true,
    "isImmutable": false,
    "isMultiple": true,
    "isReadOnly": false,
    "isRequired": false,
    "listLabel": "PEC",
    "settings": Object {
      "DEFAULT_VALUE": null,
      "MAX_LENGTH": 0,
      "MIN_LENGTH": 0,
      "REGEXP": "",
      "ROWS": 1,
      "SIZE": 20,
    },
    "title": "UF_CRM_1670949652148",
    "type": "string",
  },
  "UF_CRM_1677584031693": Object {
    "filterLabel": "Consenso marketing",
    "formLabel": "Consenso marketing",
    "isDynamic": true,
    "isImmutable": false,
    "isMultiple": false,
    "isReadOnly": false,
    "isRequired": false,
    "items": Array [
      Object {
        "ID": "2880",
        "VALUE": "Sì",
      },
      Object {
        "ID": "2881",
        "VALUE": "No",
      },
    ],
    "listLabel": "Consenso marketing",
    "settings": Object {
      "CAPTION_NO_VALUE": "",
      "DISPLAY": "UI",
      "LIST_HEIGHT": 1,
      "SHOW_NO_VALUE": "Y",
    },
    "title": "UF_CRM_1677584031693",
    "type": "enumeration",
  },
  "UF_CRM_1682599883073": Object {
    "filterLabel": "Origine",
    "formLabel": "Origine",
    "isDynamic": true,
    "isImmutable": false,
    "isMultiple": false,
    "isReadOnly": false,
    "isRequired": false,
    "items": Array [
      Object {
        "ID": "2919",
        "VALUE": "Via di Tempagnano",
      },
    ],
    "listLabel": "Origine",
    "settings": Object {
      "CAPTION_NO_VALUE": "",
      "DISPLAY": "UI",
      "LIST_HEIGHT": 1,
      "SHOW_NO_VALUE": "Y",
    },
    "title": "UF_CRM_1682599883073",
    "type": "enumeration",
  },
  "UF_CRM_1688545066253": Object {
    "filterLabel": "BACK_Residenza",
    "formLabel": "BACK_Residenza",
    "isDynamic": true,
    "isImmutable": false,
    "isMultiple": false,
    "isReadOnly": false,
    "isRequired": false,
    "listLabel": "BACK_Residenza",
    "settings": Object {
      "SHOW_MAP": "Y",
    },
    "title": "UF_CRM_1688545066253",
    "type": "address",
  },
  "UF_CRM_1688545404264": Object {
    "filterLabel": "BACK_Esperienza nella vendita (testo)",
    "formLabel": "BACK_Esperienza nella vendita (testo)",
    "isDynamic": true,
    "isImmutable": false,
    "isMultiple": false,
    "isReadOnly": false,
    "isRequired": false,
    "listLabel": "BACK_Esperienza nella vendita (testo)",
    "settings": Object {
      "DEFAULT_VALUE": null,
      "MAX_LENGTH": 0,
      "MIN_LENGTH": 0,
      "REGEXP": "",
      "ROWS": 1,
      "SIZE": 20,
    },
    "title": "UF_CRM_1688545404264",
    "type": "string",
  },
  "UF_CRM_1688630551484": Object {
    "filterLabel": "BACK_Partiva IVA",
    "formLabel": "BACK_Partiva IVA",
    "isDynamic": true,
    "isImmutable": false,
    "isMultiple": false,
    "isReadOnly": false,
    "isRequired": false,
    "listLabel": "BACK_Partiva IVA",
    "settings": Object {
      "DEFAULT_VALUE": null,
      "MAX_LENGTH": 0,
      "MIN_LENGTH": 0,
      "REGEXP": "",
      "ROWS": 1,
      "SIZE": 20,
    },
    "title": "UF_CRM_1688630551484",
    "type": "string",
  },
  "UF_CRM_1688630603618": Object {
    "filterLabel": "BACK_Disponibilità Immediata",
    "formLabel": "BACK_Disponibilità Immediata",
    "isDynamic": true,
    "isImmutable": false,
    "isMultiple": false,
    "isReadOnly": false,
    "isRequired": false,
    "listLabel": "BACK_Disponibilità Immediata",
    "settings": Object {
      "DEFAULT_VALUE": null,
      "MAX_LENGTH": 0,
      "MIN_LENGTH": 0,
      "REGEXP": "",
      "ROWS": 1,
      "SIZE": 20,
    },
    "title": "UF_CRM_1688630603618",
    "type": "string",
  },
  "UF_CRM_1688630620722": Object {
    "filterLabel": "BACK_Esperienza nella vendita",
    "formLabel": "BACK_Esperienza nella vendita",
    "isDynamic": true,
    "isImmutable": false,
    "isMultiple": false,
    "isReadOnly": false,
    "isRequired": false,
    "listLabel": "BACK_Esperienza nella vendita",
    "settings": Object {
      "DEFAULT_VALUE": null,
      "MAX_LENGTH": 0,
      "MIN_LENGTH": 0,
      "REGEXP": "",
      "ROWS": 1,
      "SIZE": 20,
    },
    "title": "UF_CRM_1688630620722",
    "type": "string",
  },
  "UF_CRM_1688630654618": Object {
    "filterLabel": "BACK_Conoscenza Finanza Agevolata",
    "formLabel": "BACK_Conoscenza Finanza Agevolata",
    "isDynamic": true,
    "isImmutable": false,
    "isMultiple": false,
    "isReadOnly": false,
    "isRequired": false,
    "listLabel": "BACK_Conoscenza Finanza Agevolata",
    "settings": Object {
      "DEFAULT_VALUE": null,
      "MAX_LENGTH": 0,
      "MIN_LENGTH": 0,
      "REGEXP": "",
      "ROWS": 1,
      "SIZE": 20,
    },
    "title": "UF_CRM_1688630654618",
    "type": "string",
  },
  "UF_CRM_1688630682506": Object {
    "filterLabel": "BACK_Conoscenza Prodotti Software",
    "formLabel": "BACK_Conoscenza Prodotti Software",
    "isDynamic": true,
    "isImmutable": false,
    "isMultiple": false,
    "isReadOnly": false,
    "isRequired": false,
    "listLabel": "BACK_Conoscenza Prodotti Software",
    "settings": Object {
      "DEFAULT_VALUE": null,
      "MAX_LENGTH": 0,
      "MIN_LENGTH": 0,
      "REGEXP": "",
      "ROWS": 1,
      "SIZE": 20,
    },
    "title": "UF_CRM_1688630682506",
    "type": "string",
  },
  "UF_CRM_1688630708658": Object {
    "filterLabel": "BACK_Portafoglio Clienti",
    "formLabel": "BACK_Portafoglio Clienti",
    "isDynamic": true,
    "isImmutable": false,
    "isMultiple": false,
    "isReadOnly": false,
    "isRequired": false,
    "listLabel": "BACK_Portafoglio Clienti",
    "settings": Object {
      "DEFAULT_VALUE": null,
      "MAX_LENGTH": 0,
      "MIN_LENGTH": 0,
      "REGEXP": "",
      "ROWS": 1,
      "SIZE": 20,
    },
    "title": "UF_CRM_1688630708658",
    "type": "string",
  },
  "UF_CRM_1697554750654": Object {
    "filterLabel": "Custom Segment",
    "formLabel": "Custom Segment",
    "isDynamic": true,
    "isImmutable": false,
    "isMultiple": false,
    "isReadOnly": false,
    "isRequired": false,
    "listLabel": "Custom Segment",
    "settings": Object {
      "DEFAULT_VALUE": null,
      "MAX_LENGTH": 0,
      "MIN_LENGTH": 0,
      "REGEXP": "",
      "ROWS": 1,
      "SIZE": 20,
    },
    "title": "UF_CRM_1697554750654",
    "type": "string",
  },
  "UF_CRM_5D8C8A0A8654A": Object {
    "filterLabel": "DA_ELIMINARE_Aree di Interesse",
    "formLabel": "DA_ELIMINARE_Aree di Interesse",
    "isDynamic": true,
    "isImmutable": false,
    "isMultiple": true,
    "isReadOnly": false,
    "isRequired": false,
    "items": Array [
      Object {
        "ID": "2284",
        "VALUE": "Professional Services",
      },
      Object {
        "ID": "280",
        "VALUE": "Finanza Agevolata",
      },
      Object {
        "ID": "1986",
        "VALUE": "Studio Turri",
      },
      Object {
        "ID": "1167",
        "VALUE": "Bitrix",
      },
      Object {
        "ID": "1868",
        "VALUE": "Aksilia Suite",
      },
      Object {
        "ID": "254",
        "VALUE": "Altro",
      },
      Object {
        "ID": "258",
        "VALUE": "GDPR",
      },
      Object {
        "ID": "1690",
        "VALUE": "ISO27001",
      },
      Object {
        "ID": "1691",
        "VALUE": "ISO9001",
      },
      Object {
        "ID": "1692",
        "VALUE": "231",
      },
      Object {
        "ID": "1693",
        "VALUE": "Sicurezza sui Luoghi di Lavoro",
      },
      Object {
        "ID": "1702",
        "VALUE": "HR",
      },
      Object {
        "ID": "1979",
        "VALUE": "IT",
      },
      Object {
        "ID": "1993",
        "VALUE": "ESG",
      },
    ],
    "listLabel": "DA_ELIMINARE_Aree di Interesse",
    "settings": Object {
      "CAPTION_NO_VALUE": "",
      "DISPLAY": "UI",
      "LIST_HEIGHT": 1,
      "SHOW_NO_VALUE": "Y",
    },
    "title": "UF_CRM_5D8C8A0A8654A",
    "type": "enumeration",
  },
  "UF_CRM_60216B3DAAAA6": Object {
    "filterLabel": "Zoom Link",
    "formLabel": "Zoom Link",
    "isDynamic": true,
    "isImmutable": false,
    "isMultiple": false,
    "isReadOnly": false,
    "isRequired": false,
    "listLabel": "Zoom Link",
    "settings": Object {
      "DEFAULT_VALUE": "",
      "MAX_LENGTH": 0,
      "MIN_LENGTH": 0,
      "REGEXP": "",
      "ROWS": 1,
      "SIZE": 20,
    },
    "title": "UF_CRM_60216B3DAAAA6",
    "type": "string",
  },
  "UF_CRM_60216B3DB5C98": Object {
    "filterLabel": "Zoom date/time",
    "formLabel": "Zoom date/time",
    "isDynamic": true,
    "isImmutable": false,
    "isMultiple": false,
    "isReadOnly": false,
    "isRequired": false,
    "listLabel": "Zoom date/time",
    "settings": Object {
      "DEFAULT_VALUE": "",
      "MAX_LENGTH": 0,
      "MIN_LENGTH": 0,
      "REGEXP": "",
      "ROWS": 1,
      "SIZE": 20,
    },
    "title": "UF_CRM_60216B3DB5C98",
    "type": "string",
  },
  "UF_CRM_60745403BEE0B": Object {
    "filterLabel": "BACK_Appartenenza",
    "formLabel": "BACK_Appartenenza",
    "isDynamic": true,
    "isImmutable": false,
    "isMultiple": true,
    "isReadOnly": false,
    "isRequired": false,
    "items": Array [
      Object {
        "ID": "1311",
        "VALUE": "Aksilia",
      },
      Object {
        "ID": "1312",
        "VALUE": "Studio Turri",
      },
      Object {
        "ID": "1313",
        "VALUE": "V-Ciso",
      },
      Object {
        "ID": "1777",
        "VALUE": "Smartech Operation",
      },
      Object {
        "ID": "1315",
        "VALUE": "Smartech Lab",
      },
      Object {
        "ID": "1771",
        "VALUE": "Smartech Evolution",
      },
      Object {
        "ID": "1314",
        "VALUE": "Smartech PA",
      },
      Object {
        "ID": "1834",
        "VALUE": "Smartech Security",
      },
      Object {
        "ID": "1783",
        "VALUE": "Italy Professional Group",
      },
      Object {
        "ID": "1971",
        "VALUE": "Innovative Service",
      },
      Object {
        "ID": "1972",
        "VALUE": "Compass 360",
      },
      Object {
        "ID": "2074",
        "VALUE": "Chiara Battaglia",
      },
      Object {
        "ID": "2833",
        "VALUE": "Aksilia Suite",
      },
    ],
    "listLabel": "BACK_Appartenenza",
    "settings": Object {
      "CAPTION_NO_VALUE": "",
      "DISPLAY": "UI",
      "LIST_HEIGHT": 1,
      "SHOW_NO_VALUE": "Y",
    },
    "title": "UF_CRM_60745403BEE0B",
    "type": "enumeration",
  },
  "UF_CRM_60B0ABA35B1A2": Object {
    "filterLabel": "Fonte",
    "formLabel": "Fonte",
    "isDynamic": true,
    "isImmutable": false,
    "isMultiple": false,
    "isReadOnly": false,
    "isRequired": false,
    "listLabel": "Fonte",
    "settings": Object {
      "DEFAULT_VALUE": "",
      "MAX_LENGTH": 0,
      "MIN_LENGTH": 0,
      "REGEXP": "",
      "ROWS": 1,
      "SIZE": 20,
    },
    "title": "UF_CRM_60B0ABA35B1A2",
    "type": "string",
  },
  "UF_CRM_614D89B924D97": Object {
    "filterLabel": "Segnalatore",
    "formLabel": "Segnalatore",
    "isDynamic": true,
    "isImmutable": false,
    "isMultiple": false,
    "isReadOnly": false,
    "isRequired": false,
    "items": Array [],
    "listLabel": "Segnalatore",
    "settings": Object {
      "CAPTION_NO_VALUE": "",
      "DISPLAY": "LIST",
      "LIST_HEIGHT": 1,
      "SHOW_NO_VALUE": "Y",
    },
    "title": "UF_CRM_614D89B924D97",
    "type": "enumeration",
  },
  "UF_CRM_618900D239896": Object {
    "filterLabel": "Sede (Città)",
    "formLabel": "Sede (Città)",
    "isDynamic": true,
    "isImmutable": false,
    "isMultiple": false,
    "isReadOnly": false,
    "isRequired": false,
    "listLabel": "Sede (Città)",
    "settings": Object {
      "DEFAULT_VALUE": "",
      "MAX_LENGTH": 0,
      "MIN_LENGTH": 0,
      "REGEXP": "",
      "ROWS": 1,
      "SIZE": 20,
    },
    "title": "UF_CRM_618900D239896",
    "type": "string",
  },
  "UF_CRM_618900D252530": Object {
    "filterLabel": "BACK_Telefono",
    "formLabel": "BACK_Telefono",
    "isDynamic": true,
    "isImmutable": false,
    "isMultiple": false,
    "isReadOnly": false,
    "isRequired": false,
    "listLabel": "BACK_Telefono",
    "settings": Object {
      "DEFAULT_VALUE": "",
      "MAX_LENGTH": 0,
      "MIN_LENGTH": 0,
      "REGEXP": "",
      "ROWS": 1,
      "SIZE": 20,
    },
    "title": "UF_CRM_618900D252530",
    "type": "string",
  },
  "UF_CRM_619FC4D24D794": Object {
    "filterLabel": "Codice Identificativo",
    "formLabel": "Codice Identificativo",
    "isDynamic": true,
    "isImmutable": false,
    "isMultiple": false,
    "isReadOnly": false,
    "isRequired": false,
    "listLabel": "Codice Identificativo",
    "settings": Object {
      "DEFAULT_VALUE": "",
      "MAX_LENGTH": 0,
      "MIN_LENGTH": 0,
      "REGEXP": "",
      "ROWS": 1,
      "SIZE": 20,
    },
    "title": "UF_CRM_619FC4D24D794",
    "type": "string",
  },
  "UF_CRM_61E54C5737CEE": Object {
    "filterLabel": "Agente",
    "formLabel": "Agente",
    "isDynamic": true,
    "isImmutable": false,
    "isMultiple": false,
    "isReadOnly": false,
    "isRequired": false,
    "listLabel": "Agente",
    "settings": Object {
      "CONTACT": "Y",
    },
    "title": "UF_CRM_61E54C5737CEE",
    "type": "crm",
  },
  "UF_CRM_61E54C574D2AC": Object {
    "filterLabel": "Segnalatore",
    "formLabel": "Segnalatore",
    "isDynamic": true,
    "isImmutable": false,
    "isMultiple": false,
    "isReadOnly": false,
    "isRequired": false,
    "listLabel": "Segnalatore",
    "settings": Object {
      "CONTACT": "Y",
    },
    "title": "UF_CRM_61E54C574D2AC",
    "type": "crm",
  },
  "UF_CRM_61E54C5762887": Object {
    "filterLabel": "Origine",
    "formLabel": "Origine",
    "isDynamic": true,
    "isImmutable": false,
    "isMultiple": false,
    "isReadOnly": false,
    "isRequired": false,
    "items": Array [
      Object {
        "ID": "1944",
        "VALUE": "Web",
      },
      Object {
        "ID": "1945",
        "VALUE": "Passaparola",
      },
      Object {
        "ID": "1946",
        "VALUE": "Interna",
      },
      Object {
        "ID": "2895",
        "VALUE": "Partner Sole 24 Ore",
      },
      Object {
        "ID": "2902",
        "VALUE": "Assoreti",
      },
      Object {
        "ID": "2905",
        "VALUE": "Gruppo Privacy CNDCEC",
      },
      Object {
        "ID": "2920",
        "VALUE": "Innovation Day",
      },
      Object {
        "ID": "2947",
        "VALUE": "Dynamo Camp",
      },
      Object {
        "ID": "2948",
        "VALUE": "Prisma Prato",
      },
      Object {
        "ID": "2986",
        "VALUE": "Fiera SPS Parma 2023",
      },
      Object {
        "ID": "2991",
        "VALUE": "Soggetti accreditati alla formazione regione Toscana",
      },
      Object {
        "ID": "3001",
        "VALUE": "Incontro Sole 24 Padova",
      },
    ],
    "listLabel": "Origine",
    "settings": Object {
      "CAPTION_NO_VALUE": "",
      "DISPLAY": "UI",
      "LIST_HEIGHT": 1,
      "SHOW_NO_VALUE": "Y",
    },
    "title": "UF_CRM_61E54C5762887",
    "type": "enumeration",
  },
  "UF_CRM_6243313EBDFCB": Object {
    "filterLabel": "Codice Ateco",
    "formLabel": "Codice Ateco",
    "isDynamic": true,
    "isImmutable": false,
    "isMultiple": false,
    "isReadOnly": false,
    "isRequired": false,
    "listLabel": "Codice Ateco",
    "settings": Object {
      "DEFAULT_VALUE": null,
      "MAX_LENGTH": 0,
      "MIN_LENGTH": 0,
      "REGEXP": "",
      "ROWS": 1,
      "SIZE": 20,
    },
    "title": "UF_CRM_6243313EBDFCB",
    "type": "string",
  },
  "UF_CRM_6243313ED910D": Object {
    "filterLabel": "n° dipendenti (maggiore o uguale di)",
    "formLabel": "n° dipendenti (maggiore o uguale di)",
    "isDynamic": true,
    "isImmutable": false,
    "isMultiple": false,
    "isReadOnly": false,
    "isRequired": false,
    "listLabel": "n° dipendenti (maggiore o uguale di)",
    "settings": Object {
      "DEFAULT_VALUE": 0,
      "MAX_VALUE": 0,
      "MIN_VALUE": 0,
      "SIZE": 20,
    },
    "title": "UF_CRM_6243313ED910D",
    "type": "integer",
  },
  "UF_CRM_6243313EEF037": Object {
    "filterLabel": "Fatturato azienda (maggiore o uguale di)",
    "formLabel": "Fatturato azienda (maggiore o uguale di)",
    "isDynamic": true,
    "isImmutable": false,
    "isMultiple": false,
    "isReadOnly": false,
    "isRequired": false,
    "listLabel": "Fatturato azienda (maggiore o uguale di)",
    "settings": Object {
      "DEFAULT_VALUE": "",
    },
    "title": "UF_CRM_6243313EEF037",
    "type": "money",
  },
  "UF_CRM_6243313F104E0": Object {
    "filterLabel": "Azienda in target?",
    "formLabel": "Azienda in target?",
    "isDynamic": true,
    "isImmutable": false,
    "isMultiple": false,
    "isReadOnly": false,
    "isRequired": false,
    "items": Array [
      Object {
        "ID": "2213",
        "VALUE": "Sì",
      },
      Object {
        "ID": "2214",
        "VALUE": "No",
      },
    ],
    "listLabel": "Azienda in target?",
    "settings": Object {
      "CAPTION_NO_VALUE": "",
      "DISPLAY": "LIST",
      "LIST_HEIGHT": 5,
      "SHOW_NO_VALUE": "Y",
    },
    "title": "UF_CRM_6243313F104E0",
    "type": "enumeration",
  },
  "UF_CRM_6243313F26D53": Object {
    "filterLabel": "Indirizzo (via e numero civico) (Azienda)",
    "formLabel": "Indirizzo (via e numero civico) (Azienda)",
    "isDynamic": true,
    "isImmutable": false,
    "isMultiple": false,
    "isReadOnly": false,
    "isRequired": false,
    "listLabel": "Indirizzo (via e numero civico) (Azienda)",
    "settings": Object {
      "DEFAULT_VALUE": null,
      "MAX_LENGTH": 0,
      "MIN_LENGTH": 0,
      "REGEXP": "",
      "ROWS": 1,
      "SIZE": 20,
    },
    "title": "UF_CRM_6243313F26D53",
    "type": "string",
  },
  "UF_CRM_6243313F3B315": Object {
    "filterLabel": "CAP (Azienda)",
    "formLabel": "CAP (Azienda)",
    "isDynamic": true,
    "isImmutable": false,
    "isMultiple": false,
    "isReadOnly": false,
    "isRequired": false,
    "listLabel": "CAP (Azienda)",
    "settings": Object {
      "DEFAULT_VALUE": null,
      "MAX_LENGTH": 0,
      "MIN_LENGTH": 0,
      "REGEXP": "",
      "ROWS": 1,
      "SIZE": 20,
    },
    "title": "UF_CRM_6243313F3B315",
    "type": "string",
  },
  "UF_CRM_63341EB9DDBC6": Object {
    "filterLabel": "Resta aggiornato sulle ultime novità",
    "formLabel": "Resta aggiornato sulle ultime novità",
    "isDynamic": true,
    "isImmutable": false,
    "isMultiple": false,
    "isReadOnly": false,
    "isRequired": false,
    "listLabel": "Resta aggiornato sulle ultime novità",
    "settings": Object {
      "DEFAULT_VALUE": 0,
      "DISPLAY": "CHECKBOX",
      "LABEL": Array [
        null,
        null,
      ],
      "LABEL_CHECKBOX": "Resta aggiornato sulle ultime novità",
    },
    "title": "UF_CRM_63341EB9DDBC6",
    "type": "boolean",
  },
  "UF_CRM_633ED40D5FAE7": Object {
    "filterLabel": "Progressivo (per fare segmenti)",
    "formLabel": "Progressivo (per fare segmenti)",
    "isDynamic": true,
    "isImmutable": false,
    "isMultiple": false,
    "isReadOnly": false,
    "isRequired": false,
    "listLabel": "Progressivo (per fare segmenti)",
    "settings": Object {
      "DEFAULT_VALUE": null,
      "MAX_VALUE": 0,
      "MIN_VALUE": 0,
      "SIZE": 20,
    },
    "title": "UF_CRM_633ED40D5FAE7",
    "type": "integer",
  },
  "UF_CRM_63B565135114E": Object {
    "filterLabel": "prova_api",
    "formLabel": "prova_api",
    "isDynamic": true,
    "isImmutable": false,
    "isMultiple": false,
    "isReadOnly": false,
    "isRequired": false,
    "listLabel": "prova_api",
    "settings": Object {
      "DEFAULT_VALUE": null,
      "MAX_LENGTH": 0,
      "MIN_LENGTH": 0,
      "REGEXP": "",
      "ROWS": 1,
      "SIZE": 20,
    },
    "title": "UF_CRM_63B565135114E",
    "type": "string",
  },
  "UF_CRM_64A28BD64A36F": Object {
    "filterLabel": "Origine (campo vero)",
    "formLabel": "Origine (campo vero)",
    "isDynamic": true,
    "isImmutable": false,
    "isMultiple": false,
    "isReadOnly": false,
    "isRequired": false,
    "items": Array [
      Object {
        "ID": "3031",
        "VALUE": "Web",
      },
      Object {
        "ID": "3032",
        "VALUE": "Sito Aksilia Group",
      },
      Object {
        "ID": "3033",
        "VALUE": "Sito Aksilia Suite",
      },
      Object {
        "ID": "3034",
        "VALUE": "Landing Page - PMI",
      },
      Object {
        "ID": "3035",
        "VALUE": "Landing Page - Finanza Agevolata",
      },
      Object {
        "ID": "3036",
        "VALUE": "Landing Page - ESG 1",
      },
      Object {
        "ID": "3037",
        "VALUE": "Landing Page - ESG 2",
      },
      Object {
        "ID": "3038",
        "VALUE": "Landing Page - Whistle Blowing",
      },
      Object {
        "ID": "3039",
        "VALUE": "Landing Page - Finanza Agevolata Contributi",
      },
      Object {
        "ID": "3040",
        "VALUE": "Aksilia Contattaci - Blog",
      },
      Object {
        "ID": "3041",
        "VALUE": "Landing Page - PNRR Digitalizzazione",
      },
    ],
    "listLabel": "Origine (campo vero)",
    "settings": Object {
      "CAPTION_NO_VALUE": "",
      "DISPLAY": "UI",
      "LIST_HEIGHT": 1,
      "SHOW_NO_VALUE": "Y",
    },
    "title": "UF_CRM_64A28BD64A36F",
    "type": "enumeration",
  },
  "UF_CRM_64ECA317E52C3": Object {
    "filterLabel": "Area di interesse (puoi selezionarne più di una)",
    "formLabel": "Area di interesse (puoi selezionarne più di una)",
    "isDynamic": true,
    "isImmutable": false,
    "isMultiple": true,
    "isReadOnly": false,
    "isRequired": false,
    "items": Array [
      Object {
        "ID": "3134",
        "VALUE": "Aksilia Suite",
      },
      Object {
        "ID": "3135",
        "VALUE": "Bitrix",
      },
      Object {
        "ID": "3136",
        "VALUE": "Professional Services",
      },
      Object {
        "ID": "3137",
        "VALUE": "Finanza agevolata",
      },
      Object {
        "ID": "3138",
        "VALUE": "IT",
      },
      Object {
        "ID": "3139",
        "VALUE": "Studio Turri",
      },
    ],
    "listLabel": "Area di interesse (puoi selezionarne più di una)",
    "settings": Object {
      "CAPTION_NO_VALUE": "",
      "DISPLAY": "UI",
      "LIST_HEIGHT": 1,
      "SHOW_NO_VALUE": "Y",
    },
    "title": "UF_CRM_64ECA317E52C3",
    "type": "enumeration",
  },
  "UF_CRM_64F592D75C587": Object {
    "filterLabel": "Di cosa si occupa l'azienda?",
    "formLabel": "Di cosa si occupa l'azienda?",
    "isDynamic": true,
    "isImmutable": false,
    "isMultiple": false,
    "isReadOnly": false,
    "isRequired": false,
    "listLabel": "Di cosa si occupa l'azienda?",
    "settings": Object {
      "DEFAULT_VALUE": null,
      "MAX_LENGTH": 0,
      "MIN_LENGTH": 0,
      "REGEXP": "",
      "ROWS": 1,
      "SIZE": 20,
    },
    "title": "UF_CRM_64F592D75C587",
    "type": "string",
  },
  "UF_CRM_64F592D7832B5": Object {
    "filterLabel": "Sono stati fatti degli investimenti?",
    "formLabel": "Sono stati fatti degli investimenti?",
    "isDynamic": true,
    "isImmutable": false,
    "isMultiple": false,
    "isReadOnly": false,
    "isRequired": false,
    "listLabel": "Sono stati fatti degli investimenti?",
    "settings": Object {
      "DEFAULT_VALUE": null,
      "MAX_LENGTH": 0,
      "MIN_LENGTH": 0,
      "REGEXP": "",
      "ROWS": 1,
      "SIZE": 20,
    },
    "title": "UF_CRM_64F592D7832B5",
    "type": "string",
  },
  "UF_CRM_64F592D7A3851": Object {
    "filterLabel": "Sede legale",
    "formLabel": "Sede legale",
    "isDynamic": true,
    "isImmutable": false,
    "isMultiple": false,
    "isReadOnly": false,
    "isRequired": false,
    "listLabel": "Sede legale",
    "settings": Object {
      "DEFAULT_VALUE": null,
      "MAX_LENGTH": 0,
      "MIN_LENGTH": 0,
      "REGEXP": "",
      "ROWS": 1,
      "SIZE": 20,
    },
    "title": "UF_CRM_64F592D7A3851",
    "type": "string",
  },
  "UF_CRM_64F592D7C3D6C": Object {
    "filterLabel": "Sedi secondarie",
    "formLabel": "Sedi secondarie",
    "isDynamic": true,
    "isImmutable": false,
    "isMultiple": false,
    "isReadOnly": false,
    "isRequired": false,
    "listLabel": "Sedi secondarie",
    "settings": Object {
      "DEFAULT_VALUE": null,
      "MAX_LENGTH": 0,
      "MIN_LENGTH": 0,
      "REGEXP": "",
      "ROWS": 1,
      "SIZE": 20,
    },
    "title": "UF_CRM_64F592D7C3D6C",
    "type": "string",
  },
  "UF_CRM_64F592D7E619A": Object {
    "filterLabel": "Se si, di che tipo?",
    "formLabel": "Se si, di che tipo?",
    "isDynamic": true,
    "isImmutable": false,
    "isMultiple": false,
    "isReadOnly": false,
    "isRequired": false,
    "listLabel": "Se si, di che tipo?",
    "settings": Object {
      "DEFAULT_VALUE": null,
      "MAX_LENGTH": 0,
      "MIN_LENGTH": 0,
      "REGEXP": "",
      "ROWS": 1,
      "SIZE": 20,
    },
    "title": "UF_CRM_64F592D7E619A",
    "type": "string",
  },
  "UF_CRM_64F592D818C44": Object {
    "filterLabel": "Conoscete la finanza agevolata?",
    "formLabel": "Conoscete la finanza agevolata?",
    "isDynamic": true,
    "isImmutable": false,
    "isMultiple": false,
    "isReadOnly": false,
    "isRequired": false,
    "listLabel": "Conoscete la finanza agevolata?",
    "settings": Object {
      "DEFAULT_VALUE": null,
      "MAX_LENGTH": 0,
      "MIN_LENGTH": 0,
      "REGEXP": "",
      "ROWS": 1,
      "SIZE": 20,
    },
    "title": "UF_CRM_64F592D818C44",
    "type": "string",
  },
  "UF_CRM_64F592D83BD20": Object {
    "filterLabel": "Avete già ottenuto altri contributi?",
    "formLabel": "Avete già ottenuto altri contributi?",
    "isDynamic": true,
    "isImmutable": false,
    "isMultiple": false,
    "isReadOnly": false,
    "isRequired": false,
    "listLabel": "Avete già ottenuto altri contributi?",
    "settings": Object {
      "DEFAULT_VALUE": null,
      "MAX_LENGTH": 0,
      "MIN_LENGTH": 0,
      "REGEXP": "",
      "ROWS": 1,
      "SIZE": 20,
    },
    "title": "UF_CRM_64F592D83BD20",
    "type": "string",
  },
  "UTM_CAMPAIGN": Object {
    "isDynamic": false,
    "isImmutable": false,
    "isMultiple": false,
    "isReadOnly": false,
    "isRequired": false,
    "title": "UTM campagna pubblicitaria",
    "type": "string",
  },
  "UTM_CONTENT": Object {
    "isDynamic": false,
    "isImmutable": false,
    "isMultiple": false,
    "isReadOnly": false,
    "isRequired": false,
    "title": "Contenuti campagna",
    "type": "string",
  },
  "UTM_MEDIUM": Object {
    "isDynamic": false,
    "isImmutable": false,
    "isMultiple": false,
    "isReadOnly": false,
    "isRequired": false,
    "title": "Medio",
    "type": "string",
  },
  "UTM_SOURCE": Object {
    "isDynamic": false,
    "isImmutable": false,
    "isMultiple": false,
    "isReadOnly": false,
    "isRequired": false,
    "title": "Sistema pubblicitario",
    "type": "string",
  },
  "UTM_TERM": Object {
    "isDynamic": false,
    "isImmutable": false,
    "isMultiple": false,
    "isReadOnly": false,
    "isRequired": false,
    "title": "Termine di ricerca campagna",
    "type": "string",
  },
  "WEB": Object {
    "isDynamic": false,
    "isImmutable": false,
    "isMultiple": true,
    "isReadOnly": false,
    "isRequired": false,
    "title": "Sito web",
    "type": "crm_multifield",
  },
}
`;
