// Jest Snapshot v1, https://goo.gl/fbAQLP

exports[`Companies fields should get all fields 1`] = `
Object {
  "ADDRESS": Object {
    "isDynamic": false,
    "isImmutable": false,
    "isMultiple": false,
    "isReadOnly": false,
    "isRequired": false,
    "title": "Via e numero civico",
    "type": "string",
  },
  "ADDRESS_2": Object {
    "isDynamic": false,
    "isImmutable": false,
    "isMultiple": false,
    "isReadOnly": false,
    "isRequired": false,
    "title": "Indirizzo (riga 2)",
    "type": "string",
  },
  "ADDRESS_CITY": Object {
    "isDynamic": false,
    "isImmutable": false,
    "isMultiple": false,
    "isReadOnly": false,
    "isRequired": false,
    "title": "Città",
    "type": "string",
  },
  "ADDRESS_COUNTRY": Object {
    "isDynamic": false,
    "isImmutable": false,
    "isMultiple": false,
    "isReadOnly": false,
    "isRequired": false,
    "title": "Paese",
    "type": "string",
  },
  "ADDRESS_COUNTRY_CODE": Object {
    "isDynamic": false,
    "isImmutable": false,
    "isMultiple": false,
    "isReadOnly": false,
    "isRequired": false,
    "title": "Codice Paese",
    "type": "string",
  },
  "ADDRESS_LEGAL": Object {
    "isDynamic": false,
    "isImmutable": false,
    "isMultiple": false,
    "isReadOnly": false,
    "isRequired": false,
    "title": "Indirizzo legale",
    "type": "string",
  },
  "ADDRESS_LOC_ADDR_ID": Object {
    "isDynamic": false,
    "isImmutable": false,
    "isMultiple": false,
    "isReadOnly": false,
    "isRequired": false,
    "title": "Location address ID",
    "type": "integer",
  },
  "ADDRESS_POSTAL_CODE": Object {
    "isDynamic": false,
    "isImmutable": false,
    "isMultiple": false,
    "isReadOnly": false,
    "isRequired": false,
    "title": "CAP",
    "type": "string",
  },
  "ADDRESS_PROVINCE": Object {
    "isDynamic": false,
    "isImmutable": false,
    "isMultiple": false,
    "isReadOnly": false,
    "isRequired": false,
    "title": "Stato / Provincia",
    "type": "string",
  },
  "ADDRESS_REGION": Object {
    "isDynamic": false,
    "isImmutable": false,
    "isMultiple": false,
    "isReadOnly": false,
    "isRequired": false,
    "title": "Regione",
    "type": "string",
  },
  "ASSIGNED_BY_ID": Object {
    "isDynamic": false,
    "isImmutable": false,
    "isMultiple": false,
    "isReadOnly": false,
    "isRequired": false,
    "title": "Responsabile",
    "type": "user",
  },
  "BANKING_DETAILS": Object {
    "isDynamic": false,
    "isImmutable": false,
    "isMultiple": false,
    "isReadOnly": false,
    "isRequired": false,
    "title": "Dettagli pagamento",
    "type": "string",
  },
  "COMMENTS": Object {
    "isDynamic": false,
    "isImmutable": false,
    "isMultiple": false,
    "isReadOnly": false,
    "isRequired": false,
    "title": "Commento",
    "type": "string",
  },
  "COMPANY_TYPE": Object {
    "isDynamic": false,
    "isImmutable": false,
    "isMultiple": false,
    "isReadOnly": false,
    "isRequired": false,
    "statusType": "COMPANY_TYPE",
    "title": "Tipo azienda",
    "type": "crm_status",
  },
  "CONTACT_ID": Object {
    "isDynamic": false,
    "isImmutable": false,
    "isMultiple": true,
    "isReadOnly": false,
    "isRequired": false,
    "title": "Contatto",
    "type": "crm_contact",
  },
  "CREATED_BY_ID": Object {
    "isDynamic": false,
    "isImmutable": false,
    "isMultiple": false,
    "isReadOnly": true,
    "isRequired": false,
    "title": "Creato da",
    "type": "user",
  },
  "CURRENCY_ID": Object {
    "isDynamic": false,
    "isImmutable": false,
    "isMultiple": false,
    "isReadOnly": false,
    "isRequired": false,
    "title": "Valuta",
    "type": "crm_currency",
  },
  "DATE_CREATE": Object {
    "isDynamic": false,
    "isImmutable": false,
    "isMultiple": false,
    "isReadOnly": true,
    "isRequired": false,
    "title": "Creato il",
    "type": "datetime",
  },
  "DATE_MODIFY": Object {
    "isDynamic": false,
    "isImmutable": false,
    "isMultiple": false,
    "isReadOnly": true,
    "isRequired": false,
    "title": "Modificato il",
    "type": "datetime",
  },
  "EMAIL": Object {
    "isDynamic": false,
    "isImmutable": false,
    "isMultiple": true,
    "isReadOnly": false,
    "isRequired": false,
    "title": "E-mail",
    "type": "crm_multifield",
  },
  "EMPLOYEES": Object {
    "isDynamic": false,
    "isImmutable": false,
    "isMultiple": false,
    "isReadOnly": false,
    "isRequired": false,
    "statusType": "EMPLOYEES",
    "title": "Dipendenti",
    "type": "crm_status",
  },
  "HAS_EMAIL": Object {
    "isDynamic": false,
    "isImmutable": false,
    "isMultiple": false,
    "isReadOnly": true,
    "isRequired": false,
    "title": "Ha l'e-mail",
    "type": "char",
  },
  "HAS_IMOL": Object {
    "isDynamic": false,
    "isImmutable": false,
    "isMultiple": false,
    "isReadOnly": true,
    "isRequired": false,
    "title": "Ha un Canale aperto",
    "type": "char",
  },
  "HAS_PHONE": Object {
    "isDynamic": false,
    "isImmutable": false,
    "isMultiple": false,
    "isReadOnly": true,
    "isRequired": false,
    "title": "Ha il telefono",
    "type": "char",
  },
  "ID": Object {
    "isDynamic": false,
    "isImmutable": false,
    "isMultiple": false,
    "isReadOnly": true,
    "isRequired": false,
    "title": "ID",
    "type": "integer",
  },
  "IM": Object {
    "isDynamic": false,
    "isImmutable": false,
    "isMultiple": true,
    "isReadOnly": false,
    "isRequired": false,
    "title": "Messenger",
    "type": "crm_multifield",
  },
  "INDUSTRY": Object {
    "isDynamic": false,
    "isImmutable": false,
    "isMultiple": false,
    "isReadOnly": false,
    "isRequired": false,
    "statusType": "INDUSTRY",
    "title": "Settore",
    "type": "crm_status",
  },
  "IS_MY_COMPANY": Object {
    "isDynamic": false,
    "isImmutable": false,
    "isMultiple": false,
    "isReadOnly": false,
    "isRequired": false,
    "title": "Mia azienda",
    "type": "char",
  },
  "LAST_ACTIVITY_BY": Object {
    "isDynamic": false,
    "isImmutable": false,
    "isMultiple": false,
    "isReadOnly": true,
    "isRequired": false,
    "title": "Ultima attività nella timeline da parte di",
    "type": "user",
  },
  "LAST_ACTIVITY_TIME": Object {
    "isDynamic": false,
    "isImmutable": false,
    "isMultiple": false,
    "isReadOnly": true,
    "isRequired": false,
    "title": "Ultimo aggiornamento il",
    "type": "datetime",
  },
  "LEAD_ID": Object {
    "isDynamic": false,
    "isImmutable": false,
    "isMultiple": false,
    "isReadOnly": true,
    "isRequired": false,
    "settings": Object {
      "parentEntityTypeId": 1,
    },
    "title": "Lead",
    "type": "crm_lead",
  },
  "LINK": Object {
    "isDynamic": false,
    "isImmutable": false,
    "isMultiple": true,
    "isReadOnly": false,
    "isRequired": false,
    "title": "LINK",
    "type": "crm_multifield",
  },
  "LOGO": Object {
    "isDynamic": false,
    "isImmutable": false,
    "isMultiple": false,
    "isReadOnly": false,
    "isRequired": false,
    "title": "Logo",
    "type": "file",
  },
  "MODIFY_BY_ID": Object {
    "isDynamic": false,
    "isImmutable": false,
    "isMultiple": false,
    "isReadOnly": true,
    "isRequired": false,
    "title": "Modificato da",
    "type": "user",
  },
  "OPENED": Object {
    "isDynamic": false,
    "isImmutable": false,
    "isMultiple": false,
    "isReadOnly": false,
    "isRequired": false,
    "title": "Disponibile per tutti",
    "type": "char",
  },
  "ORIGINATOR_ID": Object {
    "isDynamic": false,
    "isImmutable": false,
    "isMultiple": false,
    "isReadOnly": false,
    "isRequired": false,
    "title": "Origine esterna",
    "type": "string",
  },
  "ORIGIN_ID": Object {
    "isDynamic": false,
    "isImmutable": false,
    "isMultiple": false,
    "isReadOnly": false,
    "isRequired": false,
    "title": "ID elemento in origine dati",
    "type": "string",
  },
  "ORIGIN_VERSION": Object {
    "isDynamic": false,
    "isImmutable": false,
    "isMultiple": false,
    "isReadOnly": false,
    "isRequired": false,
    "title": "Versione originale",
    "type": "string",
  },
  "PARENT_ID_128": Object {
    "isDynamic": false,
    "isImmutable": false,
    "isMultiple": false,
    "isReadOnly": false,
    "isRequired": false,
    "settings": Object {
      "parentEntityTypeId": 128,
    },
    "title": "Lead 2.0",
    "type": "crm_entity",
  },
  "PARENT_ID_153": Object {
    "isDynamic": false,
    "isImmutable": false,
    "isMultiple": false,
    "isReadOnly": false,
    "isRequired": false,
    "settings": Object {
      "parentEntityTypeId": 153,
    },
    "title": "Scadenzario Incarichi",
    "type": "crm_entity",
  },
  "PARENT_ID_180": Object {
    "isDynamic": false,
    "isImmutable": false,
    "isMultiple": false,
    "isReadOnly": false,
    "isRequired": false,
    "settings": Object {
      "parentEntityTypeId": 180,
    },
    "title": "Studio Turri",
    "type": "crm_entity",
  },
  "PHONE": Object {
    "isDynamic": false,
    "isImmutable": false,
    "isMultiple": true,
    "isReadOnly": false,
    "isRequired": false,
    "title": "Telefono",
    "type": "crm_multifield",
  },
  "REG_ADDRESS": Object {
    "isDynamic": false,
    "isImmutable": false,
    "isMultiple": false,
    "isReadOnly": false,
    "isRequired": false,
    "title": "Indirizzo di fatturazione",
    "type": "string",
  },
  "REG_ADDRESS_2": Object {
    "isDynamic": false,
    "isImmutable": false,
    "isMultiple": false,
    "isReadOnly": false,
    "isRequired": false,
    "title": "Indirizzo di fatturazione (riga 2)",
    "type": "string",
  },
  "REG_ADDRESS_CITY": Object {
    "isDynamic": false,
    "isImmutable": false,
    "isMultiple": false,
    "isReadOnly": false,
    "isRequired": false,
    "title": "Città di fatturazione",
    "type": "string",
  },
  "REG_ADDRESS_COUNTRY": Object {
    "isDynamic": false,
    "isImmutable": false,
    "isMultiple": false,
    "isReadOnly": false,
    "isRequired": false,
    "title": "Paese di fatturazione",
    "type": "string",
  },
  "REG_ADDRESS_COUNTRY_CODE": Object {
    "isDynamic": false,
    "isImmutable": false,
    "isMultiple": false,
    "isReadOnly": false,
    "isRequired": false,
    "title": "Codice Paese di fatturazione",
    "type": "string",
  },
  "REG_ADDRESS_LOC_ADDR_ID": Object {
    "isDynamic": false,
    "isImmutable": false,
    "isMultiple": false,
    "isReadOnly": false,
    "isRequired": false,
    "title": "Legal address location address ID",
    "type": "integer",
  },
  "REG_ADDRESS_POSTAL_CODE": Object {
    "isDynamic": false,
    "isImmutable": false,
    "isMultiple": false,
    "isReadOnly": false,
    "isRequired": false,
    "title": "CAP di fatturazione",
    "type": "string",
  },
  "REG_ADDRESS_PROVINCE": Object {
    "isDynamic": false,
    "isImmutable": false,
    "isMultiple": false,
    "isReadOnly": false,
    "isRequired": false,
    "title": "Stato/Provincia di fatturazione",
    "type": "string",
  },
  "REG_ADDRESS_REGION": Object {
    "isDynamic": false,
    "isImmutable": false,
    "isMultiple": false,
    "isReadOnly": false,
    "isRequired": false,
    "title": "Regione di fatturazione",
    "type": "string",
  },
  "REVENUE": Object {
    "isDynamic": false,
    "isImmutable": false,
    "isMultiple": false,
    "isReadOnly": false,
    "isRequired": false,
    "title": "Fatturato annuo",
    "type": "double",
  },
  "TITLE": Object {
    "isDynamic": false,
    "isImmutable": false,
    "isMultiple": false,
    "isReadOnly": false,
    "isRequired": true,
    "title": "Nome Azienda",
    "type": "string",
  },
  "UF_CRM_1568645871069": Object {
    "filterLabel": "BACK_Appartenenza",
    "formLabel": "BACK_Appartenenza",
    "isDynamic": true,
    "isImmutable": false,
    "isMultiple": true,
    "isReadOnly": false,
    "isRequired": false,
    "items": Array [
      Object {
        "ID": "584",
        "VALUE": "Aksilia",
      },
      Object {
        "ID": "596",
        "VALUE": "Studio Turri",
      },
      Object {
        "ID": "1270",
        "VALUE": "V-Ciso",
      },
      Object {
        "ID": "1778",
        "VALUE": "Smartech Operation",
      },
      Object {
        "ID": "1269",
        "VALUE": "Smartech Lab",
      },
      Object {
        "ID": "1772",
        "VALUE": "Smartech Evolution",
      },
      Object {
        "ID": "728",
        "VALUE": "Smartech PA",
      },
      Object {
        "ID": "1835",
        "VALUE": "Smartech Security",
      },
      Object {
        "ID": "1784",
        "VALUE": "Italy Professional Group",
      },
      Object {
        "ID": "1973",
        "VALUE": "Innovative Service",
      },
      Object {
        "ID": "1974",
        "VALUE": "Compass 360",
      },
      Object {
        "ID": "2073",
        "VALUE": "Chiara Battaglia",
      },
      Object {
        "ID": "2832",
        "VALUE": "Aksilia Suite",
      },
    ],
    "listLabel": "BACK_Appartenenza",
    "settings": Object {
      "CAPTION_NO_VALUE": "",
      "DISPLAY": "UI",
      "LIST_HEIGHT": 1,
      "SHOW_NO_VALUE": "Y",
    },
    "title": "UF_CRM_1568645871069",
    "type": "enumeration",
  },
  "UF_CRM_1568907117654": Object {
    "filterLabel": "Dimensione Impresa",
    "formLabel": "Dimensione Impresa",
    "isDynamic": true,
    "isImmutable": false,
    "isMultiple": false,
    "isReadOnly": false,
    "isRequired": false,
    "items": Array [
      Object {
        "ID": "106",
        "VALUE": "Micro fino a 10 dip fino a 2M",
      },
      Object {
        "ID": "108",
        "VALUE": "Piccola fino a 50 dip fino a 10M",
      },
      Object {
        "ID": "110",
        "VALUE": "Media fino a 250 dip fino a 50M",
      },
      Object {
        "ID": "112",
        "VALUE": "Grande oltre 250 dip oltre 50M",
      },
    ],
    "listLabel": "Dimensione Impresa",
    "settings": Object {
      "CAPTION_NO_VALUE": "",
      "DISPLAY": "UI",
      "LIST_HEIGHT": 1,
      "SHOW_NO_VALUE": "Y",
    },
    "title": "UF_CRM_1568907117654",
    "type": "enumeration",
  },
  "UF_CRM_1569400272168": Object {
    "filterLabel": "Indirizzo (via e numero civico) (Azienda)",
    "formLabel": "Indirizzo (via e numero civico) (Azienda)",
    "isDynamic": true,
    "isImmutable": false,
    "isMultiple": false,
    "isReadOnly": false,
    "isRequired": false,
    "listLabel": "Indirizzo (via e numero civico) (Azienda)",
    "settings": Object {
      "DEFAULT_VALUE": "",
      "MAX_LENGTH": 0,
      "MIN_LENGTH": 0,
      "REGEXP": "",
      "ROWS": 1,
      "SIZE": 20,
    },
    "title": "UF_CRM_1569400272168",
    "type": "string",
  },
  "UF_CRM_1569416920874": Object {
    "filterLabel": "Partita IVA (Azienda)",
    "formLabel": "Partita IVA (Azienda)",
    "isDynamic": true,
    "isImmutable": false,
    "isMultiple": false,
    "isReadOnly": false,
    "isRequired": false,
    "listLabel": "Partita IVA (Azienda)",
    "settings": Object {
      "DEFAULT_VALUE": "",
      "MAX_LENGTH": 0,
      "MIN_LENGTH": 0,
      "REGEXP": "",
      "ROWS": 1,
      "SIZE": 20,
    },
    "title": "UF_CRM_1569416920874",
    "type": "string",
  },
  "UF_CRM_1577705958": Object {
    "filterLabel": "Codice Ateco",
    "formLabel": "Codice Ateco",
    "isDynamic": true,
    "isImmutable": false,
    "isMultiple": false,
    "isReadOnly": false,
    "isRequired": false,
    "listLabel": "Codice Ateco",
    "settings": Object {
      "DEFAULT_VALUE": "",
      "MAX_LENGTH": 0,
      "MIN_LENGTH": 0,
      "REGEXP": null,
      "ROWS": 1,
      "SIZE": 20,
    },
    "title": "UF_CRM_1577705958",
    "type": "string",
  },
  "UF_CRM_1582621572": Object {
    "filterLabel": "Allegati (visura camerale, bilancio, ecc.)",
    "formLabel": "Allegati (visura camerale, bilancio, ecc.)",
    "isDynamic": true,
    "isImmutable": false,
    "isMultiple": true,
    "isReadOnly": false,
    "isRequired": false,
    "listLabel": "Allegati (visura camerale, bilancio, ecc.)",
    "settings": Object {
      "EXTENSIONS": Array [],
      "LIST_HEIGHT": 0,
      "LIST_WIDTH": 0,
      "MAX_ALLOWED_SIZE": 0,
      "MAX_SHOW_SIZE": 0,
      "SIZE": 20,
    },
    "title": "UF_CRM_1582621572",
    "type": "file",
  },
  "UF_CRM_1611322344": Object {
    "filterLabel": "Valutazione",
    "formLabel": "Valutazione",
    "isDynamic": true,
    "isImmutable": false,
    "isMultiple": false,
    "isReadOnly": false,
    "isRequired": false,
    "items": Array [
      Object {
        "ID": "762",
        "VALUE": "Top",
      },
    ],
    "listLabel": "Valutazione",
    "settings": Object {
      "CAPTION_NO_VALUE": "",
      "DISPLAY": "LIST",
      "LIST_HEIGHT": 5,
      "SHOW_NO_VALUE": "Y",
    },
    "title": "UF_CRM_1611322344",
    "type": "enumeration",
  },
  "UF_CRM_1611762149585": Object {
    "filterLabel": "Regione (Azienda)",
    "formLabel": "Regione (Azienda)",
    "isDynamic": true,
    "isImmutable": false,
    "isMultiple": false,
    "isReadOnly": false,
    "isRequired": false,
    "items": Array [
      Object {
        "ID": "770",
        "VALUE": "Abruzzo",
      },
      Object {
        "ID": "772",
        "VALUE": "Basilicata",
      },
      Object {
        "ID": "774",
        "VALUE": "Calabria",
      },
      Object {
        "ID": "776",
        "VALUE": "Campania",
      },
      Object {
        "ID": "778",
        "VALUE": "Emilia Romagna",
      },
      Object {
        "ID": "780",
        "VALUE": "Friuli Venezia Giulia",
      },
      Object {
        "ID": "782",
        "VALUE": "Lazio",
      },
      Object {
        "ID": "784",
        "VALUE": "Liguria",
      },
      Object {
        "ID": "786",
        "VALUE": "Lombardia",
      },
      Object {
        "ID": "788",
        "VALUE": "Marche",
      },
      Object {
        "ID": "790",
        "VALUE": "Molise",
      },
      Object {
        "ID": "792",
        "VALUE": "Piemonte",
      },
      Object {
        "ID": "794",
        "VALUE": "Puglia",
      },
      Object {
        "ID": "796",
        "VALUE": "Sardegna",
      },
      Object {
        "ID": "798",
        "VALUE": "Sicilia",
      },
      Object {
        "ID": "800",
        "VALUE": "Toscana",
      },
      Object {
        "ID": "802",
        "VALUE": "Trentino Alto Adige",
      },
      Object {
        "ID": "804",
        "VALUE": "Umbria",
      },
      Object {
        "ID": "806",
        "VALUE": "Valle d'Aosta",
      },
      Object {
        "ID": "808",
        "VALUE": "Veneto",
      },
    ],
    "listLabel": "Regione (Azienda)",
    "settings": Object {
      "CAPTION_NO_VALUE": "",
      "DISPLAY": "LIST",
      "LIST_HEIGHT": 5,
      "SHOW_NO_VALUE": "Y",
    },
    "title": "UF_CRM_1611762149585",
    "type": "enumeration",
  },
  "UF_CRM_1611764211": Object {
    "filterLabel": "Provincia (Azienda)",
    "formLabel": "Provincia (Azienda)",
    "isDynamic": true,
    "isImmutable": false,
    "isMultiple": false,
    "isReadOnly": false,
    "isRequired": false,
    "items": Array [
      Object {
        "ID": "810",
        "VALUE": "Agrigento",
      },
      Object {
        "ID": "812",
        "VALUE": "Alessandria",
      },
      Object {
        "ID": "814",
        "VALUE": "Ancona",
      },
      Object {
        "ID": "816",
        "VALUE": "Aosta",
      },
      Object {
        "ID": "818",
        "VALUE": "Arezzo",
      },
      Object {
        "ID": "820",
        "VALUE": "Ascoli Piceno",
      },
      Object {
        "ID": "822",
        "VALUE": "Asti",
      },
      Object {
        "ID": "824",
        "VALUE": "Avellino",
      },
      Object {
        "ID": "826",
        "VALUE": "Bari",
      },
      Object {
        "ID": "828",
        "VALUE": "Barletta-Andria-Trani",
      },
      Object {
        "ID": "830",
        "VALUE": "Belluno",
      },
      Object {
        "ID": "832",
        "VALUE": "Benevento",
      },
      Object {
        "ID": "834",
        "VALUE": "Bergamo",
      },
      Object {
        "ID": "836",
        "VALUE": "Biella",
      },
      Object {
        "ID": "838",
        "VALUE": "Bologna",
      },
      Object {
        "ID": "840",
        "VALUE": "Bolzano",
      },
      Object {
        "ID": "842",
        "VALUE": "Brescia",
      },
      Object {
        "ID": "844",
        "VALUE": "Brindisi",
      },
      Object {
        "ID": "846",
        "VALUE": "Cagliari",
      },
      Object {
        "ID": "848",
        "VALUE": "Caltanissetta",
      },
      Object {
        "ID": "850",
        "VALUE": "Campobasso",
      },
      Object {
        "ID": "852",
        "VALUE": "Carbonia-Iglesias",
      },
      Object {
        "ID": "854",
        "VALUE": "Caserta",
      },
      Object {
        "ID": "856",
        "VALUE": "Catania",
      },
      Object {
        "ID": "858",
        "VALUE": "Catanzaro",
      },
      Object {
        "ID": "860",
        "VALUE": "Chieti",
      },
      Object {
        "ID": "862",
        "VALUE": "Como",
      },
      Object {
        "ID": "864",
        "VALUE": "Cosenza",
      },
      Object {
        "ID": "866",
        "VALUE": "Cremona",
      },
      Object {
        "ID": "868",
        "VALUE": "Crotone",
      },
      Object {
        "ID": "870",
        "VALUE": "Cuneo",
      },
      Object {
        "ID": "872",
        "VALUE": "Enna",
      },
      Object {
        "ID": "874",
        "VALUE": "Fermo",
      },
      Object {
        "ID": "876",
        "VALUE": "Ferrara",
      },
      Object {
        "ID": "878",
        "VALUE": "Firenze",
      },
      Object {
        "ID": "880",
        "VALUE": "Foggia",
      },
      Object {
        "ID": "882",
        "VALUE": "Forlì-Cesena",
      },
      Object {
        "ID": "884",
        "VALUE": "Frosinone",
      },
      Object {
        "ID": "886",
        "VALUE": "Genova",
      },
      Object {
        "ID": "888",
        "VALUE": "Gorizia",
      },
      Object {
        "ID": "890",
        "VALUE": "Grosseto",
      },
      Object {
        "ID": "892",
        "VALUE": "Imperia",
      },
      Object {
        "ID": "894",
        "VALUE": "Isernia",
      },
      Object {
        "ID": "896",
        "VALUE": "La Spezia",
      },
      Object {
        "ID": "898",
        "VALUE": "L'Aquila",
      },
      Object {
        "ID": "900",
        "VALUE": "Latina",
      },
      Object {
        "ID": "902",
        "VALUE": "Lecce",
      },
      Object {
        "ID": "904",
        "VALUE": "Lecco",
      },
      Object {
        "ID": "906",
        "VALUE": "Livorno",
      },
      Object {
        "ID": "908",
        "VALUE": "Lodi",
      },
      Object {
        "ID": "910",
        "VALUE": "Lucca",
      },
      Object {
        "ID": "912",
        "VALUE": "Macerata",
      },
      Object {
        "ID": "914",
        "VALUE": "Mantova",
      },
      Object {
        "ID": "916",
        "VALUE": "Massa-Carrara",
      },
      Object {
        "ID": "918",
        "VALUE": "Matera",
      },
      Object {
        "ID": "920",
        "VALUE": "Messina",
      },
      Object {
        "ID": "922",
        "VALUE": "Milano",
      },
      Object {
        "ID": "924",
        "VALUE": "Modena",
      },
      Object {
        "ID": "926",
        "VALUE": "Monza e della Brianza",
      },
      Object {
        "ID": "928",
        "VALUE": "Napoli",
      },
      Object {
        "ID": "930",
        "VALUE": "Novara",
      },
      Object {
        "ID": "932",
        "VALUE": "Nuoro",
      },
      Object {
        "ID": "934",
        "VALUE": "Olbia-Tempio",
      },
      Object {
        "ID": "936",
        "VALUE": "Oristano",
      },
      Object {
        "ID": "938",
        "VALUE": "Padova",
      },
      Object {
        "ID": "940",
        "VALUE": "Palermo",
      },
      Object {
        "ID": "942",
        "VALUE": "Parma",
      },
      Object {
        "ID": "944",
        "VALUE": "Pavia",
      },
      Object {
        "ID": "946",
        "VALUE": "Perugia",
      },
      Object {
        "ID": "948",
        "VALUE": "Pesaro e Urbino",
      },
      Object {
        "ID": "950",
        "VALUE": "Pescara",
      },
      Object {
        "ID": "952",
        "VALUE": "Piacenza",
      },
      Object {
        "ID": "954",
        "VALUE": "Pisa",
      },
      Object {
        "ID": "956",
        "VALUE": "Pistoia",
      },
      Object {
        "ID": "958",
        "VALUE": "Pordenone",
      },
      Object {
        "ID": "960",
        "VALUE": "Potenza",
      },
      Object {
        "ID": "962",
        "VALUE": "Prato",
      },
      Object {
        "ID": "964",
        "VALUE": "Ragusa",
      },
      Object {
        "ID": "966",
        "VALUE": "Ravenna",
      },
      Object {
        "ID": "968",
        "VALUE": "Reggio Calabria",
      },
      Object {
        "ID": "970",
        "VALUE": "Reggio Emilia",
      },
      Object {
        "ID": "972",
        "VALUE": "Rieti",
      },
      Object {
        "ID": "974",
        "VALUE": "Rimini",
      },
      Object {
        "ID": "976",
        "VALUE": "Roma",
      },
      Object {
        "ID": "978",
        "VALUE": "Rovigo",
      },
      Object {
        "ID": "980",
        "VALUE": "Salerno",
      },
      Object {
        "ID": "982",
        "VALUE": "Medio Campidano",
      },
      Object {
        "ID": "984",
        "VALUE": "Sassari",
      },
      Object {
        "ID": "986",
        "VALUE": "Savona",
      },
      Object {
        "ID": "988",
        "VALUE": "Siena",
      },
      Object {
        "ID": "990",
        "VALUE": "Siracusa",
      },
      Object {
        "ID": "992",
        "VALUE": "Sondrio",
      },
      Object {
        "ID": "994",
        "VALUE": "Taranto",
      },
      Object {
        "ID": "996",
        "VALUE": "Teramo",
      },
      Object {
        "ID": "998",
        "VALUE": "Terni",
      },
      Object {
        "ID": "1000",
        "VALUE": "Torino",
      },
      Object {
        "ID": "1002",
        "VALUE": "Ogliastra",
      },
      Object {
        "ID": "1004",
        "VALUE": "Trapani",
      },
      Object {
        "ID": "1006",
        "VALUE": "Trento",
      },
      Object {
        "ID": "1008",
        "VALUE": "Treviso",
      },
      Object {
        "ID": "1010",
        "VALUE": "Trieste",
      },
      Object {
        "ID": "1012",
        "VALUE": "Udine",
      },
      Object {
        "ID": "1014",
        "VALUE": "Varese",
      },
      Object {
        "ID": "1016",
        "VALUE": "Venezia",
      },
      Object {
        "ID": "1018",
        "VALUE": "Verbano-Cusio-Ossola",
      },
      Object {
        "ID": "1020",
        "VALUE": "Vercelli",
      },
      Object {
        "ID": "1022",
        "VALUE": "Verona",
      },
      Object {
        "ID": "1024",
        "VALUE": "Vibo Valentia",
      },
      Object {
        "ID": "1026",
        "VALUE": "Vicenza",
      },
      Object {
        "ID": "1028",
        "VALUE": "Viterbo",
      },
    ],
    "listLabel": "Provincia (Azienda)",
    "settings": Object {
      "CAPTION_NO_VALUE": "",
      "DISPLAY": "LIST",
      "LIST_HEIGHT": 5,
      "SHOW_NO_VALUE": "Y",
    },
    "title": "UF_CRM_1611764211",
    "type": "enumeration",
  },
  "UF_CRM_1623245887": Object {
    "filterLabel": "Codice SDI",
    "formLabel": "Codice SDI",
    "isDynamic": true,
    "isImmutable": false,
    "isMultiple": false,
    "isReadOnly": false,
    "isRequired": false,
    "listLabel": "Codice SDI",
    "settings": Object {
      "DEFAULT_VALUE": "",
      "MAX_LENGTH": 0,
      "MIN_LENGTH": 0,
      "REGEXP": "",
      "ROWS": 1,
      "SIZE": 20,
    },
    "title": "UF_CRM_1623245887",
    "type": "string",
  },
  "UF_CRM_1623245897": Object {
    "filterLabel": "PEC",
    "formLabel": "PEC",
    "isDynamic": true,
    "isImmutable": false,
    "isMultiple": false,
    "isReadOnly": false,
    "isRequired": false,
    "listLabel": "PEC",
    "settings": Object {
      "DEFAULT_VALUE": "",
      "MAX_LENGTH": 0,
      "MIN_LENGTH": 0,
      "REGEXP": "",
      "ROWS": 1,
      "SIZE": 20,
    },
    "title": "UF_CRM_1623245897",
    "type": "string",
  },
  "UF_CRM_1624446790": Object {
    "filterLabel": "Descrizione codice ateco",
    "formLabel": "Descrizione codice ateco",
    "isDynamic": true,
    "isImmutable": false,
    "isMultiple": false,
    "isReadOnly": false,
    "isRequired": false,
    "listLabel": "Descrizione codice ateco",
    "settings": Object {
      "DEFAULT_VALUE": "",
      "MAX_LENGTH": 0,
      "MIN_LENGTH": 0,
      "REGEXP": "",
      "ROWS": 1,
      "SIZE": 20,
    },
    "title": "UF_CRM_1624446790",
    "type": "string",
  },
  "UF_CRM_1627459256": Object {
    "filterLabel": "CAP (Azienda)",
    "formLabel": "CAP (Azienda)",
    "isDynamic": true,
    "isImmutable": false,
    "isMultiple": false,
    "isReadOnly": false,
    "isRequired": false,
    "listLabel": "CAP (Azienda)",
    "settings": Object {
      "DEFAULT_VALUE": "",
      "MAX_LENGTH": 0,
      "MIN_LENGTH": 0,
      "REGEXP": "",
      "ROWS": 1,
      "SIZE": 20,
    },
    "title": "UF_CRM_1627459256",
    "type": "string",
  },
  "UF_CRM_1627459284": Object {
    "filterLabel": "Comune (Azienda)",
    "formLabel": "Comune (Azienda)",
    "isDynamic": true,
    "isImmutable": false,
    "isMultiple": false,
    "isReadOnly": false,
    "isRequired": false,
    "listLabel": "Comune (Azienda)",
    "settings": Object {
      "DEFAULT_VALUE": "",
      "MAX_LENGTH": 0,
      "MIN_LENGTH": 0,
      "REGEXP": "",
      "ROWS": 1,
      "SIZE": 20,
    },
    "title": "UF_CRM_1627459284",
    "type": "string",
  },
  "UF_CRM_1627462748": Object {
    "filterLabel": "Fonte",
    "formLabel": "Fonte",
    "isDynamic": true,
    "isImmutable": false,
    "isMultiple": false,
    "isReadOnly": false,
    "isRequired": false,
    "listLabel": "Fonte",
    "settings": Object {
      "DEFAULT_VALUE": "",
      "MAX_LENGTH": 0,
      "MIN_LENGTH": 0,
      "REGEXP": "",
      "ROWS": 1,
      "SIZE": 20,
    },
    "title": "UF_CRM_1627462748",
    "type": "string",
  },
  "UF_CRM_1634910924531": Object {
    "filterLabel": "Fondo Interprofessionale",
    "formLabel": "Fondo Interprofessionale",
    "isDynamic": true,
    "isImmutable": false,
    "isMultiple": false,
    "isReadOnly": false,
    "isRequired": false,
    "items": Array [
      Object {
        "ID": "1704",
        "VALUE": "nessuno",
      },
      Object {
        "ID": "1705",
        "VALUE": "FONARCOM",
      },
      Object {
        "ID": "1706",
        "VALUE": "FONCOOP",
      },
      Object {
        "ID": "1707",
        "VALUE": "FONDER",
      },
      Object {
        "ID": "1708",
        "VALUE": "FONDIMPRESA",
      },
      Object {
        "ID": "1709",
        "VALUE": "FONDIR",
      },
      Object {
        "ID": "1710",
        "VALUE": "FONDIRIGENTI",
      },
      Object {
        "ID": "1711",
        "VALUE": "FONDITALIA",
      },
      Object {
        "ID": "1712",
        "VALUE": "FONDO ARTIGIANATO FORMAZIONE",
      },
      Object {
        "ID": "1713",
        "VALUE": "FONDO BANCHE ASSICURAZIONI",
      },
      Object {
        "ID": "1714",
        "VALUE": "FONDO CONOSCENZA",
      },
      Object {
        "ID": "1715",
        "VALUE": "FONDO DIRIGENTI PMI",
      },
      Object {
        "ID": "1716",
        "VALUE": "FONDO FORMAZIONE PMI (FAPI)",
      },
      Object {
        "ID": "1717",
        "VALUE": "FONDOLAVORO",
      },
      Object {
        "ID": "1718",
        "VALUE": "FONDOPROFESSIONI",
      },
      Object {
        "ID": "1719",
        "VALUE": "FONSERVIZI FONDO FORMAZIONE SERVIZI PUBBLICI",
      },
      Object {
        "ID": "1720",
        "VALUE": "FONTER",
      },
      Object {
        "ID": "1721",
        "VALUE": "FORAGRI",
      },
      Object {
        "ID": "1722",
        "VALUE": "FORMAZIENDA",
      },
      Object {
        "ID": "1723",
        "VALUE": "FORTE",
      },
    ],
    "listLabel": "Fondo Interprofessionale",
    "settings": Object {
      "CAPTION_NO_VALUE": "",
      "DISPLAY": "UI",
      "LIST_HEIGHT": 1,
      "SHOW_NO_VALUE": "Y",
    },
    "title": "UF_CRM_1634910924531",
    "type": "enumeration",
  },
  "UF_CRM_1635434067": Object {
    "filterLabel": "Istruzioni per l'Amministrazione (recupero fatture)",
    "formLabel": "Istruzioni per l'Amministrazione (recupero fatture)",
    "isDynamic": true,
    "isImmutable": false,
    "isMultiple": true,
    "isReadOnly": false,
    "isRequired": false,
    "listLabel": "Istruzioni per l'Amministrazione (recupero fatture)",
    "settings": Object {
      "DEFAULT_VALUE": "",
      "MAX_LENGTH": 0,
      "MIN_LENGTH": 0,
      "REGEXP": "",
      "ROWS": 1,
      "SIZE": 20,
    },
    "title": "UF_CRM_1635434067",
    "type": "string",
  },
  "UF_CRM_1637317131": Object {
    "filterLabel": "Codice Fiscale",
    "formLabel": "Codice Fiscale",
    "isDynamic": true,
    "isImmutable": false,
    "isMultiple": false,
    "isReadOnly": false,
    "isRequired": false,
    "listLabel": "Codice Fiscale",
    "settings": Object {
      "DEFAULT_VALUE": "",
      "MAX_LENGTH": 0,
      "MIN_LENGTH": 0,
      "REGEXP": "",
      "ROWS": 1,
      "SIZE": 20,
    },
    "title": "UF_CRM_1637317131",
    "type": "string",
  },
  "UF_CRM_1638283883": Object {
    "filterLabel": "Numero dipendenti",
    "formLabel": "Numero dipendenti",
    "isDynamic": true,
    "isImmutable": false,
    "isMultiple": false,
    "isReadOnly": false,
    "isRequired": false,
    "listLabel": "Numero dipendenti",
    "settings": Object {
      "DEFAULT_VALUE": "",
      "MAX_VALUE": 0,
      "MIN_VALUE": 0,
      "SIZE": 20,
    },
    "title": "UF_CRM_1638283883",
    "type": "integer",
  },
  "UF_CRM_1638367869": Object {
    "filterLabel": "n° dipendenti (maggiore o uguale di)",
    "formLabel": "n° dipendenti (maggiore o uguale di)",
    "isDynamic": true,
    "isImmutable": false,
    "isMultiple": false,
    "isReadOnly": false,
    "isRequired": false,
    "listLabel": "n° dipendenti (maggiore o uguale di)",
    "settings": Object {
      "DEFAULT_VALUE": "",
      "MAX_VALUE": 0,
      "MIN_VALUE": 0,
      "SIZE": 20,
    },
    "title": "UF_CRM_1638367869",
    "type": "integer",
  },
  "UF_CRM_1638367978956": Object {
    "filterLabel": "Swift Code",
    "formLabel": "Swift Code",
    "isDynamic": true,
    "isImmutable": false,
    "isMultiple": false,
    "isReadOnly": false,
    "isRequired": false,
    "listLabel": "Swift Code",
    "settings": Object {
      "DEFAULT_VALUE": null,
      "MAX_LENGTH": 0,
      "MIN_LENGTH": 0,
      "REGEXP": "",
      "ROWS": 1,
      "SIZE": 20,
    },
    "title": "UF_CRM_1638367978956",
    "type": "string",
  },
  "UF_CRM_1638368011210": Object {
    "filterLabel": "Intestatario c/c",
    "formLabel": "Intestatario c/c",
    "isDynamic": true,
    "isImmutable": false,
    "isMultiple": false,
    "isReadOnly": false,
    "isRequired": false,
    "listLabel": "Intestatario c/c",
    "settings": Object {
      "DEFAULT_VALUE": null,
      "MAX_LENGTH": 0,
      "MIN_LENGTH": 0,
      "REGEXP": "",
      "ROWS": 1,
      "SIZE": 20,
    },
    "title": "UF_CRM_1638368011210",
    "type": "string",
  },
  "UF_CRM_1638368021588": Object {
    "filterLabel": "IBAN",
    "formLabel": "IBAN",
    "isDynamic": true,
    "isImmutable": false,
    "isMultiple": false,
    "isReadOnly": false,
    "isRequired": false,
    "listLabel": "IBAN",
    "settings": Object {
      "DEFAULT_VALUE": null,
      "MAX_LENGTH": 0,
      "MIN_LENGTH": 0,
      "REGEXP": "",
      "ROWS": 1,
      "SIZE": 20,
    },
    "title": "UF_CRM_1638368021588",
    "type": "string",
  },
  "UF_CRM_1644337940": Object {
    "filterLabel": "Referente Bitrix",
    "formLabel": "Referente Bitrix",
    "isDynamic": true,
    "isImmutable": false,
    "isMultiple": true,
    "isReadOnly": false,
    "isRequired": false,
    "listLabel": "Referente Bitrix",
    "settings": Array [],
    "title": "UF_CRM_1644337940",
    "type": "employee",
  },
  "UF_CRM_1644337973": Object {
    "filterLabel": "Referente Contabilità",
    "formLabel": "Referente Contabilità",
    "isDynamic": true,
    "isImmutable": false,
    "isMultiple": true,
    "isReadOnly": false,
    "isRequired": false,
    "listLabel": "Referente Contabilità",
    "settings": Array [],
    "title": "UF_CRM_1644337973",
    "type": "employee",
  },
  "UF_CRM_1644338000": Object {
    "filterLabel": "Referente IT",
    "formLabel": "Referente IT",
    "isDynamic": true,
    "isImmutable": false,
    "isMultiple": true,
    "isReadOnly": false,
    "isRequired": false,
    "listLabel": "Referente IT",
    "settings": Array [],
    "title": "UF_CRM_1644338000",
    "type": "employee",
  },
  "UF_CRM_1644338125": Object {
    "filterLabel": "Referente Finanza Agevolata",
    "formLabel": "Referente Finanza Agevolata",
    "isDynamic": true,
    "isImmutable": false,
    "isMultiple": true,
    "isReadOnly": false,
    "isRequired": false,
    "listLabel": "Referente Finanza Agevolata",
    "settings": Array [],
    "title": "UF_CRM_1644338125",
    "type": "employee",
  },
  "UF_CRM_1644338168": Object {
    "filterLabel": "Referente Operations",
    "formLabel": "Referente Operations",
    "isDynamic": true,
    "isImmutable": false,
    "isMultiple": true,
    "isReadOnly": false,
    "isRequired": false,
    "listLabel": "Referente Operations",
    "settings": Array [],
    "title": "UF_CRM_1644338168",
    "type": "employee",
  },
  "UF_CRM_1644685883718": Object {
    "filterLabel": "Totale Stato Patrimoniale",
    "formLabel": "Totale Stato Patrimoniale",
    "isDynamic": true,
    "isImmutable": false,
    "isMultiple": false,
    "isReadOnly": false,
    "isRequired": false,
    "listLabel": "Totale Stato Patrimoniale",
    "settings": Object {
      "DEFAULT_VALUE": null,
      "MAX_VALUE": 0,
      "MIN_VALUE": 0,
      "PRECISION": 2,
      "SIZE": 20,
    },
    "title": "UF_CRM_1644685883718",
    "type": "double",
  },
  "UF_CRM_1644829460": Object {
    "filterLabel": "Referente Sicurezza nei luoghi di lavoro",
    "formLabel": "Referente Sicurezza nei luoghi di lavoro",
    "isDynamic": true,
    "isImmutable": false,
    "isMultiple": true,
    "isReadOnly": false,
    "isRequired": false,
    "listLabel": "Referente Sicurezza nei luoghi di lavoro",
    "settings": Array [],
    "title": "UF_CRM_1644829460",
    "type": "employee",
  },
  "UF_CRM_1646844949": Object {
    "filterLabel": "Referente R&D",
    "formLabel": "Referente R&D",
    "isDynamic": true,
    "isImmutable": false,
    "isMultiple": false,
    "isReadOnly": false,
    "isRequired": false,
    "listLabel": "Referente R&D",
    "settings": Array [],
    "title": "UF_CRM_1646844949",
    "type": "employee",
  },
  "UF_CRM_1648540682198": Object {
    "filterLabel": "Fatturato azienda (maggiore o uguale di)",
    "formLabel": "Fatturato azienda (maggiore o uguale di)",
    "isDynamic": true,
    "isImmutable": false,
    "isMultiple": false,
    "isReadOnly": false,
    "isRequired": false,
    "listLabel": "Fatturato azienda (maggiore o uguale di)",
    "settings": Object {
      "DEFAULT_VALUE": "",
    },
    "title": "UF_CRM_1648540682198",
    "type": "money",
  },
  "UF_CRM_1651055114334": Object {
    "filterLabel": "Capitale Sociale",
    "formLabel": "Capitale Sociale",
    "isDynamic": true,
    "isImmutable": false,
    "isMultiple": false,
    "isReadOnly": false,
    "isRequired": false,
    "listLabel": "Capitale Sociale",
    "settings": Object {
      "DEFAULT_VALUE": "",
    },
    "title": "UF_CRM_1651055114334",
    "type": "money",
  },
  "UF_CRM_1651055207840": Object {
    "filterLabel": "Numero REA",
    "formLabel": "Numero REA",
    "isDynamic": true,
    "isImmutable": false,
    "isMultiple": false,
    "isReadOnly": false,
    "isRequired": false,
    "listLabel": "Numero REA",
    "settings": Object {
      "DEFAULT_VALUE": null,
      "MAX_LENGTH": 0,
      "MIN_LENGTH": 0,
      "REGEXP": "",
      "ROWS": 1,
      "SIZE": 20,
    },
    "title": "UF_CRM_1651055207840",
    "type": "string",
  },
  "UF_CRM_1651069748": Object {
    "filterLabel": "Timbro e Firma",
    "formLabel": "Timbro e Firma",
    "isDynamic": true,
    "isImmutable": false,
    "isMultiple": false,
    "isReadOnly": false,
    "isRequired": false,
    "listLabel": "Timbro e Firma",
    "settings": Object {
      "EXTENSIONS": Array [],
      "LIST_HEIGHT": 0,
      "LIST_WIDTH": 0,
      "MAX_ALLOWED_SIZE": 0,
      "MAX_SHOW_SIZE": 0,
      "SIZE": 20,
      "TARGET_BLANK": "Y",
    },
    "title": "UF_CRM_1651069748",
    "type": "file",
  },
  "UF_CRM_1651500708888": Object {
    "filterLabel": "Contratti Partnership",
    "formLabel": "Contratti Partnership",
    "isDynamic": true,
    "isImmutable": false,
    "isMultiple": true,
    "isReadOnly": false,
    "isRequired": false,
    "listLabel": "Contratti Partnership",
    "settings": Object {
      "EXTENSIONS": Array [],
      "LIST_HEIGHT": 0,
      "LIST_WIDTH": 0,
      "MAX_ALLOWED_SIZE": 0,
      "MAX_SHOW_SIZE": 0,
      "SIZE": 20,
      "TARGET_BLANK": "Y",
    },
    "title": "UF_CRM_1651500708888",
    "type": "file",
  },
  "UF_CRM_1651505484183": Object {
    "filterLabel": "Capitale Sociale Versato",
    "formLabel": "Capitale Sociale Versato",
    "isDynamic": true,
    "isImmutable": false,
    "isMultiple": false,
    "isReadOnly": false,
    "isRequired": false,
    "listLabel": "Capitale Sociale Versato",
    "settings": Object {
      "DEFAULT_VALUE": "",
    },
    "title": "UF_CRM_1651505484183",
    "type": "money",
  },
  "UF_CRM_1651505545886": Object {
    "filterLabel": "BACK_Società a Socio Unico?",
    "formLabel": "BACK_Società a Socio Unico?",
    "isDynamic": true,
    "isImmutable": false,
    "isMultiple": false,
    "isReadOnly": false,
    "isRequired": false,
    "items": Array [
      Object {
        "ID": "2381",
        "VALUE": "a socio unico",
      },
    ],
    "listLabel": "BACK_Società a Socio Unico?",
    "settings": Object {
      "CAPTION_NO_VALUE": "",
      "DISPLAY": "UI",
      "LIST_HEIGHT": 1,
      "SHOW_NO_VALUE": "Y",
    },
    "title": "UF_CRM_1651505545886",
    "type": "enumeration",
  },
  "UF_CRM_1651845302144": Object {
    "filterLabel": "Nome Banca",
    "formLabel": "Nome Banca",
    "isDynamic": true,
    "isImmutable": false,
    "isMultiple": false,
    "isReadOnly": false,
    "isRequired": false,
    "listLabel": "Nome Banca",
    "settings": Object {
      "DEFAULT_VALUE": null,
      "MAX_LENGTH": 0,
      "MIN_LENGTH": 0,
      "REGEXP": "",
      "ROWS": 1,
      "SIZE": 20,
    },
    "title": "UF_CRM_1651845302144",
    "type": "string",
  },
  "UF_CRM_1654505441": Object {
    "filterLabel": "Legale Rappresentante",
    "formLabel": "Legale Rappresentante",
    "isDynamic": true,
    "isImmutable": false,
    "isMultiple": false,
    "isReadOnly": false,
    "isRequired": false,
    "listLabel": "Legale Rappresentante",
    "settings": Object {
      "CONTACT": "Y",
      "LEAD": null,
    },
    "title": "UF_CRM_1654505441",
    "type": "crm",
  },
  "UF_CRM_1663321814011": Object {
    "filterLabel": "Forma giuridica",
    "formLabel": "Forma giuridica",
    "isDynamic": true,
    "isImmutable": false,
    "isMultiple": false,
    "isReadOnly": false,
    "isRequired": false,
    "listLabel": "Forma giuridica",
    "settings": Object {
      "DEFAULT_VALUE": null,
      "MAX_LENGTH": 0,
      "MIN_LENGTH": 0,
      "REGEXP": "",
      "ROWS": 1,
      "SIZE": 20,
    },
    "title": "UF_CRM_1663321814011",
    "type": "string",
  },
  "UF_CRM_1663321939947": Object {
    "filterLabel": "Anno fondazione",
    "formLabel": "Anno fondazione",
    "isDynamic": true,
    "isImmutable": false,
    "isMultiple": false,
    "isReadOnly": false,
    "isRequired": false,
    "listLabel": "Anno fondazione",
    "settings": Object {
      "DEFAULT_VALUE": null,
      "MAX_LENGTH": 0,
      "MIN_LENGTH": 0,
      "REGEXP": "",
      "ROWS": 1,
      "SIZE": 20,
    },
    "title": "UF_CRM_1663321939947",
    "type": "string",
  },
  "UF_CRM_1682599782519": Object {
    "filterLabel": "Origine",
    "formLabel": "Origine",
    "isDynamic": true,
    "isImmutable": false,
    "isMultiple": false,
    "isReadOnly": false,
    "isRequired": false,
    "items": Array [
      Object {
        "ID": "2918",
        "VALUE": "Via di Tempagnano",
      },
    ],
    "listLabel": "Origine",
    "settings": Object {
      "CAPTION_NO_VALUE": "",
      "DISPLAY": "UI",
      "LIST_HEIGHT": 1,
      "SHOW_NO_VALUE": "Y",
    },
    "title": "UF_CRM_1682599782519",
    "type": "enumeration",
  },
  "UF_CRM_1699265635491": Object {
    "filterLabel": "Nuovo file",
    "formLabel": "Nuovo file",
    "isDynamic": true,
    "isImmutable": false,
    "isMultiple": false,
    "isReadOnly": false,
    "isRequired": false,
    "listLabel": "Nuovo file",
    "settings": Object {
      "EXTENSIONS": Array [],
      "LIST_HEIGHT": 0,
      "LIST_WIDTH": 0,
      "MAX_ALLOWED_SIZE": 0,
      "MAX_SHOW_SIZE": 0,
      "SIZE": 20,
      "TARGET_BLANK": "Y",
    },
    "title": "UF_CRM_1699265635491",
    "type": "file",
  },
  "UF_CRM_607443D7F1996": Object {
    "filterLabel": "Zoom Link",
    "formLabel": "Zoom Link",
    "isDynamic": true,
    "isImmutable": false,
    "isMultiple": false,
    "isReadOnly": false,
    "isRequired": false,
    "listLabel": "Zoom Link",
    "settings": Object {
      "DEFAULT_VALUE": "",
      "MAX_LENGTH": 0,
      "MIN_LENGTH": 0,
      "REGEXP": "",
      "ROWS": 1,
      "SIZE": 20,
    },
    "title": "UF_CRM_607443D7F1996",
    "type": "string",
  },
  "UF_CRM_607443D828517": Object {
    "filterLabel": "Zoom date/time",
    "formLabel": "Zoom date/time",
    "isDynamic": true,
    "isImmutable": false,
    "isMultiple": false,
    "isReadOnly": false,
    "isRequired": false,
    "listLabel": "Zoom date/time",
    "settings": Object {
      "DEFAULT_VALUE": "",
      "MAX_LENGTH": 0,
      "MIN_LENGTH": 0,
      "REGEXP": "",
      "ROWS": 1,
      "SIZE": 20,
    },
    "title": "UF_CRM_607443D828517",
    "type": "string",
  },
  "UF_CRM_6074530252C30": Object {
    "filterLabel": "DA_ELIMINARE_Aree di Interesse",
    "formLabel": "DA_ELIMINARE_Aree di Interesse",
    "isDynamic": true,
    "isImmutable": false,
    "isMultiple": true,
    "isReadOnly": false,
    "isRequired": false,
    "items": Array [
      Object {
        "ID": "2283",
        "VALUE": "Professional Services",
      },
      Object {
        "ID": "1286",
        "VALUE": "Finanza Agevolata",
      },
      Object {
        "ID": "1981",
        "VALUE": "Studio Turri",
      },
      Object {
        "ID": "1290",
        "VALUE": "Bitrix",
      },
      Object {
        "ID": "1869",
        "VALUE": "Aksilia Suite",
      },
      Object {
        "ID": "1273",
        "VALUE": "Altro",
      },
      Object {
        "ID": "1275",
        "VALUE": "GDPR",
      },
      Object {
        "ID": "1694",
        "VALUE": "ISO27001",
      },
      Object {
        "ID": "1695",
        "VALUE": "ISO9001",
      },
      Object {
        "ID": "1696",
        "VALUE": "231",
      },
      Object {
        "ID": "1697",
        "VALUE": "Sicurezza sui Luoghi di Lavoro",
      },
      Object {
        "ID": "1703",
        "VALUE": "HR",
      },
      Object {
        "ID": "1980",
        "VALUE": "IT",
      },
      Object {
        "ID": "1994",
        "VALUE": "ESG",
      },
    ],
    "listLabel": "DA_ELIMINARE_Aree di Interesse",
    "settings": Object {
      "CAPTION_NO_VALUE": "",
      "DISPLAY": "UI",
      "LIST_HEIGHT": 1,
      "SHOW_NO_VALUE": "Y",
    },
    "title": "UF_CRM_6074530252C30",
    "type": "enumeration",
  },
  "UF_CRM_60B0ABA3B3353": Object {
    "filterLabel": "Disponibile per newsletter",
    "formLabel": "Disponibile per newsletter",
    "isDynamic": true,
    "isImmutable": false,
    "isMultiple": false,
    "isReadOnly": false,
    "isRequired": false,
    "listLabel": "Disponibile per newsletter",
    "settings": Object {
      "DEFAULT_VALUE": 0,
      "DISPLAY": "CHECKBOX",
      "LABEL": Array [
        null,
        null,
      ],
      "LABEL_CHECKBOX": "Disponibile per newsletter",
    },
    "title": "UF_CRM_60B0ABA3B3353",
    "type": "boolean",
  },
  "UF_CRM_60B0ABA3D1F43": Object {
    "filterLabel": "Segnalatore",
    "formLabel": "Segnalatore",
    "isDynamic": true,
    "isImmutable": false,
    "isMultiple": false,
    "isReadOnly": false,
    "isRequired": false,
    "items": Array [],
    "listLabel": "Segnalatore",
    "settings": Object {
      "CAPTION_NO_VALUE": "",
      "DISPLAY": "LIST",
      "LIST_HEIGHT": 1,
      "SHOW_NO_VALUE": "Y",
    },
    "title": "UF_CRM_60B0ABA3D1F43",
    "type": "enumeration",
  },
  "UF_CRM_618900D26F69F": Object {
    "filterLabel": "Sede (Città)",
    "formLabel": "Sede (Città)",
    "isDynamic": true,
    "isImmutable": false,
    "isMultiple": false,
    "isReadOnly": false,
    "isRequired": false,
    "listLabel": "Sede (Città)",
    "settings": Object {
      "DEFAULT_VALUE": "",
      "MAX_LENGTH": 0,
      "MIN_LENGTH": 0,
      "REGEXP": "",
      "ROWS": 1,
      "SIZE": 20,
    },
    "title": "UF_CRM_618900D26F69F",
    "type": "string",
  },
  "UF_CRM_618900D2AA8CB": Object {
    "filterLabel": "BACK_Telefono",
    "formLabel": "BACK_Telefono",
    "isDynamic": true,
    "isImmutable": false,
    "isMultiple": false,
    "isReadOnly": false,
    "isRequired": false,
    "listLabel": "BACK_Telefono",
    "settings": Object {
      "DEFAULT_VALUE": "",
      "MAX_LENGTH": 0,
      "MIN_LENGTH": 0,
      "REGEXP": "",
      "ROWS": 1,
      "SIZE": 20,
    },
    "title": "UF_CRM_618900D2AA8CB",
    "type": "string",
  },
  "UF_CRM_619FC4D26EC4C": Object {
    "filterLabel": "Codice Identificativo",
    "formLabel": "Codice Identificativo",
    "isDynamic": true,
    "isImmutable": false,
    "isMultiple": false,
    "isReadOnly": false,
    "isRequired": false,
    "listLabel": "Codice Identificativo",
    "settings": Object {
      "DEFAULT_VALUE": "",
      "MAX_LENGTH": 0,
      "MIN_LENGTH": 0,
      "REGEXP": "",
      "ROWS": 1,
      "SIZE": 20,
    },
    "title": "UF_CRM_619FC4D26EC4C",
    "type": "string",
  },
  "UF_CRM_61E54C577978F": Object {
    "filterLabel": "Agente",
    "formLabel": "Agente",
    "isDynamic": true,
    "isImmutable": false,
    "isMultiple": false,
    "isReadOnly": false,
    "isRequired": false,
    "listLabel": "Agente",
    "settings": Object {
      "CONTACT": "Y",
    },
    "title": "UF_CRM_61E54C577978F",
    "type": "crm",
  },
  "UF_CRM_61E54C57A9D10": Object {
    "filterLabel": "Segnalatore",
    "formLabel": "Segnalatore",
    "isDynamic": true,
    "isImmutable": false,
    "isMultiple": false,
    "isReadOnly": false,
    "isRequired": false,
    "listLabel": "Segnalatore",
    "settings": Object {
      "CONTACT": "Y",
    },
    "title": "UF_CRM_61E54C57A9D10",
    "type": "crm",
  },
  "UF_CRM_61E54C57E1F8F": Object {
    "filterLabel": "Origine",
    "formLabel": "Origine",
    "isDynamic": true,
    "isImmutable": false,
    "isMultiple": false,
    "isReadOnly": false,
    "isRequired": false,
    "items": Array [
      Object {
        "ID": "1947",
        "VALUE": "Web",
      },
      Object {
        "ID": "1948",
        "VALUE": "Passaparola",
      },
      Object {
        "ID": "1949",
        "VALUE": "Interna",
      },
      Object {
        "ID": "2897",
        "VALUE": "Partner Sole 24 Ore",
      },
      Object {
        "ID": "2900",
        "VALUE": "Assoreti",
      },
      Object {
        "ID": "2910",
        "VALUE": "Gruppo Privacy CNDCEC",
      },
      Object {
        "ID": "2922",
        "VALUE": "Innovation Day",
      },
      Object {
        "ID": "2951",
        "VALUE": "Dynamo Camp",
      },
      Object {
        "ID": "2952",
        "VALUE": "Prisma Prato",
      },
      Object {
        "ID": "2984",
        "VALUE": "Fiera SPS Parma 2023",
      },
      Object {
        "ID": "2989",
        "VALUE": "Soggetti accreditati alla formazione regione Toscana",
      },
      Object {
        "ID": "3000",
        "VALUE": "Incontro Sole 24 Padova",
      },
      Object {
        "ID": "3240",
        "VALUE": "Fiera ECOMONDO 2023",
      },
    ],
    "listLabel": "Origine",
    "settings": Object {
      "CAPTION_NO_VALUE": "",
      "DISPLAY": "UI",
      "LIST_HEIGHT": 1,
      "SHOW_NO_VALUE": "Y",
    },
    "title": "UF_CRM_61E54C57E1F8F",
    "type": "enumeration",
  },
  "UF_CRM_62208457C3D3B": Object {
    "filterLabel": "Formula Apertura",
    "formLabel": "Formula Apertura",
    "isDynamic": true,
    "isImmutable": false,
    "isMultiple": false,
    "isReadOnly": false,
    "isRequired": false,
    "listLabel": "Formula Apertura",
    "settings": Object {
      "DEFAULT_VALUE": "",
      "MAX_LENGTH": 0,
      "MIN_LENGTH": 0,
      "REGEXP": "",
      "ROWS": 1,
      "SIZE": 20,
    },
    "title": "UF_CRM_62208457C3D3B",
    "type": "string",
  },
  "UF_CRM_624328197E742": Object {
    "filterLabel": "Azienda in target?",
    "formLabel": "Azienda in target?",
    "isDynamic": true,
    "isImmutable": false,
    "isMultiple": false,
    "isReadOnly": false,
    "isRequired": false,
    "items": Array [
      Object {
        "ID": "2079",
        "VALUE": "Sì",
      },
      Object {
        "ID": "2080",
        "VALUE": "No",
      },
    ],
    "listLabel": "Azienda in target?",
    "settings": Object {
      "CAPTION_NO_VALUE": "",
      "DISPLAY": "LIST",
      "LIST_HEIGHT": 5,
      "SHOW_NO_VALUE": "Y",
    },
    "title": "UF_CRM_624328197E742",
    "type": "enumeration",
  },
  "UF_CRM_63087EB0BEA18": Object {
    "filterLabel": "Settore",
    "formLabel": "Settore",
    "isDynamic": true,
    "isImmutable": false,
    "isMultiple": true,
    "isReadOnly": false,
    "isRequired": false,
    "items": Array [
      Object {
        "ID": "2665",
        "VALUE": "Healthcare",
      },
      Object {
        "ID": "2666",
        "VALUE": "Telecomunicazioni",
      },
      Object {
        "ID": "2667",
        "VALUE": "Industria Sanitaria",
      },
      Object {
        "ID": "2668",
        "VALUE": "Energia",
      },
      Object {
        "ID": "2669",
        "VALUE": "Banche e Servizi Finanziari",
      },
      Object {
        "ID": "2670",
        "VALUE": "Farmaceutica",
      },
      Object {
        "ID": "2671",
        "VALUE": "Agricoltura",
      },
      Object {
        "ID": "2672",
        "VALUE": "Società di consulenza",
      },
      Object {
        "ID": "2673",
        "VALUE": "Manifattura",
      },
      Object {
        "ID": "2674",
        "VALUE": "Automotive",
      },
      Object {
        "ID": "2675",
        "VALUE": "Trasporti",
      },
      Object {
        "ID": "2676",
        "VALUE": "Commercialisti",
      },
      Object {
        "ID": "2677",
        "VALUE": "Studi Legali",
      },
      Object {
        "ID": "2678",
        "VALUE": "Turismo",
      },
      Object {
        "ID": "3239",
        "VALUE": "Industria",
      },
    ],
    "listLabel": "Settore",
    "settings": Object {
      "CAPTION_NO_VALUE": "",
      "DISPLAY": "UI",
      "LIST_HEIGHT": 1,
      "SHOW_NO_VALUE": "Y",
    },
    "title": "UF_CRM_63087EB0BEA18",
    "type": "enumeration",
  },
  "UF_CRM_63341EBA07B21": Object {
    "filterLabel": "Resta aggiornato sulle ultime novità",
    "formLabel": "Resta aggiornato sulle ultime novità",
    "isDynamic": true,
    "isImmutable": false,
    "isMultiple": false,
    "isReadOnly": false,
    "isRequired": false,
    "listLabel": "Resta aggiornato sulle ultime novità",
    "settings": Object {
      "DEFAULT_VALUE": 0,
      "DISPLAY": "CHECKBOX",
      "LABEL": Array [
        null,
        null,
      ],
      "LABEL_CHECKBOX": "Resta aggiornato sulle ultime novità",
    },
    "title": "UF_CRM_63341EBA07B21",
    "type": "boolean",
  },
  "UF_CRM_633ED410B8703": Object {
    "filterLabel": "Progressivo (per fare segmenti)",
    "formLabel": "Progressivo (per fare segmenti)",
    "isDynamic": true,
    "isImmutable": false,
    "isMultiple": false,
    "isReadOnly": false,
    "isRequired": false,
    "listLabel": "Progressivo (per fare segmenti)",
    "settings": Object {
      "DEFAULT_VALUE": null,
      "MAX_VALUE": 0,
      "MIN_VALUE": 0,
      "SIZE": 20,
    },
    "title": "UF_CRM_633ED410B8703",
    "type": "integer",
  },
  "UF_CRM_63F8EE882B0B3": Object {
    "filterLabel": "prova_api",
    "formLabel": "prova_api",
    "isDynamic": true,
    "isImmutable": false,
    "isMultiple": false,
    "isReadOnly": false,
    "isRequired": false,
    "listLabel": "prova_api",
    "settings": Object {
      "DEFAULT_VALUE": null,
      "MAX_LENGTH": 0,
      "MIN_LENGTH": 0,
      "REGEXP": "",
      "ROWS": 1,
      "SIZE": 20,
    },
    "title": "UF_CRM_63F8EE882B0B3",
    "type": "string",
  },
  "UF_CRM_646B1AAB45621": Object {
    "filterLabel": "Origine (campo vero)",
    "formLabel": "Origine (campo vero)",
    "isDynamic": true,
    "isImmutable": false,
    "isMultiple": false,
    "isReadOnly": false,
    "isRequired": false,
    "items": Array [
      Object {
        "ID": "2962",
        "VALUE": "Web",
      },
      Object {
        "ID": "2963",
        "VALUE": "Sito Aksilia Group",
      },
      Object {
        "ID": "2964",
        "VALUE": "Sito Aksilia Suite",
      },
      Object {
        "ID": "2965",
        "VALUE": "Landing Page - PMI",
      },
      Object {
        "ID": "2966",
        "VALUE": "Landing Page - Finanza Agevolata",
      },
      Object {
        "ID": "2967",
        "VALUE": "Landing Page - ESG 1",
      },
      Object {
        "ID": "2968",
        "VALUE": "Landing Page - ESG 2",
      },
      Object {
        "ID": "2969",
        "VALUE": "Landing Page - Whistle Blowing",
      },
      Object {
        "ID": "2970",
        "VALUE": "Landing Page - Finanza Agevolata Contributi",
      },
      Object {
        "ID": "2971",
        "VALUE": "Aksilia Contattaci - Blog",
      },
      Object {
        "ID": "2972",
        "VALUE": "Landing Page - PNRR Digitalizzazione",
      },
      Object {
        "ID": "3241",
        "VALUE": "Fiera ECOMONDO 2023",
      },
    ],
    "listLabel": "Origine (campo vero)",
    "settings": Object {
      "CAPTION_NO_VALUE": "",
      "DISPLAY": "UI",
      "LIST_HEIGHT": 1,
      "SHOW_NO_VALUE": "Y",
    },
    "title": "UF_CRM_646B1AAB45621",
    "type": "enumeration",
  },
  "UF_CRM_64ECA31822961": Object {
    "filterLabel": "Area di interesse (puoi selezionarne più di una)",
    "formLabel": "Area di interesse (puoi selezionarne più di una)",
    "isDynamic": true,
    "isImmutable": false,
    "isMultiple": true,
    "isReadOnly": false,
    "isRequired": false,
    "items": Array [
      Object {
        "ID": "3140",
        "VALUE": "Aksilia Suite",
      },
      Object {
        "ID": "3141",
        "VALUE": "Bitrix",
      },
      Object {
        "ID": "3142",
        "VALUE": "Professional Services",
      },
      Object {
        "ID": "3143",
        "VALUE": "Finanza agevolata",
      },
      Object {
        "ID": "3144",
        "VALUE": "IT",
      },
      Object {
        "ID": "3145",
        "VALUE": "Studio Turri",
      },
    ],
    "listLabel": "Area di interesse (puoi selezionarne più di una)",
    "settings": Object {
      "CAPTION_NO_VALUE": "",
      "DISPLAY": "UI",
      "LIST_HEIGHT": 1,
      "SHOW_NO_VALUE": "Y",
    },
    "title": "UF_CRM_64ECA31822961",
    "type": "enumeration",
  },
  "UF_CRM_64F592D863C45": Object {
    "filterLabel": "Di cosa si occupa l'azienda?",
    "formLabel": "Di cosa si occupa l'azienda?",
    "isDynamic": true,
    "isImmutable": false,
    "isMultiple": false,
    "isReadOnly": false,
    "isRequired": false,
    "listLabel": "Di cosa si occupa l'azienda?",
    "settings": Object {
      "DEFAULT_VALUE": null,
      "MAX_LENGTH": 0,
      "MIN_LENGTH": 0,
      "REGEXP": "",
      "ROWS": 1,
      "SIZE": 20,
    },
    "title": "UF_CRM_64F592D863C45",
    "type": "string",
  },
  "UF_CRM_64F592D886B85": Object {
    "filterLabel": "Sono stati fatti degli investimenti?",
    "formLabel": "Sono stati fatti degli investimenti?",
    "isDynamic": true,
    "isImmutable": false,
    "isMultiple": false,
    "isReadOnly": false,
    "isRequired": false,
    "listLabel": "Sono stati fatti degli investimenti?",
    "settings": Object {
      "DEFAULT_VALUE": null,
      "MAX_LENGTH": 0,
      "MIN_LENGTH": 0,
      "REGEXP": "",
      "ROWS": 1,
      "SIZE": 20,
    },
    "title": "UF_CRM_64F592D886B85",
    "type": "string",
  },
  "UF_CRM_64F592D8A9E66": Object {
    "filterLabel": "Sede legale",
    "formLabel": "Sede legale",
    "isDynamic": true,
    "isImmutable": false,
    "isMultiple": false,
    "isReadOnly": false,
    "isRequired": false,
    "listLabel": "Sede legale",
    "settings": Object {
      "DEFAULT_VALUE": null,
      "MAX_LENGTH": 0,
      "MIN_LENGTH": 0,
      "REGEXP": "",
      "ROWS": 1,
      "SIZE": 20,
    },
    "title": "UF_CRM_64F592D8A9E66",
    "type": "string",
  },
  "UF_CRM_64F592D8C8F18": Object {
    "filterLabel": "Sedi secondarie",
    "formLabel": "Sedi secondarie",
    "isDynamic": true,
    "isImmutable": false,
    "isMultiple": false,
    "isReadOnly": false,
    "isRequired": false,
    "listLabel": "Sedi secondarie",
    "settings": Object {
      "DEFAULT_VALUE": null,
      "MAX_LENGTH": 0,
      "MIN_LENGTH": 0,
      "REGEXP": "",
      "ROWS": 1,
      "SIZE": 20,
    },
    "title": "UF_CRM_64F592D8C8F18",
    "type": "string",
  },
  "UF_CRM_64F592D8E7B9F": Object {
    "filterLabel": "Se si, di che tipo?",
    "formLabel": "Se si, di che tipo?",
    "isDynamic": true,
    "isImmutable": false,
    "isMultiple": false,
    "isReadOnly": false,
    "isRequired": false,
    "listLabel": "Se si, di che tipo?",
    "settings": Object {
      "DEFAULT_VALUE": null,
      "MAX_LENGTH": 0,
      "MIN_LENGTH": 0,
      "REGEXP": "",
      "ROWS": 1,
      "SIZE": 20,
    },
    "title": "UF_CRM_64F592D8E7B9F",
    "type": "string",
  },
  "UF_CRM_64F592D913948": Object {
    "filterLabel": "Conoscete la finanza agevolata?",
    "formLabel": "Conoscete la finanza agevolata?",
    "isDynamic": true,
    "isImmutable": false,
    "isMultiple": false,
    "isReadOnly": false,
    "isRequired": false,
    "listLabel": "Conoscete la finanza agevolata?",
    "settings": Object {
      "DEFAULT_VALUE": null,
      "MAX_LENGTH": 0,
      "MIN_LENGTH": 0,
      "REGEXP": "",
      "ROWS": 1,
      "SIZE": 20,
    },
    "title": "UF_CRM_64F592D913948",
    "type": "string",
  },
  "UF_CRM_64F592D933CF5": Object {
    "filterLabel": "Avete già ottenuto altri contributi?",
    "formLabel": "Avete già ottenuto altri contributi?",
    "isDynamic": true,
    "isImmutable": false,
    "isMultiple": false,
    "isReadOnly": false,
    "isRequired": false,
    "listLabel": "Avete già ottenuto altri contributi?",
    "settings": Object {
      "DEFAULT_VALUE": null,
      "MAX_LENGTH": 0,
      "MIN_LENGTH": 0,
      "REGEXP": "",
      "ROWS": 1,
      "SIZE": 20,
    },
    "title": "UF_CRM_64F592D933CF5",
    "type": "string",
  },
  "UF_CRM_6501640809BB3": Object {
    "filterLabel": "Intestazione",
    "formLabel": "Intestazione",
    "isDynamic": true,
    "isImmutable": false,
    "isMultiple": false,
    "isReadOnly": false,
    "isRequired": false,
    "items": Array [
      Object {
        "ID": "3170",
        "VALUE": "Sig.",
      },
      Object {
        "ID": "3171",
        "VALUE": "Sig.ra",
      },
      Object {
        "ID": "3172",
        "VALUE": "Dott.",
      },
      Object {
        "ID": "3173",
        "VALUE": "Dott.ssa",
      },
      Object {
        "ID": "3174",
        "VALUE": "Gentile Sig.",
      },
      Object {
        "ID": "3175",
        "VALUE": "Gentile Sig.ra",
      },
    ],
    "listLabel": "Intestazione",
    "settings": Object {
      "CAPTION_NO_VALUE": "",
      "DISPLAY": "UI",
      "LIST_HEIGHT": 1,
      "SHOW_NO_VALUE": "Y",
    },
    "title": "UF_CRM_6501640809BB3",
    "type": "enumeration",
  },
  "UF_CRM_655F2F318ED61": Object {
    "filterLabel": "Scheda azienda",
    "formLabel": "Scheda azienda",
    "isDynamic": true,
    "isImmutable": false,
    "isMultiple": false,
    "isReadOnly": false,
    "isRequired": false,
    "listLabel": "Scheda azienda",
    "settings": Object {
      "EXTENSIONS": Array [],
      "LIST_HEIGHT": 0,
      "LIST_WIDTH": 0,
      "MAX_ALLOWED_SIZE": 0,
      "MAX_SHOW_SIZE": 0,
      "SIZE": 20,
      "TARGET_BLANK": "Y",
    },
    "title": "UF_CRM_655F2F318ED61",
    "type": "file",
  },
  "UF_CRM_655F2F31B15CC": Object {
    "filterLabel": "Inserito a mano",
    "formLabel": "Inserito a mano",
    "isDynamic": true,
    "isImmutable": false,
    "isMultiple": false,
    "isReadOnly": false,
    "isRequired": false,
    "listLabel": "Inserito a mano",
    "settings": Object {
      "DEFAULT_VALUE": 0,
      "DISPLAY": "CHECKBOX",
      "LABEL": Array [
        "",
        "",
      ],
      "LABEL_CHECKBOX": "Inserito a mano",
    },
    "title": "UF_CRM_655F2F31B15CC",
    "type": "boolean",
  },
  "UTM_CAMPAIGN": Object {
    "isDynamic": false,
    "isImmutable": false,
    "isMultiple": false,
    "isReadOnly": false,
    "isRequired": false,
    "title": "UTM campagna pubblicitaria",
    "type": "string",
  },
  "UTM_CONTENT": Object {
    "isDynamic": false,
    "isImmutable": false,
    "isMultiple": false,
    "isReadOnly": false,
    "isRequired": false,
    "title": "Contenuti campagna",
    "type": "string",
  },
  "UTM_MEDIUM": Object {
    "isDynamic": false,
    "isImmutable": false,
    "isMultiple": false,
    "isReadOnly": false,
    "isRequired": false,
    "title": "Medio",
    "type": "string",
  },
  "UTM_SOURCE": Object {
    "isDynamic": false,
    "isImmutable": false,
    "isMultiple": false,
    "isReadOnly": false,
    "isRequired": false,
    "title": "Sistema pubblicitario",
    "type": "string",
  },
  "UTM_TERM": Object {
    "isDynamic": false,
    "isImmutable": false,
    "isMultiple": false,
    "isReadOnly": false,
    "isRequired": false,
    "title": "Termine di ricerca campagna",
    "type": "string",
  },
  "WEB": Object {
    "isDynamic": false,
    "isImmutable": false,
    "isMultiple": true,
    "isReadOnly": false,
    "isRequired": false,
    "title": "Sito web",
    "type": "crm_multifield",
  },
}
`;
